3720089 tgkill(3720077, 3720090, SIGURG) = 0
3720089 tgkill(3720077, 3720090, SIGURG) = 0
3720206 tgkill(3720205, 3720211, SIGURG) = 0
3720247 tgkill(3720246, 3720254, SIGURG) = 0
3720089 tgkill(3720077, 3720090, SIGURG) = 0
3720248 tgkill(3720246, 3720254, SIGURG) = 0
3720250 tgkill(3720246, 3720248, SIGURG) = 0
3720250 tgkill(3720246, 3720248, SIGURG) = 0
3720250 tgkill(3720246, 3720248, SIGURG) = 0
3720206 tgkill(3720205, 3720211, SIGURG) = 0
3720089 tgkill(3720077, 3720090, SIGURG) = 0
3720089 tgkill(3720077, 3720090, SIGURG) = 0
3720247 tgkill(3720246, 3720248, SIGURG) = 0
3720206 tgkill(3720205, 3720211, SIGURG) = 0
3720089 tgkill(3720077, 3720090, SIGURG) = 0
3720089 tgkill(3720077, 3720090, SIGURG) = 0
3720206 tgkill(3720205, 3720211, SIGURG) = 0
3720089 tgkill(3720077, 3720090, SIGURG) = 0
3720206 tgkill(3720205, 3720211, SIGURG) = 0
3720206 tgkill(3720205, 3720211, SIGURG) = 0
3720089 tgkill(3720077, 3720090, SIGURG) = 0
3720206 tgkill(3720205, 3720211, SIGURG) = 0
3720229 tgkill(3720227, 3720231, SIGURG) = 0
3720238 tgkill(3720237, 3720240, SIGURG) = 0
3720229 tgkill(3720227, 3720231, SIGURG) = 0
3720238 tgkill(3720237, 3720240, SIGURG <unfinished ...>
3720229 tgkill(3720227, 3720231, SIGURG) = 0
3720238 <... tgkill resumed>)           = 0
3720229 tgkill(3720227, 3720231, SIGURG) = 0
3720089 tgkill(3720077, 3720090, SIGURG) = 0
3720238 tgkill(3720237, 3720240, SIGURG) = 0
3720206 tgkill(3720205, 3720211, SIGURG) = 0
3720089 tgkill(3720077, 3720090, SIGURG) = 0
3720238 tgkill(3720237, 3720240, SIGURG) = 0
3720229 tgkill(3720227, 3720231, SIGURG) = 0
3720229 tgkill(3720227, 3720231, SIGURG) = 0
3720229 tgkill(3720227, 3720231, SIGURG) = 0
3720229 tgkill(3720227, 3720231, SIGURG) = 0
3720206 tgkill(3720205, 3720211, SIGURG) = 0
3720089 tgkill(3720077, 3720090, SIGURG) = 0
3720206 tgkill(3720205, 3720211, SIGURG) = 0
3720206 tgkill(3720205, 3720211, SIGURG) = 0
3720089 tgkill(3720077, 3720090, SIGURG) = 0
3720089 tgkill(3720077, 3720090, SIGURG) = 0
3720206 tgkill(3720205, 3720211, SIGURG) = 0
3720089 tgkill(3720077, 3720090, SIGURG) = 0
3720089 tgkill(3720077, 3720090, SIGURG) = 0
3720206 tgkill(3720205, 3720211, SIGURG) = 0
3720089 tgkill(3720077, 3720090, SIGURG) = 0
3720206 tgkill(3720205, 3720211, SIGURG <unfinished ...>
3720089 tgkill(3720077, 3720090, SIGURG <unfinished ...>
3720206 <... tgkill resumed>)           = 0
3720089 <... tgkill resumed>)           = 0
3720247 tgkill(3720246, 3720254, SIGURG) = 0
3720206 tgkill(3720205, 3720211, SIGURG) = 0
3720089 tgkill(3720077, 3720090, SIGURG) = 0
3720247 tgkill(3720246, 3720254, SIGURG) = 0
3720247 tgkill(3720246, 3720254, SIGURG) = 0
3720238 tgkill(3720237, 3720240, SIGURG) = 0
3720229 tgkill(3720227, 3720231, SIGURG) = 0
3720229 tgkill(3720227, 3720231, SIGURG) = 0
3720229 tgkill(3720227, 3720231, SIGURG) = 0
3720229 tgkill(3720227, 3720231, SIGURG) = 0
3720229 tgkill(3720227, 3720231, SIGURG) = 0
3720229 tgkill(3720227, 3720231, SIGURG) = 0
3720229 tgkill(3720227, 3720231, SIGURG) = 0
3720238 tgkill(3720237, 3720240, SIGURG) = 0
3720229 tgkill(3720227, 3720231, SIGURG) = 0
3720229 tgkill(3720227, 3720231, SIGURG) = 0
3720089 tgkill(3720077, 3720090, SIGURG) = 0
3720247 tgkill(3720246, 3720254, SIGURG) = 0
3720247 tgkill(3720246, 3720254, SIGURG <unfinished ...>
3720206 tgkill(3720205, 3720211, SIGURG <unfinished ...>
3720247 <... tgkill resumed>)           = 0
3720206 <... tgkill resumed>)           = 0
3720238 tgkill(3720237, 3720240, SIGURG) = 0
3720206 tgkill(3720205, 3720211, SIGURG) = 0
3720247 tgkill(3720246, 3720254, SIGURG) = 0
3720206 tgkill(3720205, 3720211, SIGURG) = 0
3720247 tgkill(3720246, 3720254, SIGURG) = 0
3720206 tgkill(3720205, 3720211, SIGURG) = 0
3720089 tgkill(3720077, 3720090, SIGURG) = 0
3720089 tgkill(3720077, 3720090, SIGURG) = 0
3720089 tgkill(3720077, 3720090, SIGURG) = 0
3720247 tgkill(3720246, 3720254, SIGURG) = 0
3720089 tgkill(3720077, 3720090, SIGURG) = 0
3720206 tgkill(3720205, 3720211, SIGURG) = 0
3720089 tgkill(3720077, 3720090, SIGURG) = 0
3720206 tgkill(3720205, 3720211, SIGURG) = 0
3720206 tgkill(3720205, 3720211, SIGURG) = 0
3720247 tgkill(3720246, 3720254, SIGURG) = 0
3720206 tgkill(3720205, 3720211, SIGURG) = 0
3720206 tgkill(3720205, 3720211, SIGURG) = 0
3720089 tgkill(3720077, 3720090, SIGURG) = 0
3720247 tgkill(3720246, 3720254, SIGURG) = 0
3720089 tgkill(3720077, 3720090, SIGURG) = 0
3720247 tgkill(3720246, 3720254, SIGURG) = 0
3720089 tgkill(3720077, 3720090, SIGURG) = 0
3720247 tgkill(3720246, 3720254, SIGURG) = 0
3720089 tgkill(3720077, 3720090, SIGURG) = 0
3720247 tgkill(3720246, 3720254, SIGURG) = 0
3720247 tgkill(3720246, 3720254, SIGURG) = 0
3720089 tgkill(3720077, 3720090, SIGURG) = 0
3720229 tgkill(3720227, 3720231, SIGURG) = 0
3720229 tgkill(3720227, 3720231, SIGURG <unfinished ...>
3720238 tgkill(3720237, 3720240, SIGURG <unfinished ...>
3720229 <... tgkill resumed>)           = 0
3720238 <... tgkill resumed>)           = 0
3720206 tgkill(3720205, 3720211, SIGURG) = 0
3720238 tgkill(3720237, 3720240, SIGURG) = 0
3720238 tgkill(3720237, 3720240, SIGURG <unfinished ...>
3720229 tgkill(3720227, 3720231, SIGURG <unfinished ...>
3720238 <... tgkill resumed>)           = 0
3720229 <... tgkill resumed>)           = 0
3720238 tgkill(3720237, 3720240, SIGURG) = 0
3720238 tgkill(3720237, 3720240, SIGURG) = 0
3720089 tgkill(3720077, 3720090, SIGURG) = 0
3720247 tgkill(3720246, 3720254, SIGURG) = 0
3720247 tgkill(3720246, 3720254, SIGURG) = 0
3720247 tgkill(3720246, 3720254, SIGURG) = 0
3720206 tgkill(3720205, 3720211, SIGURG) = 0
3720247 tgkill(3720246, 3720254, SIGURG) = 0
3720229 tgkill(3720227, 3720231, SIGURG) = 0
3720238 tgkill(3720237, 3720240, SIGURG) = 0
3720247 tgkill(3720246, 3720254, SIGURG) = 0
3720206 tgkill(3720205, 3720211, SIGURG) = 0
3720089 tgkill(3720077, 3720090, SIGURG) = 0
3720247 tgkill(3720246, 3720254, SIGURG) = 0
3720089 tgkill(3720077, 3720090, SIGURG) = 0
3720089 tgkill(3720077, 3720090, SIGURG) = 0
3720247 tgkill(3720246, 3720254, SIGURG) = 0
3720247 tgkill(3720246, 3720254, SIGURG) = 0
3720089 tgkill(3720077, 3720090, SIGURG) = 0
3720247 tgkill(3720246, 3720254, SIGURG) = 0
3720089 tgkill(3720077, 3720090, SIGURG) = 0
3720247 tgkill(3720246, 3720254, SIGURG) = 0
3720089 tgkill(3720077, 3720090, SIGURG) = 0
3720247 tgkill(3720246, 3720254, SIGURG) = 0
3720089 tgkill(3720077, 3720090, SIGURG) = 0
3720089 tgkill(3720077, 3720090, SIGURG) = 0
3720247 tgkill(3720246, 3720254, SIGURG) = 0
3720206 tgkill(3720205, 3720211, SIGURG) = 0
3720238 tgkill(3720237, 3720240, SIGURG) = 0
3720229 tgkill(3720227, 3720231, SIGURG) = 0
3720247 tgkill(3720246, 3720254, SIGURG) = 0
3720089 tgkill(3720077, 3720090, SIGURG) = 0
3720247 tgkill(3720246, 3720254, SIGURG) = 0
3720089 tgkill(3720077, 3720090, SIGURG) = 0
3720089 tgkill(3720077, 3720090, SIGURG) = 0
3720089 tgkill(3720077, 3720090, SIGURG) = 0
3720089 tgkill(3720077, 3720090, SIGURG) = 0
3720238 tgkill(3720237, 3720240, SIGURG) = 0
3720229 tgkill(3720227, 3720231, SIGURG) = 0
3720238 tgkill(3720237, 3720240, SIGURG) = 0
3720247 tgkill(3720246, 3720254, SIGURG) = 0
3720247 tgkill(3720246, 3720254, SIGURG) = 0
3720247 tgkill(3720246, 3720254, SIGURG) = 0
3720089 tgkill(3720077, 3720090, SIGURG) = 0
3720089 tgkill(3720077, 3720090, SIGURG) = 0
3720206 tgkill(3720205, 3720211, SIGURG) = 0
3720229 tgkill(3720227, 3720231, SIGURG) = 0
3720229 tgkill(3720227, 3720231, SIGURG) = 0
3720229 tgkill(3720227, 3720231, SIGURG) = 0
3720089 tgkill(3720077, 3720090, SIGURG) = 0
3720206 tgkill(3720205, 3720211, SIGURG) = 0
3720206 tgkill(3720205, 3720211, SIGURG) = 0
3720206 tgkill(3720205, 3720211, SIGURG) = 0
3720206 tgkill(3720205, 3720211, SIGURG) = 0
3720247 tgkill(3720246, 3720254, SIGURG) = 0
3720238 tgkill(3720237, 3720240, SIGURG) = 0
3720238 tgkill(3720237, 3720240, SIGURG) = 0
3720238 tgkill(3720237, 3720240, SIGURG) = 0
3720238 tgkill(3720237, 3720240, SIGURG) = 0
3720238 tgkill(3720237, 3720240, SIGURG) = 0
3720238 tgkill(3720237, 3720240, SIGURG) = 0
3720229 tgkill(3720227, 3720231, SIGURG) = 0
3720238 tgkill(3720237, 3720240, SIGURG) = 0
3720238 tgkill(3720237, 3720240, SIGURG) = 0
3720238 tgkill(3720237, 3720240, SIGURG) = 0
3720238 tgkill(3720237, 3720240, SIGURG) = 0
3720238 tgkill(3720237, 3720240, SIGURG) = 0
3720238 tgkill(3720237, 3720240, SIGURG) = 0
3720238 tgkill(3720237, 3720240, SIGURG) = 0
3720238 tgkill(3720237, 3720240, SIGURG) = 0
3720238 tgkill(3720237, 3720240, SIGURG) = 0
3720247 tgkill(3720246, 3720254, SIGURG) = 0
3720089 tgkill(3720077, 3720090, SIGURG) = 0
3720247 tgkill(3720246, 3720254, SIGURG) = 0
3720247 tgkill(3720246, 3720254, SIGURG) = 0
3720247 tgkill(3720246, 3720254, SIGURG) = 0
3720089 tgkill(3720077, 3720090, SIGURG) = 0
3720206 tgkill(3720205, 3720211, SIGURG) = 0
3720089 tgkill(3720077, 3720090, SIGURG) = 0
3720089 tgkill(3720077, 3720090, SIGURG) = 0
3720247 tgkill(3720246, 3720254, SIGURG) = 0
3720247 tgkill(3720246, 3720254, SIGURG) = 0
3720206 tgkill(3720205, 3720211, SIGURG) = 0
3720089 tgkill(3720077, 3720090, SIGURG) = 0
3720089 tgkill(3720077, 3720090, SIGURG) = 0
3720247 tgkill(3720246, 3720254, SIGURG) = 0
3720089 tgkill(3720077, 3720090, SIGURG) = 0
3720089 tgkill(3720077, 3720090, SIGURG) = 0
3720247 tgkill(3720246, 3720254, SIGURG) = 0
3720247 tgkill(3720246, 3720254, SIGURG) = 0
3720089 tgkill(3720077, 3720090, SIGURG) = 0
3720089 tgkill(3720077, 3720090, SIGURG) = 0
3720089 tgkill(3720077, 3720090, SIGURG) = 0
3720089 tgkill(3720077, 3720090, SIGURG) = 0
3720089 tgkill(3720077, 3720090, SIGURG) = 0
3720089 tgkill(3720077, 3720090, SIGURG) = 0
3720089 tgkill(3720077, 3720090, SIGURG) = 0
3720247 tgkill(3720246, 3720254, SIGURG) = 0
3720247 tgkill(3720246, 3720254, SIGURG) = 0
3720089 tgkill(3720077, 3720090, SIGURG) = 0
3720089 tgkill(3720077, 3720090, SIGURG) = 0
3720206 tgkill(3720205, 3720211, SIGURG) = 0
3720238 tgkill(3720237, 3720240, SIGURG) = 0
3720206 tgkill(3720205, 3720211, SIGURG) = 0
3720229 tgkill(3720227, 3720231, SIGURG) = 0
3720206 tgkill(3720205, 3720211, SIGURG) = 0
3720247 tgkill(3720246, 3720254, SIGURG <unfinished ...>
3720206 tgkill(3720205, 3720211, SIGURG <unfinished ...>
3720247 <... tgkill resumed>)           = 0
3720206 <... tgkill resumed>)           = 0
3720238 tgkill(3720237, 3720240, SIGURG) = 0
3720238 tgkill(3720237, 3720240, SIGURG) = 0
3720238 tgkill(3720237, 3720240, SIGURG) = 0
3720238 tgkill(3720237, 3720240, SIGURG) = 0
3720229 tgkill(3720227, 3720231, SIGURG) = 0
3720238 tgkill(3720237, 3720240, SIGURG) = 0
3720089 tgkill(3720077, 3720090, SIGURG) = 0
3720089 tgkill(3720077, 3720090, SIGURG) = 0
3720247 tgkill(3720246, 3720254, SIGURG) = 0
3720229 tgkill(3720227, 3720231, SIGURG) = 0
3720089 tgkill(3720077, 3720090, SIGURG) = 0
3720206 tgkill(3720205, 3720211, SIGURG) = 0
3720089 tgkill(3720077, 3720090, SIGURG) = 0
3720247 tgkill(3720246, 3720254, SIGURG) = 0
3720247 tgkill(3720246, 3720254, SIGURG) = 0
3720089 tgkill(3720077, 3720090, SIGURG) = 0
3720089 tgkill(3720077, 3720090, SIGURG) = 0
3720089 tgkill(3720077, 3720090, SIGURG) = 0
3720089 tgkill(3720077, 3720090, SIGURG) = 0
3720089 tgkill(3720077, 3720090, SIGURG) = 0
3720206 tgkill(3720205, 3720211, SIGURG) = 0
3720229 tgkill(3720227, 3720231, SIGURG) = 0
3720089 tgkill(3720077, 3720090, SIGURG) = 0
3720247 tgkill(3720246, 3720254, SIGURG) = 0
3720247 tgkill(3720246, 3720254, SIGURG) = 0
3720247 tgkill(3720246, 3720254, SIGURG) = 0
3720238 tgkill(3720237, 3720240, SIGURG) = 0
3720229 tgkill(3720227, 3720231, SIGURG <unfinished ...>
3720206 tgkill(3720205, 3720211, SIGURG) = 0
3720229 <... tgkill resumed>)           = 0
3720247 tgkill(3720246, 3720254, SIGURG) = 0
3720247 tgkill(3720246, 3720254, SIGURG) = 0
3720238 tgkill(3720237, 3720240, SIGURG) = 0
3720238 tgkill(3720237, 3720240, SIGURG) = 0
3720229 tgkill(3720227, 3720231, SIGURG) = 0
3720229 tgkill(3720227, 3720231, SIGURG) = 0
3720089 tgkill(3720077, 3720090, SIGURG) = 0
3720089 tgkill(3720077, 3720090, SIGURG) = 0
3720089 tgkill(3720077, 3720090, SIGURG) = 0
3720089 tgkill(3720077, 3720090, SIGURG) = 0
3720089 tgkill(3720077, 3720090, SIGURG) = 0
3720089 tgkill(3720077, 3720090, SIGURG) = 0
3720089 tgkill(3720077, 3720090, SIGURG) = 0
3720089 tgkill(3720077, 3720090, SIGURG) = 0
3720089 tgkill(3720077, 3720090, SIGURG) = 0
3720089 tgkill(3720077, 3720090, SIGURG) = 0
3720089 tgkill(3720077, 3720090, SIGURG) = 0
3720089 tgkill(3720077, 3720090, SIGURG) = 0
3720089 tgkill(3720077, 3720090, SIGURG) = 0
3720089 tgkill(3720077, 3720090, SIGURG) = 0
3720238 tgkill(3720237, 3720240, SIGURG) = 0
3720247 tgkill(3720246, 3720254, SIGURG) = 0
3720229 tgkill(3720227, 3720231, SIGURG <unfinished ...>
3720206 tgkill(3720205, 3720211, SIGURG <unfinished ...>
3720229 <... tgkill resumed>)           = 0
3720206 <... tgkill resumed>)           = 0
3720238 tgkill(3720237, 3720240, SIGURG) = 0
3720238 tgkill(3720237, 3720240, SIGURG) = 0
3720247 tgkill(3720246, 3720254, SIGURG) = 0
3720247 tgkill(3720246, 3720254, SIGURG) = 0
3720247 tgkill(3720246, 3720254, SIGURG <unfinished ...>
3720229 tgkill(3720227, 3720231, SIGURG <unfinished ...>
3720247 <... tgkill resumed>)           = 0
3720206 tgkill(3720205, 3720211, SIGURG <unfinished ...>
3720229 <... tgkill resumed>)           = 0
3720206 <... tgkill resumed>)           = 0
3720247 tgkill(3720246, 3720254, SIGURG) = 0
3720206 tgkill(3720205, 3720211, SIGURG) = 0
3720229 tgkill(3720227, 3720231, SIGURG) = 0
3720206 tgkill(3720205, 3720211, SIGURG) = 0
3720229 tgkill(3720227, 3720231, SIGURG) = 0
3720247 tgkill(3720246, 3720254, SIGURG) = 0
3720229 tgkill(3720227, 3720231, SIGURG) = 0
3720229 tgkill(3720227, 3720231, SIGURG) = 0
3720247 tgkill(3720246, 3720254, SIGURG) = 0
3720247 tgkill(3720246, 3720254, SIGURG) = 0
3720089 tgkill(3720077, 3720090, SIGURG) = 0
3720089 tgkill(3720077, 3720090, SIGURG) = 0
3720089 tgkill(3720077, 3720090, SIGURG) = 0
3720089 tgkill(3720077, 3720090, SIGURG) = 0
3720089 tgkill(3720077, 3720090, SIGURG) = 0
3720089 tgkill(3720077, 3720090, SIGURG) = 0
3720089 tgkill(3720077, 3720090, SIGURG) = 0
3720238 tgkill(3720237, 3720240, SIGURG) = 0
3720089 tgkill(3720077, 3720090, SIGURG) = 0
3720206 tgkill(3720205, 3720211, SIGURG) = 0
3720247 tgkill(3720246, 3720254, SIGURG) = 0
3720247 tgkill(3720246, 3720254, SIGURG) = 0
3720089 tgkill(3720077, 3720090, SIGURG) = 0
3720247 tgkill(3720246, 3720254, SIGURG) = 0
3720089 tgkill(3720077, 3720090, SIGURG) = 0
3720247 tgkill(3720246, 3720254, SIGURG) = 0
3720089 tgkill(3720077, 3720090, SIGURG) = 0
3720089 tgkill(3720077, 3720090, SIGURG) = 0
3720089 tgkill(3720077, 3720090, SIGURG) = 0
3720089 tgkill(3720077, 3720090, SIGURG) = 0
3720089 tgkill(3720077, 3720090, SIGURG) = 0
3720206 tgkill(3720205, 3720211, SIGURG) = 0
3720206 tgkill(3720205, 3720211, SIGURG) = 0
3720238 tgkill(3720237, 3720240, SIGURG) = 0
3720229 tgkill(3720227, 3720231, SIGURG) = 0
3720229 tgkill(3720227, 3720231, SIGURG) = 0
3720247 tgkill(3720246, 3720254, SIGURG) = 0
3720229 tgkill(3720227, 3720231, SIGURG) = 0
3720206 tgkill(3720205, 3720211, SIGURG) = 0
3720238 tgkill(3720237, 3720240, SIGURG) = 0
3720247 tgkill(3720246, 3720254, SIGURG) = 0
3720089 tgkill(3720077, 3720090, SIGURG) = 0
3720247 tgkill(3720246, 3720254, SIGURG) = 0
3720229 tgkill(3720227, 3720231, SIGURG) = 0
3720206 tgkill(3720205, 3720211, SIGURG) = 0
3720206 tgkill(3720205, 3720211, SIGURG) = 0
3720247 tgkill(3720246, 3720254, SIGURG <unfinished ...>
3720238 tgkill(3720237, 3720240, SIGURG <unfinished ...>
3720089 tgkill(3720077, 3720090, SIGURG <unfinished ...>
3720247 <... tgkill resumed>)           = 0
3720238 <... tgkill resumed>)           = 0
3720206 tgkill(3720205, 3720211, SIGURG <unfinished ...>
3720089 <... tgkill resumed>)           = 0
3720206 <... tgkill resumed>)           = 0
3720229 tgkill(3720227, 3720231, SIGURG) = 0
3720206 tgkill(3720205, 3720211, SIGURG) = 0
3720229 tgkill(3720227, 3720231, SIGURG) = 0
3720206 tgkill(3720205, 3720211, SIGURG) = 0
3720229 tgkill(3720227, 3720231, SIGURG) = 0
3720229 tgkill(3720227, 3720231, SIGURG) = 0
3720229 tgkill(3720227, 3720231, SIGURG) = 0
3720229 tgkill(3720227, 3720231, SIGURG) = 0
3720229 tgkill(3720227, 3720231, SIGURG) = 0
3720229 tgkill(3720227, 3720231, SIGURG) = 0
3720089 tgkill(3720077, 3720090, SIGURG) = 0
3720229 tgkill(3720227, 3720231, SIGURG) = 0
3720089 tgkill(3720077, 3720090, SIGURG) = 0
3720229 tgkill(3720227, 3720231, SIGURG) = 0
3720229 tgkill(3720227, 3720231, SIGURG) = 0
3720089 tgkill(3720077, 3720090, SIGURG) = 0
3720229 tgkill(3720227, 3720231, SIGURG) = 0
3720089 tgkill(3720077, 3720090, SIGURG) = 0
3720229 tgkill(3720227, 3720231, SIGURG) = 0
3720089 tgkill(3720077, 3720090, SIGURG) = 0
3720229 tgkill(3720227, 3720231, SIGURG) = 0
3720089 tgkill(3720077, 3720090, SIGURG) = 0
3720229 tgkill(3720227, 3720231, SIGURG) = 0
3720238 tgkill(3720237, 3720240, SIGURG) = 0
3720238 tgkill(3720237, 3720240, SIGURG) = 0
3720238 tgkill(3720237, 3720240, SIGURG) = 0
3720238 tgkill(3720237, 3720240, SIGURG) = 0
3720206 tgkill(3720205, 3720211, SIGURG <unfinished ...>
3720238 tgkill(3720237, 3720240, SIGURG) = 0
3720206 <... tgkill resumed>)           = 0
3720238 tgkill(3720237, 3720240, SIGURG) = 0
3720247 tgkill(3720246, 3720254, SIGURG) = 0
3720238 tgkill(3720237, 3720240, SIGURG) = 0
3720238 tgkill(3720237, 3720240, SIGURG) = 0
3720247 tgkill(3720246, 3720254, SIGURG) = 0
3720238 tgkill(3720237, 3720240, SIGURG) = 0
3720206 tgkill(3720205, 3720211, SIGURG) = 0
3720229 tgkill(3720227, 3720231, SIGURG) = 0
3720089 tgkill(3720077, 3720090, SIGURG) = 0
3720089 tgkill(3720077, 3720090, SIGURG) = 0
3720089 tgkill(3720077, 3720090, SIGURG) = 0
3720089 tgkill(3720077, 3720090, SIGURG) = 0
3720089 tgkill(3720077, 3720090, SIGURG) = 0
3720089 tgkill(3720077, 3720090, SIGURG) = 0
3720089 tgkill(3720077, 3720090, SIGURG) = 0
3720089 tgkill(3720077, 3720090, SIGURG) = 0
3720238 tgkill(3720237, 3720240, SIGURG) = 0
3720238 tgkill(3720237, 3720240, SIGURG) = 0
3720238 tgkill(3720237, 3720240, SIGURG) = 0
3720238 tgkill(3720237, 3720240, SIGURG <unfinished ...>
3720206 tgkill(3720205, 3720211, SIGURG <unfinished ...>
3720238 <... tgkill resumed>)           = 0
3720206 <... tgkill resumed>)           = 0
3720238 tgkill(3720237, 3720240, SIGURG) = 0
3720238 tgkill(3720237, 3720240, SIGURG) = 0
3720238 tgkill(3720237, 3720240, SIGURG) = 0
3720238 tgkill(3720237, 3720240, SIGURG) = 0
3720238 tgkill(3720237, 3720240, SIGURG) = 0
3720238 tgkill(3720237, 3720240, SIGURG) = 0
3720238 tgkill(3720237, 3720240, SIGURG) = 0
3720238 tgkill(3720237, 3720240, SIGURG) = 0
3720247 tgkill(3720246, 3720254, SIGURG) = 0
3720238 tgkill(3720237, 3720240, SIGURG) = 0
3720238 tgkill(3720237, 3720240, SIGURG) = 0
3720238 tgkill(3720237, 3720240, SIGURG) = 0
3720238 tgkill(3720237, 3720240, SIGURG) = 0
3720089 tgkill(3720077, 3720090, SIGURG) = 0
3720229 tgkill(3720227, 3720231, SIGURG) = 0
3720229 tgkill(3720227, 3720231, SIGURG) = 0
3720247 tgkill(3720246, 3720254, SIGURG) = 0
3720229 tgkill(3720227, 3720231, SIGURG) = 0
3720089 tgkill(3720077, 3720090, SIGURG) = 0
3720247 tgkill(3720246, 3720254, SIGURG) = 0
3720229 tgkill(3720227, 3720231, SIGURG) = 0
3720089 tgkill(3720077, 3720090, SIGURG) = 0
3720247 tgkill(3720246, 3720254, SIGURG) = 0
3720229 tgkill(3720227, 3720231, SIGURG) = 0
3720089 tgkill(3720077, 3720090, SIGURG) = 0
3720089 tgkill(3720077, 3720090, SIGURG) = 0
3720229 tgkill(3720227, 3720231, SIGURG) = 0
3720089 tgkill(3720077, 3720090, SIGURG) = 0
3720247 tgkill(3720246, 3720254, SIGURG) = 0
3720229 tgkill(3720227, 3720231, SIGURG) = 0
3720089 tgkill(3720077, 3720090, SIGURG) = 0
3720247 tgkill(3720246, 3720254, SIGURG) = 0
3720229 tgkill(3720227, 3720231, SIGURG) = 0
3720089 tgkill(3720077, 3720090, SIGURG) = 0
3720247 tgkill(3720246, 3720254, SIGURG) = 0
3720206 tgkill(3720205, 3720211, SIGURG) = 0
3720238 tgkill(3720237, 3720240, SIGURG) = 0
3720229 tgkill(3720227, 3720231, SIGURG) = 0
3720089 tgkill(3720077, 3720090, SIGURG) = 0
3720238 tgkill(3720237, 3720240, SIGURG) = 0
3720206 tgkill(3720205, 3720211, SIGURG) = 0
3720247 tgkill(3720246, 3720254, SIGURG) = 0
3720229 tgkill(3720227, 3720231, SIGURG) = 0
3720206 tgkill(3720205, 3720211, SIGURG <unfinished ...>
3720089 tgkill(3720077, 3720090, SIGURG <unfinished ...>
3720206 <... tgkill resumed>)           = 0
3720089 <... tgkill resumed>)           = 0
3720238 tgkill(3720237, 3720240, SIGURG) = 0
3720247 tgkill(3720246, 3720254, SIGURG) = 0
3720090 exit_group(0)                   = ?
3720116 +++ exited with 0 +++
3720097 +++ exited with 0 +++
3720093 +++ exited with 0 +++
3720091 +++ exited with 0 +++
3720090 +++ exited with 0 +++
3720089 +++ exited with 0 +++
3720100 +++ exited with 0 +++
3720229 tgkill(3720227, 3720231, SIGURG) = 0
3720094 +++ exited with 0 +++
3720077 +++ exited with 0 +++
3720054 <... waitid resumed>0xc0002fd0b0, WEXITED|WNOWAIT, NULL) = ? ERESTARTSYS (To be restarted if SA_RESTART is set)
3720056 <... waitid resumed>{si_signo=SIGCHLD, si_code=CLD_EXITED, si_pid=3720077, si_uid=1000, si_status=0, si_utime=0, si_stime=0}, WEXITED|WNOWAIT, NULL) = 0
3720054 waitid(P_PID, 3720237,  <unfinished ...>
3720056 wait4(3720077, [{WIFEXITED(s) && WEXITSTATUS(s) == 0}], 0, {ru_utime={tv_sec=6, tv_usec=509609}, ru_stime={tv_sec=2, tv_usec=826776}, ru_maxrss=59804, ru_ixrss=0, ru_idrss=0, ru_isrss=0, ru_minflt=6589, ru_majflt=2, ru_nswap=0, ru_inblock=230056, ru_oublock=758480, ru_msgsnd=0, ru_msgrcv=0, ru_nsignals=0, ru_nvcsw=414496, ru_nivcsw=31450}) = 3720077
3720056 clone(child_stack=NULL, flags=CLONE_VM|CLONE_VFORK|SIGCHLD <unfinished ...>
3720257 chdir("/home/judson/dev/h4la/incubator/incubator/shared-resources/alb/.terragrunt-cache/2208321776") = 0
3720257 execve("/nix/store/b6ik2xnqnrgz6gbx420gq4p0if3v2w73-terraform-1.4.6/bin/terraform", ["terraform", "output", "-json"], ["LAST_STATUS=0", "FZF_DEFAULT_COMMAND=rg --color n"..., "GIT_SSH=ssh", "stdenv=/nix/store/37p8gq9zijbw6p"..., "NIX_CC=/nix/store/7wkshj58fcsl1f"..., "TASKRC=/home/judson/dev/YM/tierz"..., "PYTHONHASHSEED=0", "LIBEXEC_PATH=/home/judson/.nix-p"..., "_PYTHON_HOST_PLATFORM=linux-x86_"..., "ALACRITTY_LOG=/tmp/Alacritty-217"..., "XCURSOR_PATH=/home/judson/.icons"..., "STRIP=strip", "DIRENV_WATCHES=eJyk0L1urDAQxfF3c"..., "shell=/nix/store/rhvbjmcfnkg8i2d"..., "NIX_HARDENING_ENABLE=fortify sta"..., "GOPATH=/home/judson/golang", "NIX_CFLAGS_COMPILE= -frandom-see"..., "TMUX_PANE=%180", "propagatedBuildInputs=", "shellHook=", "WINDOWID=109051906", "_fish_abbr_ta=task add project:Y"..., "XDG_SESSION_PATH=/org/freedeskto"..., "TERM=screen-256color", "GIT_TEMPLATE_DIR=", "LD=ld", "cmakeFlags=", "DIRENV_FILE=/home/judson/dev/h4l"..., "DETERMINISTIC_BUILD=1", "OLDPWD=/home/judson", "LANG=en_US.UTF-8", "depsTargetTargetPropagated=", "depsHostHostPropagated=", "_PYTHON_SYSCONFIGDATA_NAME=_sysc"..., "DESKTOP_SESSION=/nix/store/2fqxs"..., "NO_AT_BRIDGE=1", "XDG_SEAT=seat0", "NIX_BINTOOLS_WRAPPER_TARGET_HOST"..., "EDITOR=/home/judson/.nix-profile"..., "DIRENV_DIFF=eJzsfFlz3Di25l9R5NyH"..., "AR=ar", "doCheck=", "NIXPKGS_CONFIG=/etc/nix/nixpkgs-"..., "DOCKER_BUILDKIT=1", "ALACRITTY_WINDOW_ID=6291458", "XDG_SESSION_ID=2", "TERM_PROGRAM_VERSION=3.3a", "KREW_ROOT=/home/judson/dev/YM/ti"..., "XAUTHORITY=/home/judson/.Xauthor"..., "OBJDUMP=objdump", "CONFIG_SHELL=/nix/store/rhvbjmcf"..., "__structuredAttrs=", "DBUS_SESSION_BUS_ADDRESS=unix:pa"..., "USE_GKE_GCLOUD_AUTH_PLUGIN=True", "origSystem=x86_64-linux", "ALACRITTY_SOCKET=/run/user/1000/"..., "origPATH=", "TZDIR=/etc/zoneinfo", "STRINGS=strings", "CLOUDFLARE_API_TOKEN=aBjBCySoL1u"..., "QTWEBKIT_PLUGIN_PATH=/home/judso"..., "SOURCE_DATE_EPOCH=315532800", "SSH_ASKPASS=/nix/store/159sa0fy4"..., "CXX=g++", "NIX_ENFORCE_NO_NATIVE=1", "nativeBuildInputs=", "NM=nm", "PYTHONPATH=/nix/store/g044pvzvs5"..., "TMUX=/tmp/tmux-1000/default,3175"..., "COLORTERM=truecolor", "NIX_CC_WRAPPER_TARGET_HOST_x86_6"..., "AS=as", "PAGER=bat", "MANPATH=/home/judson/.nix-profil"..., "depsBuildTarget=", "GTK_A11Y=none", "LESSOPEN=|/nix/store/crazpxcz4yq"..., "READELF=readelf", "__ETC_PROFILE_DONE=1", "origArgs=-e /nix/store/9krlzvny6"..., "depsBuildTargetPropagated=", "configureFlags=", "propagatedNativeBuildInputs=", "SLACK_CLI_TOKEN=xoxb-17515591328"..., "BROWSER=google-chrome-stable", "XDG_VTNR=7", "AWS_PROFILE=hfla", "NIX_BUILD_CORES=4", "strictDeps=", "buildPhase={ echo \"-------------"..., "HOST_PATH=/nix/store/g044pvzvs5c"..., "NIX_USER_PROFILE_DIR=/nix/var/ni"..., "depsTargetTarget=", "SSH_AUTH_SOCK=/run/user/1000/gnu"..., "S3_ACCESS_KEY=2NL6FZ3C7F5172O2OL"..., "NIX_PROFILES=/run/current-system"..., "XDG_DATA_DIRS=/nix/store/ywwjpdy"..., "dontAddDisableDepTrack=1", "NIX_LDFLAGS=-rpath /home/judson/"..., "depsHostHost=", "out=/home/judson/dev/h4la/incuba"..., "QT_PLUGIN_PATH=/home/judson/.nix"..., "__HM_SESS_VARS_SOURCED=1", "TERMINFO_DIRS=/home/judson/.nix-"..., "KDEDIRS=/home/judson/.nix-profil"..., "fish_color_search_match=normal -"..., "INFOPATH=/home/judson/.nix-profi"..., "BAT_THEME=ansi", "__NIXOS_SET_ENVIRONMENT_DONE=1", "PASSWORD_STORE_X_SELECTION=prima"..., "mesonFlags=", "XDG_RUNTIME_DIR=/run/user/1000", "HOME=/home/judson", "CREATE_TUNNELS=yes", "DISPLAY=:0", "XDG_SESSION_DESKTOP=none+xmonad", "LOCALE_ARCHIVE_2_27=/nix/store/j"..., "USER=judson", "PYTHONNOUSERSITE=1", "SHELL=/run/current-system/sw/bin"..., "doInstallCheck=", "buildInputs=/nix/store/g044pvzvs"..., "GOPRIVATE=github.com/ymeadows", "TMPDIR=/tmp/nix-shell.SeBFdG", "XDG_CURRENT_DESKTOP=none+xmonad", "outputs=out", "XDG_SESSION_TYPE=x11", "DIRENV_DIR=-/home/judson/dev/h4l"..., "name=nix-shell-env", "patches=", "GPG_AGENT_INFO=/tmp/gpg-KucIiP/S"..., "SHLVL=2", "PATH=/nix/store/ywwjpdyhar4f3vcq"..., "LOCALE_ARCHIVE=/run/current-syst"..., "CC=gcc", "LS_COLORS=rs=0:di=01;34:ln=01;36"..., "GTK_PATH=/home/judson/.nix-profi"..., "_fish_abbr_cfk9=env HTTPS_PROXY="..., "MANPAGER=bat --style=plain", "depsBuildBuildPropagated=", "CUPS_DATADIR=/nix/store/iwg3352q"..., "SIZE=size", "XDG_CONFIG_DIRS=/etc/xdg:/home/j"..., "IN_NIX_SHELL=impure", "system=x86_64-linux", "NIX_PATH=/home/judson/.nix-defex"..., "TMUX_SESSION_NAME=Incubator", "LOGNAME=judson", "NIX_REMOTE=daemon", "PWD=/home/judson/dev/h4la/incuba"..., "CMD_SECONDS=0.079", "TEMP=/tmp/nix-shell.SeBFdG", "TMP=/tmp/nix-shell.SeBFdG", "TEMPDIR=/tmp/nix-shell.SeBFdG", "MOZ_PLUGIN_PATH=/home/judson/.ni"..., "XDG_SEAT_PATH=/org/freedesktop/D"..., "preferLocalBuild=1", "NIX_STORE=/nix/store", "phases=buildPhase", "LESSKEYIN_SYSTEM=/nix/store/v5id"..., "RANLIB=ranlib", "preHook=", "builder=/nix/store/rhvbjmcfnkg8i"..., "XDG_SESSION_CLASS=user", "origExtraClosure=", "GPG_TTY=/dev/pts/0", "TERM_PROGRAM=tmux", "NIX_BINTOOLS=/nix/store/rbwalnmk"..., "RIPGREP_CONFIG_PATH=/home/judson"..., "NIX_BUILD_TOP=/tmp/nix-shell.SeB"..., "OBJCOPY=objcopy", "depsBuildBuild="] <unfinished ...>
3720056 <... clone resumed>)            = 3720257
3720257 <... execve resumed>)           = 0
3720056 waitid(P_PID, 3720257,  <unfinished ...>
3720257 clone3({flags=CLONE_VM|CLONE_FS|CLONE_FILES|CLONE_SIGHAND|CLONE_THREAD|CLONE_SYSVSEM|CLONE_SETTLS|CLONE_PARENT_SETTID|CLONE_CHILD_CLEARTID, child_tid=0x7f4ce71b9990, parent_tid=0x7f4ce71b9990, exit_signal=0, stack=0x7f4ce69b9000, stack_size=0x7fff80, tls=0x7f4ce71b96c0} => {parent_tid=[3720258]}, 88) = 3720258
3720258 tgkill(3720257, 3720257, SIGURG) = 0
3720257 clone3({flags=CLONE_VM|CLONE_FS|CLONE_FILES|CLONE_SIGHAND|CLONE_THREAD|CLONE_SYSVSEM|CLONE_SETTLS|CLONE_PARENT_SETTID|CLONE_CHILD_CLEARTID, child_tid=0x7f4ce69b8990, parent_tid=0x7f4ce69b8990, exit_signal=0, stack=0x7f4ce61b8000, stack_size=0x7fff80, tls=0x7f4ce69b86c0} => {parent_tid=[3720259]}, 88) = 3720259
3720257 clone3({flags=CLONE_VM|CLONE_FS|CLONE_FILES|CLONE_SIGHAND|CLONE_THREAD|CLONE_SYSVSEM|CLONE_SETTLS|CLONE_PARENT_SETTID|CLONE_CHILD_CLEARTID, child_tid=0x7f4ce61b7990, parent_tid=0x7f4ce61b7990, exit_signal=0, stack=0x7f4ce59b7000, stack_size=0x7fff80, tls=0x7f4ce61b76c0} => {parent_tid=[3720260]}, 88) = 3720260
3720259 clone3({flags=CLONE_VM|CLONE_FS|CLONE_FILES|CLONE_SIGHAND|CLONE_THREAD|CLONE_SYSVSEM|CLONE_SETTLS|CLONE_PARENT_SETTID|CLONE_CHILD_CLEARTID, child_tid=0x7f4ce5976990, parent_tid=0x7f4ce5976990, exit_signal=0, stack=0x7f4ce5176000, stack_size=0x7fff80, tls=0x7f4ce59766c0} => {parent_tid=[3720261]}, 88) = 3720261
3720257 clone3({flags=CLONE_VM|CLONE_FS|CLONE_FILES|CLONE_SIGHAND|CLONE_THREAD|CLONE_SYSVSEM|CLONE_SETTLS|CLONE_PARENT_SETTID|CLONE_CHILD_CLEARTID, child_tid=0x7f4ce5175990, parent_tid=0x7f4ce5175990, exit_signal=0, stack=0x7f4ce4975000, stack_size=0x7fff80, tls=0x7f4ce51756c0} => {parent_tid=[3720262]}, 88) = 3720262
3720229 tgkill(3720227, 3720231, SIGURG) = 0
3720258 tgkill(3720257, 3720257, SIGURG) = 0
3720257 clone3({flags=CLONE_VM|CLONE_FS|CLONE_FILES|CLONE_SIGHAND|CLONE_THREAD|CLONE_SYSVSEM|CLONE_SETTLS|CLONE_PARENT_SETTID|CLONE_CHILD_CLEARTID, child_tid=0x7f4ce48f4990, parent_tid=0x7f4ce48f4990, exit_signal=0, stack=0x7f4ce40f4000, stack_size=0x7fff80, tls=0x7f4ce48f46c0} => {parent_tid=[3720263]}, 88) = 3720263
3720257 tgkill(3720257, 3720263, SIGURG) = 0
3720259 tgkill(3720257, 3720257, SIGURG) = 0
3720261 clone3({flags=CLONE_VM|CLONE_FS|CLONE_FILES|CLONE_SIGHAND|CLONE_THREAD|CLONE_SYSVSEM|CLONE_SETTLS|CLONE_PARENT_SETTID|CLONE_CHILD_CLEARTID, child_tid=0x7f4ccffff990, parent_tid=0x7f4ccffff990, exit_signal=0, stack=0x7f4ccf7ff000, stack_size=0x7fff80, tls=0x7f4ccffff6c0} => {parent_tid=[3720264]}, 88) = 3720264
3720229 tgkill(3720227, 3720231, SIGURG) = 0
3720261 tgkill(3720257, 3720257, SIGURG) = 0
3720229 tgkill(3720227, 3720231, SIGURG) = 0
3720264 tgkill(3720257, 3720257, SIGURG) = 0
3720263 tgkill(3720257, 3720257, SIGURG) = 0
3720263 tgkill(3720257, 3720257, SIGURG) = 0
3720263 tgkill(3720257, 3720257, SIGURG) = 0
3720263 tgkill(3720257, 3720257, SIGURG) = 0
3720263 tgkill(3720257, 3720257, SIGURG) = 0
3720257 getcwd("/home/judson/dev/h4la/incubator/incubator/shared-resources/alb/.terragrunt-cache/2208321776", 4096) = 92
3720263 getcwd("/home/judson/dev/h4la/incubator/incubator/shared-resources/alb/.terragrunt-cache/2208321776", 4096) = 92
3720229 tgkill(3720227, 3720231, SIGURG) = 0
3720229 tgkill(3720227, 3720231, SIGURG) = 0
3720229 tgkill(3720227, 3720231, SIGURG) = 0
3720238 tgkill(3720237, 3720240, SIGURG) = 0
3720206 tgkill(3720205, 3720211, SIGURG) = 0
3720238 tgkill(3720237, 3720240, SIGURG) = 0
3720206 tgkill(3720205, 3720211, SIGURG) = 0
3720206 tgkill(3720205, 3720211, SIGURG) = 0
3720206 tgkill(3720205, 3720211, SIGURG) = 0
3720206 tgkill(3720205, 3720211, SIGURG) = 0
3720206 tgkill(3720205, 3720211, SIGURG) = 0
3720206 tgkill(3720205, 3720211, SIGURG) = 0
3720258 tgkill(3720257, 3720263, SIGURG) = 0
3720206 tgkill(3720205, 3720211, SIGURG) = 0
3720259 clone3({flags=CLONE_VM|CLONE_FS|CLONE_FILES|CLONE_SIGHAND|CLONE_THREAD|CLONE_SYSVSEM|CLONE_SETTLS|CLONE_PARENT_SETTID|CLONE_CHILD_CLEARTID, child_tid=0x7f4ccf6fe990, parent_tid=0x7f4ccf6fe990, exit_signal=0, stack=0x7f4cceefe000, stack_size=0x7fff80, tls=0x7f4ccf6fe6c0} => {parent_tid=[3720265]}, 88) = 3720265
3720206 tgkill(3720205, 3720211, SIGURG) = 0
3720206 tgkill(3720205, 3720211, SIGURG) = 0
3720261 tgkill(3720257, 3720263, SIGURG) = 0
3720247 tgkill(3720246, 3720254, SIGURG) = 0
3720238 tgkill(3720237, 3720240, SIGURG) = 0
3720261 tgkill(3720257, 3720263, SIGURG) = 0
3720229 tgkill(3720227, 3720231, SIGURG) = 0
3720229 tgkill(3720227, 3720231, SIGURG) = 0
3720229 tgkill(3720227, 3720231, SIGURG) = 0
3720229 tgkill(3720227, 3720231, SIGURG) = 0
3720229 tgkill(3720227, 3720231, SIGURG) = 0
3720229 tgkill(3720227, 3720231, SIGURG) = 0
3720229 tgkill(3720227, 3720231, SIGURG) = 0
3720247 tgkill(3720246, 3720254, SIGURG) = 0
3720238 tgkill(3720237, 3720240, SIGURG) = 0
3720258 tgkill(3720257, 3720263, SIGURG) = 0
3720229 tgkill(3720227, 3720231, SIGURG) = 0
3720229 tgkill(3720227, 3720231, SIGURG) = 0
3720206 tgkill(3720205, 3720211, SIGURG) = 0
3720247 tgkill(3720246, 3720254, SIGURG) = 0
3720247 tgkill(3720246, 3720254, SIGURG) = 0
3720238 tgkill(3720237, 3720240, SIGURG) = 0
3720229 tgkill(3720227, 3720231, SIGURG) = 0
3720229 tgkill(3720227, 3720231, SIGURG) = 0
3720229 tgkill(3720227, 3720231, SIGURG) = 0
3720229 tgkill(3720227, 3720231, SIGURG) = 0
3720229 tgkill(3720227, 3720231, SIGURG) = 0
3720229 tgkill(3720227, 3720231, SIGURG) = 0
3720238 tgkill(3720237, 3720240, SIGURG) = 0
3720206 tgkill(3720205, 3720211, SIGURG) = 0
3720247 tgkill(3720246, 3720254, SIGURG) = 0
3720229 tgkill(3720227, 3720231, SIGURG) = 0
3720238 tgkill(3720237, 3720240, SIGURG) = 0
3720238 tgkill(3720237, 3720240, SIGURG) = 0
3720229 tgkill(3720227, 3720231, SIGURG) = 0
3720247 tgkill(3720246, 3720254, SIGURG) = 0
3720258 tgkill(3720257, 3720261, SIGURG) = 0
3720259 tgkill(3720257, 3720261, SIGURG) = 0
3720263 tgkill(3720257, 3720260, SIGURG <unfinished ...>
3720260 tgkill(3720257, 3720259, SIGURG <unfinished ...>
3720263 <... tgkill resumed>)           = 0
3720260 <... tgkill resumed>)           = 0
3720261 tgkill(3720257, 3720263, SIGURG) = 0
3720261 tgkill(3720257, 3720263, SIGURG) = 0
3720261 tgkill(3720257, 3720265, SIGURG) = 0
3720261 tgkill(3720257, 3720265, SIGURG) = 0
3720261 tgkill(3720257, 3720265, SIGURG) = 0
3720238 tgkill(3720237, 3720240, SIGURG) = 0
3720247 tgkill(3720246, 3720254, SIGURG) = 0
3720206 tgkill(3720205, 3720211, SIGURG) = 0
3720206 tgkill(3720205, 3720211, SIGURG) = 0
3720206 tgkill(3720205, 3720211, SIGURG) = 0
3720229 tgkill(3720227, 3720231, SIGURG) = 0
3720229 tgkill(3720227, 3720231, SIGURG) = 0
3720229 tgkill(3720227, 3720231, SIGURG) = 0
3720238 tgkill(3720237, 3720240, SIGURG) = 0
3720247 tgkill(3720246, 3720254, SIGURG) = 0
3720206 tgkill(3720205, 3720211, SIGURG) = 0
3720229 tgkill(3720227, 3720231, SIGURG) = 0
3720238 tgkill(3720237, 3720240, SIGURG) = 0
3720206 tgkill(3720205, 3720211, SIGURG <unfinished ...>
3720247 tgkill(3720246, 3720254, SIGURG <unfinished ...>
3720206 <... tgkill resumed>)           = 0
3720247 <... tgkill resumed>)           = 0
3720247 tgkill(3720246, 3720254, SIGURG) = 0
3720247 tgkill(3720246, 3720254, SIGURG) = 0
3720229 tgkill(3720227, 3720231, SIGURG) = 0
3720247 tgkill(3720246, 3720254, SIGURG) = 0
3720247 tgkill(3720246, 3720254, SIGURG) = 0
3720238 tgkill(3720237, 3720240, SIGURG) = 0
3720206 tgkill(3720205, 3720211, SIGURG) = 0
3720247 tgkill(3720246, 3720254, SIGURG) = 0
3720206 tgkill(3720205, 3720211, SIGURG <unfinished ...>
3720258 tgkill(3720257, 3720261, SIGURG <unfinished ...>
3720206 <... tgkill resumed>)           = 0
3720258 <... tgkill resumed>)           = 0
3720247 tgkill(3720246, 3720254, SIGURG) = 0
3720258 tgkill(3720257, 3720261, SIGURG) = 0
3720206 tgkill(3720205, 3720211, SIGURG) = 0
3720247 tgkill(3720246, 3720254, SIGURG) = 0
3720229 tgkill(3720227, 3720231, SIGURG) = 0
3720247 tgkill(3720246, 3720254, SIGURG) = 0
3720206 tgkill(3720205, 3720211, SIGURG) = 0
3720247 tgkill(3720246, 3720254, SIGURG) = 0
3720206 tgkill(3720205, 3720211, SIGURG) = 0
3720247 tgkill(3720246, 3720254, SIGURG) = 0
3720206 tgkill(3720205, 3720211, SIGURG) = 0
3720247 tgkill(3720246, 3720254, SIGURG) = 0
3720206 tgkill(3720205, 3720211, SIGURG) = 0
3720206 tgkill(3720205, 3720211, SIGURG) = 0
3720238 tgkill(3720237, 3720240, SIGURG) = 0
3720258 tgkill(3720257, 3720261, SIGURG) = 0
3720247 tgkill(3720246, 3720254, SIGURG) = 0
3720238 tgkill(3720237, 3720240, SIGURG) = 0
3720258 tgkill(3720257, 3720261, SIGURG) = 0
3720206 tgkill(3720205, 3720211, SIGURG) = 0
3720229 tgkill(3720227, 3720231, SIGURG) = 0
3720247 tgkill(3720246, 3720254, SIGURG) = 0
3720258 tgkill(3720257, 3720261, SIGURG) = 0
3720238 tgkill(3720237, 3720240, SIGURG) = 0
3720238 tgkill(3720237, 3720240, SIGURG) = 0
3720229 tgkill(3720227, 3720231, SIGURG) = 0
3720206 tgkill(3720205, 3720211, SIGURG) = 0
3720238 tgkill(3720237, 3720240, SIGURG <unfinished ...>
3720229 tgkill(3720227, 3720231, SIGURG <unfinished ...>
3720238 <... tgkill resumed>)           = 0
3720229 <... tgkill resumed>)           = 0
3720229 tgkill(3720227, 3720231, SIGURG) = 0
3720229 tgkill(3720227, 3720231, SIGURG) = 0
3720258 tgkill(3720257, 3720261, SIGURG) = 0
3720206 tgkill(3720205, 3720211, SIGURG) = 0
3720238 tgkill(3720237, 3720240, SIGURG) = 0
3720206 tgkill(3720205, 3720211, SIGURG) = 0
3720229 tgkill(3720227, 3720231, SIGURG) = 0
3720247 tgkill(3720246, 3720254, SIGURG) = 0
3720258 tgkill(3720257, 3720261, SIGURG) = 0
3720238 tgkill(3720237, 3720240, SIGURG) = 0
3720238 tgkill(3720237, 3720240, SIGURG) = 0
3720206 tgkill(3720205, 3720211, SIGURG) = 0
3720229 tgkill(3720227, 3720231, SIGURG) = 0
3720229 tgkill(3720227, 3720231, SIGURG) = 0
3720229 tgkill(3720227, 3720231, SIGURG) = 0
3720229 tgkill(3720227, 3720231, SIGURG) = 0
3720229 tgkill(3720227, 3720231, SIGURG) = 0
3720247 tgkill(3720246, 3720254, SIGURG) = 0
3720258 tgkill(3720257, 3720261, SIGURG) = 0
3720238 tgkill(3720237, 3720240, SIGURG <unfinished ...>
3720206 tgkill(3720205, 3720211, SIGURG <unfinished ...>
3720238 <... tgkill resumed>)           = 0
3720206 <... tgkill resumed>)           = 0
3720206 tgkill(3720205, 3720211, SIGURG) = 0
3720229 tgkill(3720227, 3720231, SIGURG) = 0
3720247 tgkill(3720246, 3720254, SIGURG) = 0
3720238 tgkill(3720237, 3720240, SIGURG) = 0
3720258 tgkill(3720257, 3720261, SIGURG) = 0
3720206 tgkill(3720205, 3720211, SIGURG) = 0
3720247 tgkill(3720246, 3720254, SIGURG) = 0
3720229 tgkill(3720227, 3720231, SIGURG) = 0
3720258 tgkill(3720257, 3720261, SIGURG) = 0
3720229 tgkill(3720227, 3720231, SIGURG) = 0
3720229 tgkill(3720227, 3720231, SIGURG) = 0
3720229 tgkill(3720227, 3720231, SIGURG) = 0
3720229 tgkill(3720227, 3720231, SIGURG) = 0
3720229 tgkill(3720227, 3720231, SIGURG) = 0
3720229 tgkill(3720227, 3720231, SIGURG) = 0
3720247 tgkill(3720246, 3720254, SIGURG) = 0
3720258 tgkill(3720257, 3720261, SIGURG) = 0
3720206 tgkill(3720205, 3720211, SIGURG) = 0
3720238 tgkill(3720237, 3720240, SIGURG) = 0
3720238 tgkill(3720237, 3720240, SIGURG) = 0
3720247 tgkill(3720246, 3720254, SIGURG) = 0
3720247 tgkill(3720246, 3720254, SIGURG <unfinished ...>
3720258 tgkill(3720257, 3720261, SIGURG <unfinished ...>
3720247 <... tgkill resumed>)           = 0
3720258 <... tgkill resumed>)           = 0
3720247 tgkill(3720246, 3720254, SIGURG) = 0
3720229 tgkill(3720227, 3720231, SIGURG) = 0
3720206 tgkill(3720205, 3720211, SIGURG) = 0
3720206 tgkill(3720205, 3720211, SIGURG) = 0
3720238 tgkill(3720237, 3720240, SIGURG) = 0
3720238 tgkill(3720237, 3720240, SIGURG) = 0
3720238 tgkill(3720237, 3720240, SIGURG) = 0
3720258 tgkill(3720257, 3720261, SIGURG) = 0
3720238 tgkill(3720237, 3720240, SIGURG) = 0
3720229 tgkill(3720227, 3720231, SIGURG) = 0
3720229 tgkill(3720227, 3720231, SIGURG) = 0
3720258 tgkill(3720257, 3720261, SIGURG) = 0
3720238 tgkill(3720237, 3720240, SIGURG) = 0
3720229 tgkill(3720227, 3720231, SIGURG) = 0
3720229 tgkill(3720227, 3720231, SIGURG) = 0
3720238 tgkill(3720237, 3720240, SIGURG) = 0
3720229 tgkill(3720227, 3720231, SIGURG) = 0
3720229 tgkill(3720227, 3720231, SIGURG) = 0
3720229 tgkill(3720227, 3720231, SIGURG) = 0
3720229 tgkill(3720227, 3720231, SIGURG) = 0
3720229 tgkill(3720227, 3720231, SIGURG) = 0
3720206 tgkill(3720205, 3720211, SIGURG) = 0
3720238 tgkill(3720237, 3720240, SIGURG) = 0
3720258 tgkill(3720257, 3720261, SIGURG) = 0
3720238 tgkill(3720237, 3720240, SIGURG) = 0
3720238 tgkill(3720237, 3720240, SIGURG) = 0
3720238 tgkill(3720237, 3720240, SIGURG) = 0
3720238 tgkill(3720237, 3720240, SIGURG) = 0
3720238 tgkill(3720237, 3720240, SIGURG) = 0
3720238 tgkill(3720237, 3720240, SIGURG) = 0
3720247 tgkill(3720246, 3720254, SIGURG) = 0
3720238 tgkill(3720237, 3720240, SIGURG) = 0
3720238 tgkill(3720237, 3720240, SIGURG) = 0
3720238 tgkill(3720237, 3720240, SIGURG) = 0
3720238 tgkill(3720237, 3720240, SIGURG) = 0
3720238 tgkill(3720237, 3720240, SIGURG) = 0
3720238 tgkill(3720237, 3720240, SIGURG) = 0
3720238 tgkill(3720237, 3720240, SIGURG) = 0
3720238 tgkill(3720237, 3720240, SIGURG) = 0
3720206 tgkill(3720205, 3720211, SIGURG) = 0
3720206 tgkill(3720205, 3720211, SIGURG) = 0
3720258 tgkill(3720257, 3720261, SIGURG) = 0
3720247 tgkill(3720246, 3720254, SIGURG) = 0
3720229 tgkill(3720227, 3720231, SIGURG) = 0
3720229 tgkill(3720227, 3720231, SIGURG) = 0
3720229 tgkill(3720227, 3720231, SIGURG) = 0
3720229 tgkill(3720227, 3720231, SIGURG) = 0
3720229 tgkill(3720227, 3720231, SIGURG) = 0
3720229 tgkill(3720227, 3720231, SIGURG) = 0
3720229 tgkill(3720227, 3720231, SIGURG) = 0
3720229 tgkill(3720227, 3720231, SIGURG) = 0
3720229 tgkill(3720227, 3720231, SIGURG) = 0
3720229 tgkill(3720227, 3720231, SIGURG) = 0
3720229 tgkill(3720227, 3720231, SIGURG) = 0
3720229 tgkill(3720227, 3720231, SIGURG) = 0
3720229 tgkill(3720227, 3720231, SIGURG) = 0
3720229 tgkill(3720227, 3720231, SIGURG) = 0
3720229 tgkill(3720227, 3720231, SIGURG) = 0
3720229 tgkill(3720227, 3720231, SIGURG) = 0
3720206 tgkill(3720205, 3720211, SIGURG) = 0
3720238 tgkill(3720237, 3720240, SIGURG) = 0
3720247 tgkill(3720246, 3720254, SIGURG) = 0
3720247 tgkill(3720246, 3720254, SIGURG) = 0
3720247 tgkill(3720246, 3720254, SIGURG) = 0
3720247 tgkill(3720246, 3720254, SIGURG) = 0
3720247 tgkill(3720246, 3720254, SIGURG) = 0
3720247 tgkill(3720246, 3720254, SIGURG) = 0
3720258 tgkill(3720257, 3720261, SIGURG) = 0
3720229 tgkill(3720227, 3720231, SIGURG) = 0
3720238 tgkill(3720237, 3720240, SIGURG) = 0
3720258 tgkill(3720257, 3720261, SIGURG) = 0
3720229 tgkill(3720227, 3720231, SIGURG) = 0
3720229 tgkill(3720227, 3720231, SIGURG) = 0
3720258 tgkill(3720257, 3720261, SIGURG) = 0
3720258 tgkill(3720257, 3720261, SIGURG) = 0
3720238 tgkill(3720237, 3720240, SIGURG) = 0
3720229 tgkill(3720227, 3720231, SIGURG) = 0
3720258 tgkill(3720257, 3720261, SIGURG) = 0
3720238 tgkill(3720237, 3720240, SIGURG) = 0
3720258 tgkill(3720257, 3720261, SIGURG) = 0
3720238 tgkill(3720237, 3720240, SIGURG) = 0
3720238 tgkill(3720237, 3720240, SIGURG) = 0
3720258 tgkill(3720257, 3720261, SIGURG) = 0
3720238 tgkill(3720237, 3720240, SIGURG) = 0
3720258 tgkill(3720257, 3720261, SIGURG) = 0
3720238 tgkill(3720237, 3720240, SIGURG) = 0
3720247 tgkill(3720246, 3720254, SIGURG) = 0
3720206 tgkill(3720205, 3720211, SIGURG) = 0
3720206 tgkill(3720205, 3720211, SIGURG) = 0
3720258 tgkill(3720257, 3720261, SIGURG) = 0
3720229 tgkill(3720227, 3720231, SIGURG) = 0
3720229 tgkill(3720227, 3720231, SIGURG) = 0
3720247 tgkill(3720246, 3720254, SIGURG) = 0
3720206 tgkill(3720205, 3720211, SIGURG) = 0
3720258 tgkill(3720257, 3720261, SIGURG) = 0
3720229 tgkill(3720227, 3720231, SIGURG) = 0
3720238 tgkill(3720237, 3720240, SIGURG) = 0
3720247 tgkill(3720246, 3720254, SIGURG) = 0
3720206 tgkill(3720205, 3720211, SIGURG) = 0
3720258 tgkill(3720257, 3720261, SIGURG) = 0
3720238 tgkill(3720237, 3720240, SIGURG) = 0
3720238 tgkill(3720237, 3720240, SIGURG) = 0
3720247 tgkill(3720246, 3720254, SIGURG) = 0
3720238 tgkill(3720237, 3720240, SIGURG) = 0
3720258 tgkill(3720257, 3720261, SIGURG) = 0
3720258 tgkill(3720257, 3720261, SIGURG) = 0
3720258 tgkill(3720257, 3720261, SIGURG) = 0
3720238 tgkill(3720237, 3720240, SIGURG) = 0
3720238 tgkill(3720237, 3720240, SIGURG) = 0
3720238 tgkill(3720237, 3720240, SIGURG) = 0
3720258 tgkill(3720257, 3720261, SIGURG) = 0
3720238 tgkill(3720237, 3720240, SIGURG) = 0
3720258 tgkill(3720257, 3720261, SIGURG) = 0
3720238 tgkill(3720237, 3720240, SIGURG) = 0
3720238 tgkill(3720237, 3720240, SIGURG) = 0
3720238 tgkill(3720237, 3720240, SIGURG) = 0
3720238 tgkill(3720237, 3720240, SIGURG) = 0
3720238 tgkill(3720237, 3720240, SIGURG) = 0
3720238 tgkill(3720237, 3720240, SIGURG) = 0
3720238 tgkill(3720237, 3720240, SIGURG) = 0
3720238 tgkill(3720237, 3720240, SIGURG) = 0
3720238 tgkill(3720237, 3720240, SIGURG) = 0
3720238 tgkill(3720237, 3720240, SIGURG) = 0
3720238 tgkill(3720237, 3720240, SIGURG) = 0
3720238 tgkill(3720237, 3720240, SIGURG) = 0
3720258 tgkill(3720257, 3720261, SIGURG) = 0
3720258 tgkill(3720257, 3720261, SIGURG <unfinished ...>
3720238 tgkill(3720237, 3720240, SIGURG <unfinished ...>
3720258 <... tgkill resumed>)           = 0
3720238 <... tgkill resumed>)           = 0
3720229 tgkill(3720227, 3720231, SIGURG) = 0
3720258 tgkill(3720257, 3720261, SIGURG) = 0
3720206 tgkill(3720205, 3720211, SIGURG) = 0
3720238 tgkill(3720237, 3720240, SIGURG) = 0
3720247 tgkill(3720246, 3720254, SIGURG) = 0
3720229 tgkill(3720227, 3720231, SIGURG) = 0
3720229 tgkill(3720227, 3720231, SIGURG) = 0
3720229 tgkill(3720227, 3720231, SIGURG) = 0
3720206 tgkill(3720205, 3720211, SIGURG) = 0
3720258 tgkill(3720257, 3720261, SIGURG) = 0
3720258 tgkill(3720257, 3720261, SIGURG) = 0
3720238 tgkill(3720237, 3720240, SIGURG) = 0
3720258 tgkill(3720257, 3720261, SIGURG <unfinished ...>
3720238 tgkill(3720237, 3720240, SIGURG <unfinished ...>
3720258 <... tgkill resumed>)           = 0
3720238 <... tgkill resumed>)           = 0
3720258 tgkill(3720257, 3720261, SIGURG) = 0
3720238 tgkill(3720237, 3720240, SIGURG) = 0
3720258 tgkill(3720257, 3720261, SIGURG) = 0
3720258 tgkill(3720257, 3720261, SIGURG) = 0
3720238 tgkill(3720237, 3720240, SIGURG) = 0
3720238 tgkill(3720237, 3720240, SIGURG) = 0
3720247 tgkill(3720246, 3720254, SIGURG) = 0
3720258 tgkill(3720257, 3720261, SIGURG) = 0
3720258 tgkill(3720257, 3720261, SIGURG) = 0
3720247 tgkill(3720246, 3720254, SIGURG) = 0
3720258 tgkill(3720257, 3720261, SIGURG <unfinished ...>
3720247 tgkill(3720246, 3720254, SIGURG <unfinished ...>
3720258 <... tgkill resumed>)           = 0
3720247 <... tgkill resumed>)           = 0
3720247 tgkill(3720246, 3720254, SIGURG) = 0
3720258 tgkill(3720257, 3720261, SIGURG) = 0
3720229 tgkill(3720227, 3720231, SIGURG) = 0
3720247 tgkill(3720246, 3720254, SIGURG) = 0
3720238 tgkill(3720237, 3720240, SIGURG) = 0
3720238 tgkill(3720237, 3720240, SIGURG) = 0
3720238 tgkill(3720237, 3720240, SIGURG) = 0
3720258 tgkill(3720257, 3720261, SIGURG) = 0
3720238 tgkill(3720237, 3720240, SIGURG) = 0
3720258 tgkill(3720257, 3720261, SIGURG) = 0
3720238 tgkill(3720237, 3720240, SIGURG) = 0
3720258 tgkill(3720257, 3720261, SIGURG) = 0
3720247 tgkill(3720246, 3720254, SIGURG) = 0
3720247 tgkill(3720246, 3720254, SIGURG) = 0
3720258 tgkill(3720257, 3720261, SIGURG) = 0
3720247 tgkill(3720246, 3720254, SIGURG) = 0
3720238 tgkill(3720237, 3720240, SIGURG) = 0
3720238 tgkill(3720237, 3720240, SIGURG) = 0
3720258 tgkill(3720257, 3720261, SIGURG) = 0
3720247 tgkill(3720246, 3720254, SIGURG) = 0
3720258 tgkill(3720257, 3720261, SIGURG) = 0
3720238 tgkill(3720237, 3720240, SIGURG) = 0
3720238 tgkill(3720237, 3720240, SIGURG) = 0
3720238 tgkill(3720237, 3720240, SIGURG) = 0
3720258 tgkill(3720257, 3720261, SIGURG) = 0
3720238 tgkill(3720237, 3720240, SIGURG) = 0
3720247 tgkill(3720246, 3720254, SIGURG) = 0
3720258 tgkill(3720257, 3720261, SIGURG) = 0
3720238 tgkill(3720237, 3720240, SIGURG) = 0
3720247 tgkill(3720246, 3720254, SIGURG) = 0
3720258 tgkill(3720257, 3720261, SIGURG) = 0
3720238 tgkill(3720237, 3720240, SIGURG) = 0
3720247 tgkill(3720246, 3720254, SIGURG) = 0
3720206 tgkill(3720205, 3720211, SIGURG) = 0
3720258 tgkill(3720257, 3720261, SIGURG) = 0
3720229 tgkill(3720227, 3720231, SIGURG) = 0
3720229 tgkill(3720227, 3720231, SIGURG) = 0
3720229 tgkill(3720227, 3720231, SIGURG) = 0
3720238 tgkill(3720237, 3720240, SIGURG) = 0
3720238 tgkill(3720237, 3720240, SIGURG) = 0
3720238 tgkill(3720237, 3720240, SIGURG) = 0
3720238 tgkill(3720237, 3720240, SIGURG) = 0
3720238 tgkill(3720237, 3720240, SIGURG) = 0
3720238 tgkill(3720237, 3720240, SIGURG) = 0
3720238 tgkill(3720237, 3720240, SIGURG) = 0
3720206 tgkill(3720205, 3720211, SIGURG) = 0
3720238 tgkill(3720237, 3720240, SIGURG) = 0
3720238 tgkill(3720237, 3720240, SIGURG) = 0
3720238 tgkill(3720237, 3720240, SIGURG) = 0
3720238 tgkill(3720237, 3720240, SIGURG) = 0
3720238 tgkill(3720237, 3720240, SIGURG) = 0
3720247 tgkill(3720246, 3720254, SIGURG) = 0
3720258 tgkill(3720257, 3720261, SIGURG) = 0
3720229 tgkill(3720227, 3720231, SIGURG) = 0
3720229 tgkill(3720227, 3720231, SIGURG) = 0
3720229 tgkill(3720227, 3720231, SIGURG) = 0
3720229 tgkill(3720227, 3720231, SIGURG) = 0
3720229 tgkill(3720227, 3720231, SIGURG) = 0
3720206 tgkill(3720205, 3720211, SIGURG) = 0
3720229 tgkill(3720227, 3720231, SIGURG) = 0
3720247 tgkill(3720246, 3720254, SIGURG) = 0
3720247 tgkill(3720246, 3720254, SIGURG) = 0
3720238 tgkill(3720237, 3720240, SIGURG) = 0
3720258 tgkill(3720257, 3720261, SIGURG) = 0
3720247 tgkill(3720246, 3720254, SIGURG) = 0
3720238 tgkill(3720237, 3720240, SIGURG) = 0
3720247 tgkill(3720246, 3720254, SIGURG) = 0
3720258 tgkill(3720257, 3720261, SIGURG) = 0
3720238 tgkill(3720237, 3720240, SIGURG) = 0
3720247 tgkill(3720246, 3720254, SIGURG) = 0
3720258 tgkill(3720257, 3720261, SIGURG) = 0
3720238 tgkill(3720237, 3720240, SIGURG) = 0
3720247 tgkill(3720246, 3720254, SIGURG) = 0
3720258 tgkill(3720257, 3720261, SIGURG) = 0
3720238 tgkill(3720237, 3720240, SIGURG) = 0
3720258 tgkill(3720257, 3720261, SIGURG) = 0
3720247 tgkill(3720246, 3720254, SIGURG) = 0
3720247 tgkill(3720246, 3720254, SIGURG) = 0
3720247 tgkill(3720246, 3720254, SIGURG) = 0
3720247 tgkill(3720246, 3720254, SIGURG) = 0
3720247 tgkill(3720246, 3720254, SIGURG) = 0
3720238 tgkill(3720237, 3720240, SIGURG) = 0
3720258 tgkill(3720257, 3720261, SIGURG) = 0
3720247 tgkill(3720246, 3720254, SIGURG) = 0
3720238 tgkill(3720237, 3720240, SIGURG) = 0
3720229 tgkill(3720227, 3720231, SIGURG) = 0
3720206 tgkill(3720205, 3720211, SIGURG) = 0
3720229 tgkill(3720227, 3720231, SIGURG) = 0
3720258 tgkill(3720257, 3720261, SIGURG) = 0
3720229 tgkill(3720227, 3720231, SIGURG) = 0
3720247 tgkill(3720246, 3720254, SIGURG) = 0
3720258 tgkill(3720257, 3720261, SIGURG) = 0
3720206 tgkill(3720205, 3720211, SIGURG) = 0
3720238 tgkill(3720237, 3720240, SIGURG) = 0
3720247 tgkill(3720246, 3720254, SIGURG) = 0
3720229 tgkill(3720227, 3720231, SIGURG) = 0
3720258 tgkill(3720257, 3720261, SIGURG) = 0
3720238 tgkill(3720237, 3720240, SIGURG) = 0
3720247 tgkill(3720246, 3720254, SIGURG) = 0
3720258 tgkill(3720257, 3720261, SIGURG) = 0
3720238 tgkill(3720237, 3720240, SIGURG) = 0
3720247 tgkill(3720246, 3720254, SIGURG) = 0
3720258 tgkill(3720257, 3720261, SIGURG) = 0
3720238 tgkill(3720237, 3720240, SIGURG) = 0
