3720081 tgkill(3720076, 3720092, SIGURG) = 0
3720089 tgkill(3720077, 3720116, SIGURG) = 0
3720071 tgkill(3720070, 3720176, SIGURG) = 0
3720105 tgkill(3720095, 3720114, SIGURG) = 0
3720081 tgkill(3720076, 3720092, SIGURG) = 0
3720071 tgkill(3720070, 3720176, SIGURG) = 0
3720098 tgkill(3720087, 3720111, SIGURG <unfinished ...>
3720071 tgkill(3720070, 3720176, SIGURG) = 0
3720098 <... tgkill resumed>)           = 0
3720071 tgkill(3720070, 3720176, SIGURG) = 0
3720089 tgkill(3720077, 3720116, SIGURG) = 0
3720071 tgkill(3720070, 3720176, SIGURG) = 0
3720071 tgkill(3720070, 3720176, SIGURG) = 0
3720105 tgkill(3720095, 3720114, SIGURG) = 0
3720105 tgkill(3720095, 3720114, SIGURG) = 0
3720105 tgkill(3720095, 3720114, SIGURG) = 0
3720081 tgkill(3720076, 3720092, SIGURG) = 0
3720105 tgkill(3720095, 3720114, SIGURG) = 0
3720098 tgkill(3720087, 3720111, SIGURG) = 0
3720089 tgkill(3720077, 3720116, SIGURG) = 0
3720071 tgkill(3720070, 3720176, SIGURG) = 0
3720089 tgkill(3720077, 3720116, SIGURG) = 0
3720105 tgkill(3720095, 3720114, SIGURG) = 0
3720098 tgkill(3720087, 3720111, SIGURG) = 0
3720105 tgkill(3720095, 3720114, SIGURG) = 0
3720105 tgkill(3720095, 3720114, SIGURG) = 0
3720105 tgkill(3720095, 3720114, SIGURG) = 0
3720098 tgkill(3720087, 3720111, SIGURG) = 0
3720071 tgkill(3720070, 3720176, SIGURG) = 0
3720071 tgkill(3720070, 3720176, SIGURG) = 0
3720081 tgkill(3720076, 3720092, SIGURG) = 0
3720089 tgkill(3720077, 3720116, SIGURG) = 0
3720105 tgkill(3720095, 3720114, SIGURG) = 0
3720098 tgkill(3720087, 3720111, SIGURG) = 0
3720098 tgkill(3720087, 3720111, SIGURG) = 0
3720098 tgkill(3720087, 3720111, SIGURG) = 0
3720098 tgkill(3720087, 3720111, SIGURG) = 0
3720071 tgkill(3720070, 3720176, SIGURG) = 0
3720071 tgkill(3720070, 3720176, SIGURG) = 0
3720081 tgkill(3720076, 3720092, SIGURG) = 0
3720071 tgkill(3720070, 3720176, SIGURG) = 0
3720089 tgkill(3720077, 3720116, SIGURG) = 0
3720071 tgkill(3720070, 3720176, SIGURG) = 0
3720105 tgkill(3720095, 3720114, SIGURG) = 0
3720098 tgkill(3720087, 3720111, SIGURG) = 0
3720081 tgkill(3720076, 3720092, SIGURG) = 0
3720089 tgkill(3720077, 3720116, SIGURG) = 0
3720071 tgkill(3720070, 3720176, SIGURG) = 0
3720081 tgkill(3720076, 3720092, SIGURG) = 0
3720089 tgkill(3720077, 3720116, SIGURG) = 0
3720071 tgkill(3720070, 3720176, SIGURG) = 0
3720105 tgkill(3720095, 3720114, SIGURG) = 0
3720098 tgkill(3720087, 3720111, SIGURG) = 0
3720098 tgkill(3720087, 3720111, SIGURG) = 0
3720071 tgkill(3720070, 3720176, SIGURG) = 0
3720071 tgkill(3720070, 3720176, SIGURG) = 0
3720071 tgkill(3720070, 3720176, SIGURG) = 0
3720071 tgkill(3720070, 3720176, SIGURG) = 0
3720081 tgkill(3720076, 3720092, SIGURG) = 0
3720089 tgkill(3720077, 3720116, SIGURG) = 0
3720105 tgkill(3720095, 3720114, SIGURG) = 0
3720098 tgkill(3720087, 3720111, SIGURG) = 0
3720089 tgkill(3720077, 3720116, SIGURG) = 0
3720071 tgkill(3720070, 3720176, SIGURG) = 0
3720105 tgkill(3720095, 3720114, SIGURG) = 0
3720105 tgkill(3720095, 3720114, SIGURG <unfinished ...>
3720098 tgkill(3720087, 3720111, SIGURG <unfinished ...>
3720105 <... tgkill resumed>)           = 0
3720098 <... tgkill resumed>)           = 0
3720098 tgkill(3720087, 3720111, SIGURG) = 0
3720098 tgkill(3720087, 3720111, SIGURG) = 0
3720098 tgkill(3720087, 3720111, SIGURG) = 0
3720089 tgkill(3720077, 3720116, SIGURG) = 0
3720071 tgkill(3720070, 3720176, SIGURG) = 0
3720071 tgkill(3720070, 3720176, SIGURG) = 0
3720071 tgkill(3720070, 3720176, SIGURG) = 0
3720071 tgkill(3720070, 3720176, SIGURG) = 0
3720071 tgkill(3720070, 3720176, SIGURG) = 0
3720105 tgkill(3720095, 3720114, SIGURG) = 0
3720089 tgkill(3720077, 3720116, SIGURG) = 0
3720089 tgkill(3720077, 3720116, SIGURG) = 0
3720098 tgkill(3720087, 3720111, SIGURG) = 0
3720105 tgkill(3720095, 3720114, SIGURG) = 0
3720081 tgkill(3720076, 3720092, SIGURG) = 0
3720089 tgkill(3720077, 3720116, SIGURG) = 0
3720071 tgkill(3720070, 3720176, SIGURG) = 0
3720098 tgkill(3720087, 3720111, SIGURG) = 0
3720098 tgkill(3720087, 3720111, SIGURG) = 0
3720081 tgkill(3720076, 3720092, SIGURG) = 0
3720081 tgkill(3720076, 3720092, SIGURG) = 0
3720105 tgkill(3720095, 3720114, SIGURG) = 0
3720071 tgkill(3720070, 3720176, SIGURG) = 0
3720071 tgkill(3720070, 3720176, SIGURG) = 0
3720071 tgkill(3720070, 3720176, SIGURG) = 0
3720089 tgkill(3720077, 3720116, SIGURG) = 0
3720071 tgkill(3720070, 3720176, SIGURG) = 0
3720071 tgkill(3720070, 3720176, SIGURG) = 0
3720105 tgkill(3720095, 3720114, SIGURG) = 0
3720071 tgkill(3720070, 3720176, SIGURG) = 0
3720098 tgkill(3720087, 3720111, SIGURG <unfinished ...>
3720105 tgkill(3720095, 3720114, SIGURG <unfinished ...>
3720098 <... tgkill resumed>)           = 0
3720081 tgkill(3720076, 3720092, SIGURG <unfinished ...>
3720105 <... tgkill resumed>)           = 0
3720081 <... tgkill resumed>)           = 0
3720089 tgkill(3720077, 3720116, SIGURG) = 0
3720071 tgkill(3720070, 3720176, SIGURG) = 0
3720071 tgkill(3720070, 3720176, SIGURG) = 0
3720098 tgkill(3720087, 3720111, SIGURG) = 0
3720081 tgkill(3720076, 3720092, SIGURG) = 0
3720105 tgkill(3720095, 3720114, SIGURG) = 0
3720071 tgkill(3720070, 3720176, SIGURG) = 0
3720098 tgkill(3720087, 3720111, SIGURG) = 0
3720089 tgkill(3720077, 3720116, SIGURG) = 0
3720081 tgkill(3720076, 3720092, SIGURG) = 0
3720071 tgkill(3720070, 3720176, SIGURG) = 0
3720081 tgkill(3720076, 3720092, SIGURG) = 0
3720098 tgkill(3720087, 3720111, SIGURG) = 0
3720105 tgkill(3720095, 3720114, SIGURG) = 0
3720105 tgkill(3720095, 3720114, SIGURG) = 0
3720089 tgkill(3720077, 3720116, SIGURG) = 0
3720081 tgkill(3720076, 3720092, SIGURG) = 0
3720081 tgkill(3720076, 3720092, SIGURG <unfinished ...>
3720071 tgkill(3720070, 3720176, SIGURG <unfinished ...>
3720081 <... tgkill resumed>)           = 0
3720071 <... tgkill resumed>)           = 0
3720081 tgkill(3720076, 3720092, SIGURG) = 0
3720071 tgkill(3720070, 3720176, SIGURG) = 0
3720071 tgkill(3720070, 3720176, SIGURG) = 0
3720098 tgkill(3720087, 3720111, SIGURG) = 0
3720098 tgkill(3720087, 3720111, SIGURG) = 0
3720098 tgkill(3720087, 3720111, SIGURG) = 0
3720071 tgkill(3720070, 3720176, SIGURG) = 0
3720105 tgkill(3720095, 3720114, SIGURG <unfinished ...>
3720098 tgkill(3720087, 3720111, SIGURG <unfinished ...>
3720105 <... tgkill resumed>)           = 0
3720098 <... tgkill resumed>)           = 0
3720098 tgkill(3720087, 3720111, SIGURG) = 0
3720081 tgkill(3720076, 3720092, SIGURG) = 0
3720105 tgkill(3720095, 3720114, SIGURG) = 0
3720071 tgkill(3720070, 3720176, SIGURG) = 0
3720071 tgkill(3720070, 3720176, SIGURG) = 0
3720071 tgkill(3720070, 3720176, SIGURG) = 0
3720071 tgkill(3720070, 3720176, SIGURG) = 0
3720089 tgkill(3720077, 3720116, SIGURG) = 0
3720071 tgkill(3720070, 3720176, SIGURG) = 0
3720098 tgkill(3720087, 3720111, SIGURG) = 0
3720098 tgkill(3720087, 3720111, SIGURG) = 0
3720071 tgkill(3720070, 3720176, SIGURG) = 0
3720071 tgkill(3720070, 3720176, SIGURG) = 0
3720071 tgkill(3720070, 3720176, SIGURG) = 0
3720105 tgkill(3720095, 3720114, SIGURG) = 0
3720071 tgkill(3720070, 3720176, SIGURG <unfinished ...>
3720105 tgkill(3720095, 3720114, SIGURG <unfinished ...>
3720071 <... tgkill resumed>)           = 0
3720105 <... tgkill resumed>)           = 0
3720105 tgkill(3720095, 3720114, SIGURG) = 0
3720071 tgkill(3720070, 3720176, SIGURG) = 0
3720089 tgkill(3720077, 3720116, SIGURG) = 0
3720071 tgkill(3720070, 3720176, SIGURG) = 0
3720089 tgkill(3720077, 3720116, SIGURG) = 0
3720081 tgkill(3720076, 3720092, SIGURG) = 0
3720089 tgkill(3720077, 3720116, SIGURG) = 0
3720081 tgkill(3720076, 3720092, SIGURG) = 0
3720089 tgkill(3720077, 3720116, SIGURG) = 0
3720071 tgkill(3720070, 3720176, SIGURG <unfinished ...>
3720081 tgkill(3720076, 3720092, SIGURG <unfinished ...>
3720071 <... tgkill resumed>)           = 0
3720081 <... tgkill resumed>)           = 0
3720081 tgkill(3720076, 3720092, SIGURG) = 0
3720081 tgkill(3720076, 3720092, SIGURG <unfinished ...>
3720071 tgkill(3720070, 3720176, SIGURG <unfinished ...>
3720081 <... tgkill resumed>)           = 0
3720071 <... tgkill resumed>)           = 0
3720071 tgkill(3720070, 3720176, SIGURG) = 0
3720071 tgkill(3720070, 3720176, SIGURG) = 0
3720071 tgkill(3720070, 3720176, SIGURG) = 0
3720071 tgkill(3720070, 3720176, SIGURG) = 0
3720071 tgkill(3720070, 3720176, SIGURG) = 0
3720071 tgkill(3720070, 3720176, SIGURG) = 0
3720098 tgkill(3720087, 3720111, SIGURG) = 0
3720098 tgkill(3720087, 3720111, SIGURG) = 0
3720098 tgkill(3720087, 3720111, SIGURG) = 0
3720105 tgkill(3720095, 3720114, SIGURG) = 0
3720089 tgkill(3720077, 3720116, SIGURG) = 0
3720071 tgkill(3720070, 3720176, SIGURG) = 0
3720081 tgkill(3720076, 3720092, SIGURG) = 0
3720098 tgkill(3720087, 3720111, SIGURG) = 0
3720105 tgkill(3720095, 3720114, SIGURG) = 0
3720089 tgkill(3720077, 3720116, SIGURG) = 0
3720105 tgkill(3720095, 3720114, SIGURG) = 0
3720105 tgkill(3720095, 3720114, SIGURG) = 0
3720105 tgkill(3720095, 3720114, SIGURG) = 0
3720105 tgkill(3720095, 3720114, SIGURG) = 0
3720105 tgkill(3720095, 3720114, SIGURG) = 0
3720081 tgkill(3720076, 3720092, SIGURG) = 0
3720089 tgkill(3720077, 3720116, SIGURG) = 0
3720105 tgkill(3720095, 3720114, SIGURG) = 0
3720105 tgkill(3720095, 3720114, SIGURG) = 0
3720098 tgkill(3720087, 3720111, SIGURG) = 0
3720081 tgkill(3720076, 3720092, SIGURG) = 0
3720098 tgkill(3720087, 3720111, SIGURG) = 0
3720081 tgkill(3720076, 3720092, SIGURG) = 0
3720098 tgkill(3720087, 3720111, SIGURG) = 0
3720081 tgkill(3720076, 3720092, SIGURG <unfinished ...>
3720098 tgkill(3720087, 3720111, SIGURG <unfinished ...>
3720081 <... tgkill resumed>)           = 0
3720098 <... tgkill resumed>)           = 0
3720098 tgkill(3720087, 3720111, SIGURG <unfinished ...>
3720081 tgkill(3720076, 3720092, SIGURG <unfinished ...>
3720098 <... tgkill resumed>)           = 0
3720081 <... tgkill resumed>)           = 0
3720081 tgkill(3720076, 3720092, SIGURG) = 0
3720071 tgkill(3720070, 3720176, SIGURG) = 0
3720071 tgkill(3720070, 3720176, SIGURG) = 0
3720071 tgkill(3720070, 3720176, SIGURG) = 0
3720071 tgkill(3720070, 3720176, SIGURG) = 0
3720071 tgkill(3720070, 3720176, SIGURG) = 0
3720105 tgkill(3720095, 3720114, SIGURG) = 0
3720071 tgkill(3720070, 3720176, SIGURG) = 0
3720071 tgkill(3720070, 3720176, SIGURG) = 0
3720098 tgkill(3720087, 3720111, SIGURG) = 0
3720081 tgkill(3720076, 3720092, SIGURG) = 0
3720089 tgkill(3720077, 3720116, SIGURG) = 0
3720105 tgkill(3720095, 3720114, SIGURG) = 0
3720105 tgkill(3720095, 3720114, SIGURG) = 0
3720105 tgkill(3720095, 3720114, SIGURG) = 0
3720071 tgkill(3720070, 3720176, SIGURG) = 0
3720105 tgkill(3720095, 3720114, SIGURG) = 0
3720089 tgkill(3720077, 3720116, SIGURG) = 0
3720089 tgkill(3720077, 3720116, SIGURG) = 0
3720071 tgkill(3720070, 3720176, SIGURG) = 0
3720098 tgkill(3720087, 3720111, SIGURG) = 0
3720071 tgkill(3720070, 3720176, SIGURG) = 0
3720098 tgkill(3720087, 3720111, SIGURG) = 0
3720081 tgkill(3720076, 3720092, SIGURG) = 0
3720105 tgkill(3720095, 3720114, SIGURG <unfinished ...>
3720089 tgkill(3720077, 3720116, SIGURG <unfinished ...>
3720105 <... tgkill resumed>)           = 0
3720089 <... tgkill resumed>)           = 0
3720081 tgkill(3720076, 3720092, SIGURG <unfinished ...>
3720105 tgkill(3720095, 3720114, SIGURG <unfinished ...>
3720081 <... tgkill resumed>)           = 0
3720105 <... tgkill resumed>)           = 0
3720071 tgkill(3720070, 3720176, SIGURG) = 0
3720081 tgkill(3720076, 3720092, SIGURG) = 0
3720105 tgkill(3720095, 3720114, SIGURG) = 0
3720081 tgkill(3720076, 3720092, SIGURG) = 0
3720105 tgkill(3720095, 3720114, SIGURG) = 0
3720081 tgkill(3720076, 3720092, SIGURG) = 0
3720105 tgkill(3720095, 3720114, SIGURG) = 0
3720081 tgkill(3720076, 3720092, SIGURG) = 0
3720105 tgkill(3720095, 3720114, SIGURG) = 0
3720081 tgkill(3720076, 3720092, SIGURG <unfinished ...>
3720105 tgkill(3720095, 3720114, SIGURG <unfinished ...>
3720081 <... tgkill resumed>)           = 0
3720105 <... tgkill resumed>)           = 0
3720081 tgkill(3720076, 3720092, SIGURG) = 0
3720105 tgkill(3720095, 3720114, SIGURG) = 0
3720081 tgkill(3720076, 3720092, SIGURG <unfinished ...>
3720071 tgkill(3720070, 3720176, SIGURG <unfinished ...>
3720081 <... tgkill resumed>)           = 0
3720071 <... tgkill resumed>)           = 0
3720105 tgkill(3720095, 3720114, SIGURG) = 0
3720081 tgkill(3720076, 3720092, SIGURG) = 0
3720071 tgkill(3720070, 3720176, SIGURG <unfinished ...>
3720105 tgkill(3720095, 3720114, SIGURG <unfinished ...>
3720071 <... tgkill resumed>)           = 0
3720105 <... tgkill resumed>)           = 0
3720105 tgkill(3720095, 3720114, SIGURG) = 0
3720089 tgkill(3720077, 3720116, SIGURG) = 0
3720105 tgkill(3720095, 3720114, SIGURG) = 0
3720081 tgkill(3720076, 3720092, SIGURG <unfinished ...>
3720105 tgkill(3720095, 3720114, SIGURG <unfinished ...>
3720081 <... tgkill resumed>)           = 0
3720105 <... tgkill resumed>)           = 0
3720105 tgkill(3720095, 3720114, SIGURG <unfinished ...>
3720081 tgkill(3720076, 3720092, SIGURG <unfinished ...>
3720105 <... tgkill resumed>)           = 0
3720081 <... tgkill resumed>)           = 0
3720105 tgkill(3720095, 3720114, SIGURG) = 0
3720105 tgkill(3720095, 3720114, SIGURG) = 0
3720105 tgkill(3720095, 3720114, SIGURG) = 0
3720105 tgkill(3720095, 3720114, SIGURG) = 0
3720105 tgkill(3720095, 3720114, SIGURG) = 0
3720105 tgkill(3720095, 3720114, SIGURG) = 0
3720105 tgkill(3720095, 3720114, SIGURG) = 0
3720071 tgkill(3720070, 3720176, SIGURG) = 0
3720098 tgkill(3720087, 3720111, SIGURG <unfinished ...>
3720081 tgkill(3720076, 3720092, SIGURG <unfinished ...>
3720098 <... tgkill resumed>)           = 0
3720081 <... tgkill resumed>)           = 0
3720105 tgkill(3720095, 3720114, SIGURG) = 0
3720089 tgkill(3720077, 3720116, SIGURG) = 0
3720071 tgkill(3720070, 3720176, SIGURG) = 0
3720098 tgkill(3720087, 3720111, SIGURG) = 0
3720081 tgkill(3720076, 3720092, SIGURG) = 0
3720098 tgkill(3720087, 3720111, SIGURG) = 0
3720071 tgkill(3720070, 3720176, SIGURG) = 0
3720081 tgkill(3720076, 3720092, SIGURG) = 0
3720098 tgkill(3720087, 3720111, SIGURG) = 0
3720081 tgkill(3720076, 3720092, SIGURG) = 0
3720105 tgkill(3720095, 3720114, SIGURG <unfinished ...>
3720098 tgkill(3720087, 3720111, SIGURG <unfinished ...>
3720105 <... tgkill resumed>)           = 0
3720098 <... tgkill resumed>)           = 0
3720105 tgkill(3720095, 3720114, SIGURG <unfinished ...>
3720098 tgkill(3720087, 3720111, SIGURG <unfinished ...>
3720105 <... tgkill resumed>)           = 0
3720098 <... tgkill resumed>)           = 0
3720098 tgkill(3720087, 3720111, SIGURG) = 0
3720105 tgkill(3720095, 3720114, SIGURG) = 0
3720105 tgkill(3720095, 3720114, SIGURG) = 0
3720105 tgkill(3720095, 3720114, SIGURG) = 0
3720089 tgkill(3720077, 3720116, SIGURG) = 0
3720098 tgkill(3720087, 3720111, SIGURG) = 0
3720089 tgkill(3720077, 3720116, SIGURG) = 0
3720071 tgkill(3720070, 3720176, SIGURG) = 0
3720105 tgkill(3720095, 3720114, SIGURG) = 0
3720098 tgkill(3720087, 3720111, SIGURG) = 0
3720089 tgkill(3720077, 3720116, SIGURG <unfinished ...>
3720081 tgkill(3720076, 3720092, SIGURG <unfinished ...>
3720089 <... tgkill resumed>)           = 0
3720081 <... tgkill resumed>)           = 0
3720098 tgkill(3720087, 3720111, SIGURG <unfinished ...>
3720081 tgkill(3720076, 3720092, SIGURG) = 0
3720098 <... tgkill resumed>)           = 0
3720105 tgkill(3720095, 3720114, SIGURG) = 0
3720081 tgkill(3720076, 3720092, SIGURG <unfinished ...>
3720089 tgkill(3720077, 3720116, SIGURG <unfinished ...>
3720081 <... tgkill resumed>)           = 0
3720089 <... tgkill resumed>)           = 0
3720081 tgkill(3720076, 3720092, SIGURG) = 0
3720081 tgkill(3720076, 3720092, SIGURG) = 0
3720081 tgkill(3720076, 3720092, SIGURG) = 0
3720098 tgkill(3720087, 3720111, SIGURG) = 0
3720071 tgkill(3720070, 3720176, SIGURG) = 0
3720089 tgkill(3720077, 3720116, SIGURG) = 0
3720105 tgkill(3720095, 3720114, SIGURG) = 0
3720071 tgkill(3720070, 3720176, SIGURG) = 0
3720071 tgkill(3720070, 3720176, SIGURG) = 0
3720105 tgkill(3720095, 3720114, SIGURG <unfinished ...>
3720089 tgkill(3720077, 3720116, SIGURG) = 0
3720105 <... tgkill resumed>)           = 0
3720081 tgkill(3720076, 3720092, SIGURG) = 0
3720098 tgkill(3720087, 3720111, SIGURG) = 0
3720071 tgkill(3720070, 3720176, SIGURG) = 0
3720105 tgkill(3720095, 3720114, SIGURG) = 0
3720105 tgkill(3720095, 3720114, SIGURG) = 0
3720105 tgkill(3720095, 3720114, SIGURG) = 0
3720081 tgkill(3720076, 3720092, SIGURG) = 0
3720098 tgkill(3720087, 3720111, SIGURG) = 0
3720089 tgkill(3720077, 3720116, SIGURG) = 0
3720071 tgkill(3720070, 3720176, SIGURG) = 0
3720098 tgkill(3720087, 3720111, SIGURG) = 0
3720089 tgkill(3720077, 3720116, SIGURG <unfinished ...>
3720098 tgkill(3720087, 3720111, SIGURG) = 0
3720089 <... tgkill resumed>)           = 0
3720081 tgkill(3720076, 3720092, SIGURG) = 0
3720071 tgkill(3720070, 3720176, SIGURG) = 0
3720105 tgkill(3720095, 3720114, SIGURG) = 0
3720071 tgkill(3720070, 3720176, SIGURG) = 0
3720105 tgkill(3720095, 3720114, SIGURG) = 0
3720071 tgkill(3720070, 3720176, SIGURG) = 0
3720071 tgkill(3720070, 3720176, SIGURG) = 0
3720081 tgkill(3720076, 3720092, SIGURG <unfinished ...>
3720098 tgkill(3720087, 3720111, SIGURG <unfinished ...>
3720081 <... tgkill resumed>)           = 0
3720098 <... tgkill resumed>)           = 0
3720081 tgkill(3720076, 3720092, SIGURG) = 0
3720071 tgkill(3720070, 3720176, SIGURG <unfinished ...>
3720081 tgkill(3720076, 3720092, SIGURG) = 0
3720071 <... tgkill resumed>)           = 0
3720105 tgkill(3720095, 3720114, SIGURG) = 0
3720105 tgkill(3720095, 3720114, SIGURG) = 0
3720105 tgkill(3720095, 3720114, SIGURG) = 0
3720089 tgkill(3720077, 3720116, SIGURG) = 0
3720081 tgkill(3720076, 3720092, SIGURG) = 0
3720089 tgkill(3720077, 3720116, SIGURG) = 0
3720071 tgkill(3720070, 3720176, SIGURG) = 0
3720071 tgkill(3720070, 3720176, SIGURG) = 0
3720098 tgkill(3720087, 3720111, SIGURG) = 0
3720105 tgkill(3720095, 3720114, SIGURG) = 0
3720089 tgkill(3720077, 3720116, SIGURG) = 0
3720081 tgkill(3720076, 3720092, SIGURG) = 0
3720071 tgkill(3720070, 3720176, SIGURG) = 0
3720105 tgkill(3720095, 3720114, SIGURG <unfinished ...>
3720089 tgkill(3720077, 3720116, SIGURG <unfinished ...>
3720105 <... tgkill resumed>)           = 0
3720098 tgkill(3720087, 3720111, SIGURG <unfinished ...>
3720089 <... tgkill resumed>)           = 0
3720098 <... tgkill resumed>)           = 0
3720081 tgkill(3720076, 3720092, SIGURG) = 0
3720081 tgkill(3720076, 3720092, SIGURG) = 0
3720105 tgkill(3720095, 3720114, SIGURG <unfinished ...>
3720098 tgkill(3720087, 3720111, SIGURG <unfinished ...>
3720105 <... tgkill resumed>)           = 0
3720098 <... tgkill resumed>)           = 0
3720089 tgkill(3720077, 3720116, SIGURG) = 0
3720071 tgkill(3720070, 3720176, SIGURG) = 0
3720071 tgkill(3720070, 3720176, SIGURG) = 0
3720081 tgkill(3720076, 3720092, SIGURG) = 0
3720089 tgkill(3720077, 3720116, SIGURG) = 0
3720071 tgkill(3720070, 3720176, SIGURG) = 0
3720105 tgkill(3720095, 3720114, SIGURG) = 0
3720098 tgkill(3720087, 3720111, SIGURG) = 0
3720081 tgkill(3720076, 3720092, SIGURG) = 0
3720081 tgkill(3720076, 3720092, SIGURG) = 0
3720089 tgkill(3720077, 3720116, SIGURG) = 0
3720071 tgkill(3720070, 3720176, SIGURG) = 0
3720071 tgkill(3720070, 3720176, SIGURG) = 0
3720098 tgkill(3720087, 3720111, SIGURG) = 0
3720105 tgkill(3720095, 3720114, SIGURG) = 0
3720105 tgkill(3720095, 3720114, SIGURG <unfinished ...>
3720098 tgkill(3720087, 3720111, SIGURG <unfinished ...>
3720105 <... tgkill resumed>)           = 0
3720098 <... tgkill resumed>)           = 0
3720105 tgkill(3720095, 3720114, SIGURG) = 0
3720105 tgkill(3720095, 3720114, SIGURG) = 0
3720081 tgkill(3720076, 3720092, SIGURG <unfinished ...>
3720089 tgkill(3720077, 3720116, SIGURG <unfinished ...>
3720081 <... tgkill resumed>)           = 0
3720089 <... tgkill resumed>)           = 0
3720071 tgkill(3720070, 3720176, SIGURG) = 0
3720105 tgkill(3720095, 3720114, SIGURG) = 0
3720098 tgkill(3720087, 3720111, SIGURG) = 0
3720089 tgkill(3720077, 3720116, SIGURG) = 0
3720081 tgkill(3720076, 3720092, SIGURG) = 0
3720089 tgkill(3720077, 3720116, SIGURG) = 0
3720098 tgkill(3720087, 3720111, SIGURG) = 0
3720071 tgkill(3720070, 3720176, SIGURG) = 0
3720071 tgkill(3720070, 3720176, SIGURG) = 0
3720105 tgkill(3720095, 3720114, SIGURG) = 0
3720105 tgkill(3720095, 3720114, SIGURG) = 0
3720105 tgkill(3720095, 3720114, SIGURG) = 0
3720105 tgkill(3720095, 3720114, SIGURG) = 0
3720105 tgkill(3720095, 3720114, SIGURG) = 0
3720071 tgkill(3720070, 3720176, SIGURG) = 0
3720105 tgkill(3720095, 3720114, SIGURG) = 0
3720089 tgkill(3720077, 3720116, SIGURG) = 0
3720071 tgkill(3720070, 3720176, SIGURG) = 0
3720105 tgkill(3720095, 3720114, SIGURG) = 0
3720105 tgkill(3720095, 3720114, SIGURG) = 0
3720098 tgkill(3720087, 3720111, SIGURG) = 0
3720081 tgkill(3720076, 3720092, SIGURG) = 0
3720071 tgkill(3720070, 3720176, SIGURG) = 0
3720089 tgkill(3720077, 3720116, SIGURG) = 0
3720081 tgkill(3720076, 3720092, SIGURG) = 0
3720105 tgkill(3720095, 3720114, SIGURG) = 0
3720098 tgkill(3720087, 3720111, SIGURG) = 0
3720071 tgkill(3720070, 3720176, SIGURG) = 0
3720071 tgkill(3720070, 3720176, SIGURG) = 0
3720071 tgkill(3720070, 3720176, SIGURG) = 0
3720081 tgkill(3720076, 3720092, SIGURG) = 0
3720089 tgkill(3720077, 3720116, SIGURG) = 0
3720098 tgkill(3720087, 3720111, SIGURG) = 0
3720081 tgkill(3720076, 3720092, SIGURG) = 0
3720071 tgkill(3720070, 3720176, SIGURG) = 0
3720105 tgkill(3720095, 3720114, SIGURG) = 0
3720089 tgkill(3720077, 3720116, SIGURG) = 0
3720098 tgkill(3720087, 3720111, SIGURG) = 0
3720081 tgkill(3720076, 3720092, SIGURG) = 0
3720071 tgkill(3720070, 3720176, SIGURG) = 0
3720071 tgkill(3720070, 3720176, SIGURG) = 0
3720098 tgkill(3720087, 3720111, SIGURG) = 0
3720081 tgkill(3720076, 3720092, SIGURG) = 0
3720105 tgkill(3720095, 3720114, SIGURG) = 0
3720105 tgkill(3720095, 3720114, SIGURG) = 0
3720089 tgkill(3720077, 3720116, SIGURG) = 0
3720081 tgkill(3720076, 3720092, SIGURG <unfinished ...>
3720071 tgkill(3720070, 3720176, SIGURG <unfinished ...>
3720081 <... tgkill resumed>)           = 0
3720071 <... tgkill resumed>)           = 0
3720098 tgkill(3720087, 3720111, SIGURG) = 0
3720105 tgkill(3720095, 3720114, SIGURG) = 0
3720089 tgkill(3720077, 3720116, SIGURG) = 0
3720105 tgkill(3720095, 3720114, SIGURG <unfinished ...>
3720071 tgkill(3720070, 3720176, SIGURG <unfinished ...>
3720105 <... tgkill resumed>)           = 0
3720071 <... tgkill resumed>)           = 0
3720098 tgkill(3720087, 3720111, SIGURG) = 0
3720098 tgkill(3720087, 3720111, SIGURG) = 0
3720098 tgkill(3720087, 3720111, SIGURG) = 0
3720098 tgkill(3720087, 3720111, SIGURG) = 0
3720081 tgkill(3720076, 3720092, SIGURG) = 0
3720089 tgkill(3720077, 3720116, SIGURG) = 0
3720081 tgkill(3720076, 3720092, SIGURG) = 0
3720081 tgkill(3720076, 3720092, SIGURG) = 0
3720081 tgkill(3720076, 3720092, SIGURG) = 0
3720071 tgkill(3720070, 3720176, SIGURG) = 0
3720071 tgkill(3720070, 3720176, SIGURG) = 0
3720081 tgkill(3720076, 3720092, SIGURG) = 0
3720089 tgkill(3720077, 3720116, SIGURG) = 0
3720071 tgkill(3720070, 3720176, SIGURG) = 0
3720081 tgkill(3720076, 3720092, SIGURG <unfinished ...>
3720098 tgkill(3720087, 3720111, SIGURG <unfinished ...>
3720081 <... tgkill resumed>)           = 0
3720098 <... tgkill resumed>)           = 0
3720089 tgkill(3720077, 3720116, SIGURG) = 0
3720071 tgkill(3720070, 3720176, SIGURG) = 0
3720081 tgkill(3720076, 3720092, SIGURG) = 0
3720081 tgkill(3720076, 3720092, SIGURG) = 0
3720105 tgkill(3720095, 3720114, SIGURG) = 0
3720081 tgkill(3720076, 3720092, SIGURG) = 0
3720089 tgkill(3720077, 3720116, SIGURG <unfinished ...>
3720098 tgkill(3720087, 3720111, SIGURG <unfinished ...>
3720089 <... tgkill resumed>)           = 0
3720098 <... tgkill resumed>)           = 0
3720105 tgkill(3720095, 3720114, SIGURG <unfinished ...>
3720071 tgkill(3720070, 3720176, SIGURG <unfinished ...>
3720105 <... tgkill resumed>)           = 0
3720071 <... tgkill resumed>)           = 0
3720105 tgkill(3720095, 3720114, SIGURG) = 0
3720089 tgkill(3720077, 3720116, SIGURG) = 0
3720071 tgkill(3720070, 3720176, SIGURG) = 0
3720105 tgkill(3720095, 3720114, SIGURG) = 0
3720098 tgkill(3720087, 3720111, SIGURG) = 0
3720105 tgkill(3720095, 3720114, SIGURG) = 0
3720105 tgkill(3720095, 3720114, SIGURG) = 0
3720105 tgkill(3720095, 3720114, SIGURG) = 0
3720081 tgkill(3720076, 3720092, SIGURG) = 0
3720098 tgkill(3720087, 3720111, SIGURG) = 0
3720098 tgkill(3720087, 3720111, SIGURG) = 0
3720098 tgkill(3720087, 3720111, SIGURG) = 0
3720071 tgkill(3720070, 3720176, SIGURG) = 0
3720089 tgkill(3720077, 3720116, SIGURG) = 0
3720098 tgkill(3720087, 3720111, SIGURG) = 0
3720089 tgkill(3720077, 3720116, SIGURG) = 0
3720081 tgkill(3720076, 3720092, SIGURG) = 0
3720081 tgkill(3720076, 3720092, SIGURG) = 0
3720081 tgkill(3720076, 3720092, SIGURG) = 0
3720081 tgkill(3720076, 3720092, SIGURG) = 0
3720081 tgkill(3720076, 3720092, SIGURG) = 0
3720071 tgkill(3720070, 3720176, SIGURG) = 0
3720081 tgkill(3720076, 3720092, SIGURG) = 0
3720071 tgkill(3720070, 3720176, SIGURG) = 0
3720105 tgkill(3720095, 3720114, SIGURG) = 0
3720071 tgkill(3720070, 3720176, SIGURG <unfinished ...>
3720105 tgkill(3720095, 3720114, SIGURG <unfinished ...>
3720071 <... tgkill resumed>)           = 0
3720105 <... tgkill resumed>)           = 0
3720071 tgkill(3720070, 3720176, SIGURG) = 0
3720089 tgkill(3720077, 3720116, SIGURG) = 0
3720098 tgkill(3720087, 3720111, SIGURG) = 0
3720105 tgkill(3720095, 3720114, SIGURG <unfinished ...>
3720089 tgkill(3720077, 3720116, SIGURG <unfinished ...>
3720105 <... tgkill resumed>)           = 0
3720089 <... tgkill resumed>)           = 0
3720071 tgkill(3720070, 3720176, SIGURG) = 0
3720081 tgkill(3720076, 3720092, SIGURG) = 0
3720111 exit_group(0)                   = ?
3720118 +++ exited with 0 +++
3720103 +++ exited with 0 +++
3720110 +++ exited with 0 +++
3720104 +++ exited with 0 +++
3720102 +++ exited with 0 +++
3720115 +++ exited with 0 +++
3720111 +++ exited with 0 +++
3720101 +++ exited with 0 +++
3720098 +++ exited with 0 +++
3720087 +++ exited with 0 +++
3720054 <... waitid resumed>{si_signo=SIGCHLD, si_code=CLD_EXITED, si_pid=3720087, si_uid=1000, si_status=0, si_utime=0, si_stime=0}, WEXITED|WNOWAIT, NULL) = 0
3720054 wait4(3720087, [{WIFEXITED(s) && WEXITSTATUS(s) == 0}], 0, {ru_utime={tv_sec=6, tv_usec=662814}, ru_stime={tv_sec=2, tv_usec=606966}, ru_maxrss=60948, ru_ixrss=0, ru_idrss=0, ru_isrss=0, ru_minflt=6542, ru_majflt=1, ru_nswap=0, ru_inblock=292040, ru_oublock=794096, ru_msgsnd=0, ru_msgrcv=0, ru_nsignals=0, ru_nvcsw=361796, ru_nivcsw=54277}) = 3720087
3720089 tgkill(3720077, 3720116, SIGURG) = 0
3720081 tgkill(3720076, 3720092, SIGURG) = 0
3720105 tgkill(3720095, 3720114, SIGURG) = 0
3720105 tgkill(3720095, 3720114, SIGURG) = 0
3720071 tgkill(3720070, 3720176, SIGURG) = 0
3720052 clone(child_stack=NULL, flags=CLONE_VM|CLONE_VFORK|SIGCHLD <unfinished ...>
3720051 tgkill(3720042, 3720052, SIGURG) = 0
3720205 chdir("/home/judson/dev/h4la/incubator/incubator/shared-resources/multi-db-lambda/.terragrunt-cache/2427359299") = 0
3720205 execve("/nix/store/b6ik2xnqnrgz6gbx420gq4p0if3v2w73-terraform-1.4.6/bin/terraform", ["terraform", "output", "-json"], ["EDITOR=/home/judson/.nix-profile"..., "PWD=/home/judson/dev/h4la/incuba"..., "doCheck=", "cmakeFlags=", "QT_PLUGIN_PATH=/home/judson/.nix"..., "TERM=screen-256color", "TMPDIR=/tmp/nix-shell.SeBFdG", "configureFlags=", "TZDIR=/etc/zoneinfo", "NO_AT_BRIDGE=1", "NIX_ENFORCE_NO_NATIVE=1", "GTK_PATH=/home/judson/.nix-profi"..., "fish_color_search_match=normal -"..., "depsTargetTarget=", "dontAddDisableDepTrack=1", "stdenv=/nix/store/37p8gq9zijbw6p"..., "XDG_CURRENT_DESKTOP=none+xmonad", "__structuredAttrs=", "USER=judson", "XDG_VTNR=7", "LESSKEYIN_SYSTEM=/nix/store/v5id"..., "shell=/nix/store/rhvbjmcfnkg8i2d"..., "GTK_A11Y=none", "LIBEXEC_PATH=/home/judson/.nix-p"..., "SHLVL=2", "NM=nm", "TMUX=/tmp/tmux-1000/default,3175"..., "TEMPDIR=/tmp/nix-shell.SeBFdG", "GIT_TEMPLATE_DIR=", "NIX_CC=/nix/store/7wkshj58fcsl1f"..., "depsHostHostPropagated=", "XDG_SESSION_DESKTOP=none+xmonad", "MOZ_PLUGIN_PATH=/home/judson/.ni"..., "origSystem=x86_64-linux", "_PYTHON_SYSCONFIGDATA_NAME=_sysc"..., "system=x86_64-linux", "SIZE=size", "RANLIB=ranlib", "COLORTERM=truecolor", "origExtraClosure=", "propagatedBuildInputs=", "IN_NIX_SHELL=impure", "WINDOWID=109051906", "NIX_PROFILES=/run/current-system"..., "TERMINFO_DIRS=/home/judson/.nix-"..., "XDG_SESSION_CLASS=user", "TERM_PROGRAM_VERSION=3.3a", "PASSWORD_STORE_X_SELECTION=prima"..., "CONFIG_SHELL=/nix/store/rhvbjmcf"..., "depsBuildBuild=", "__ETC_PROFILE_DONE=1", "DIRENV_FILE=/home/judson/dev/h4l"..., "XCURSOR_PATH=/home/judson/.icons"..., "__HM_SESS_VARS_SOURCED=1", "LOCALE_ARCHIVE=/run/current-syst"..., "CLOUDFLARE_API_TOKEN=aBjBCySoL1u"..., "PYTHONNOUSERSITE=1", "buildInputs=/nix/store/g044pvzvs"..., "NIX_REMOTE=daemon", "out=/home/judson/dev/h4la/incuba"..., "depsBuildTargetPropagated=", "XAUTHORITY=/home/judson/.Xauthor"..., "READELF=readelf", "propagatedNativeBuildInputs=", "origArgs=-e /nix/store/9krlzvny6"..., "preferLocalBuild=1", "DIRENV_DIFF=eJzsfFlz3Di25l9R5NyH"..., "USE_GKE_GCLOUD_AUTH_PLUGIN=True", "PAGER=bat", "MANPAGER=bat --style=plain", "origPATH=", "XDG_SESSION_ID=2", "PATH=/nix/store/ywwjpdyhar4f3vcq"..., "TMUX_PANE=%180", "DOCKER_BUILDKIT=1", "DIRENV_WATCHES=eJyk0L1urDAQxfF3c"..., "HOME=/home/judson", "LOCALE_ARCHIVE_2_27=/nix/store/j"..., "DESKTOP_SESSION=/nix/store/2fqxs"..., "NIX_HARDENING_ENABLE=fortify sta"..., "XDG_CONFIG_DIRS=/etc/xdg:/home/j"..., "XDG_DATA_DIRS=/nix/store/ywwjpdy"..., "depsBuildBuildPropagated=", "XDG_SEAT=seat0", "LOGNAME=judson", "TMUX_SESSION_NAME=Incubator", "MANPATH=/home/judson/.nix-profil"..., "name=nix-shell-env", "_fish_abbr_ta=task add project:Y"..., "SSH_AUTH_SOCK=/run/user/1000/gnu"..., "LESSOPEN=|/nix/store/crazpxcz4yq"..., "XDG_RUNTIME_DIR=/run/user/1000", "KREW_ROOT=/home/judson/dev/YM/ti"..., "DBUS_SESSION_BUS_ADDRESS=unix:pa"..., "ALACRITTY_SOCKET=/run/user/1000/"..., "PYTHONPATH=/nix/store/g044pvzvs5"..., "_fish_abbr_cfk9=env HTTPS_PROXY="..., "ALACRITTY_WINDOW_ID=6291458", "doInstallCheck=", "NIX_CFLAGS_COMPILE= -frandom-see"..., "NIX_BINTOOLS_WRAPPER_TARGET_HOST"..., "CUPS_DATADIR=/nix/store/iwg3352q"..., "GOPATH=/home/judson/golang", "LD=ld", "NIX_LDFLAGS=-rpath /home/judson/"..., "XDG_SESSION_PATH=/org/freedeskto"..., "LANG=en_US.UTF-8", "KDEDIRS=/home/judson/.nix-profil"..., "NIXPKGS_CONFIG=/etc/nix/nixpkgs-"..., "nativeBuildInputs=", "SLACK_CLI_TOKEN=xoxb-17515591328"..., "STRIP=strip", "AR=ar", "STRINGS=strings", "GIT_SSH=ssh", "DETERMINISTIC_BUILD=1", "PYTHONHASHSEED=0", "INFOPATH=/home/judson/.nix-profi"..., "_PYTHON_HOST_PLATFORM=linux-x86_"..., "TMP=/tmp/nix-shell.SeBFdG", "SOURCE_DATE_EPOCH=315532800", "buildPhase={ echo \"-------------"..., "LAST_STATUS=0", "OBJDUMP=objdump", "DISPLAY=:0", "AS=as", "depsBuildTarget=", "CMD_SECONDS=0.079", "mesonFlags=", "GPG_TTY=/dev/pts/0", "NIX_USER_PROFILE_DIR=/nix/var/ni"..., "NIX_STORE=/nix/store", "RIPGREP_CONFIG_PATH=/home/judson"..., "BROWSER=google-chrome-stable", "BAT_THEME=ansi", "ALACRITTY_LOG=/tmp/Alacritty-217"..., "CC=gcc", "outputs=out", "CXX=g++", "strictDeps=", "GOPRIVATE=github.com/ymeadows", "LS_COLORS=rs=0:di=01;34:ln=01;36"..., "TEMP=/tmp/nix-shell.SeBFdG", "OLDPWD=/home/judson", "AWS_PROFILE=hfla", "SSH_ASKPASS=/nix/store/159sa0fy4"..., "NIX_CC_WRAPPER_TARGET_HOST_x86_6"..., "phases=buildPhase", "builder=/nix/store/rhvbjmcfnkg8i"..., "NIX_BINTOOLS=/nix/store/rbwalnmk"..., "depsHostHost=", "NIX_BUILD_CORES=4", "shellHook=", "NIX_BUILD_TOP=/tmp/nix-shell.SeB"..., "DIRENV_DIR=-/home/judson/dev/h4l"..., "QTWEBKIT_PLUGIN_PATH=/home/judso"..., "NIX_PATH=/home/judson/.nix-defex"..., "OBJCOPY=objcopy", "FZF_DEFAULT_COMMAND=rg --color n"..., "XDG_SEAT_PATH=/org/freedesktop/D"..., "SHELL=/run/current-system/sw/bin"..., "TASKRC=/home/judson/dev/YM/tierz"..., "S3_ACCESS_KEY=2NL6FZ3C7F5172O2OL"..., "depsTargetTargetPropagated=", "preHook=", "TERM_PROGRAM=tmux", "CREATE_TUNNELS=yes", "GPG_AGENT_INFO=/tmp/gpg-KucIiP/S"..., "patches=", "HOST_PATH=/nix/store/g044pvzvs5c"..., "__NIXOS_SET_ENVIRONMENT_DONE=1", "XDG_SESSION_TYPE=x11"] <unfinished ...>
3720052 <... clone resumed>)            = 3720205
3720205 <... execve resumed>)           = 0
3720089 tgkill(3720077, 3720116, SIGURG) = 0
3720052 waitid(P_PID, 3720205,  <unfinished ...>
3720071 tgkill(3720070, 3720176, SIGURG) = 0
3720105 tgkill(3720095, 3720114, SIGURG) = 0
3720081 tgkill(3720076, 3720092, SIGURG) = 0
3720089 tgkill(3720077, 3720116, SIGURG) = 0
3720071 tgkill(3720070, 3720176, SIGURG) = 0
3720105 tgkill(3720095, 3720114, SIGURG) = 0
3720081 tgkill(3720076, 3720092, SIGURG) = 0
3720089 tgkill(3720077, 3720116, SIGURG) = 0
3720205 clone3({flags=CLONE_VM|CLONE_FS|CLONE_FILES|CLONE_SIGHAND|CLONE_THREAD|CLONE_SYSVSEM|CLONE_SETTLS|CLONE_PARENT_SETTID|CLONE_CHILD_CLEARTID, child_tid=0x7f4e1506f990, parent_tid=0x7f4e1506f990, exit_signal=0, stack=0x7f4e1486f000, stack_size=0x7fff80, tls=0x7f4e1506f6c0} => {parent_tid=[3720206]}, 88) = 3720206
3720205 clone3({flags=CLONE_VM|CLONE_FS|CLONE_FILES|CLONE_SIGHAND|CLONE_THREAD|CLONE_SYSVSEM|CLONE_SETTLS|CLONE_PARENT_SETTID|CLONE_CHILD_CLEARTID, child_tid=0x7f4e1486e990, parent_tid=0x7f4e1486e990, exit_signal=0, stack=0x7f4e1406e000, stack_size=0x7fff80, tls=0x7f4e1486e6c0} => {parent_tid=[3720207]}, 88) = 3720207
3720205 clone3({flags=CLONE_VM|CLONE_FS|CLONE_FILES|CLONE_SIGHAND|CLONE_THREAD|CLONE_SYSVSEM|CLONE_SETTLS|CLONE_PARENT_SETTID|CLONE_CHILD_CLEARTID, child_tid=0x7f4e0c06d990, parent_tid=0x7f4e0c06d990, exit_signal=0, stack=0x7f4e0b86d000, stack_size=0x7fff80, tls=0x7f4e0c06d6c0} => {parent_tid=[3720208]}, 88) = 3720208
3720207 clone3({flags=CLONE_VM|CLONE_FS|CLONE_FILES|CLONE_SIGHAND|CLONE_THREAD|CLONE_SYSVSEM|CLONE_SETTLS|CLONE_PARENT_SETTID|CLONE_CHILD_CLEARTID, child_tid=0x7f4e0ffff990, parent_tid=0x7f4e0ffff990, exit_signal=0, stack=0x7f4e0f7ff000, stack_size=0x7fff80, tls=0x7f4e0ffff6c0} => {parent_tid=[3720209]}, 88) = 3720209
3720205 clone3({flags=CLONE_VM|CLONE_FS|CLONE_FILES|CLONE_SIGHAND|CLONE_THREAD|CLONE_SYSVSEM|CLONE_SETTLS|CLONE_PARENT_SETTID|CLONE_CHILD_CLEARTID, child_tid=0x7f4e0f7fe990, parent_tid=0x7f4e0f7fe990, exit_signal=0, stack=0x7f4e0effe000, stack_size=0x7fff80, tls=0x7f4e0f7fe6c0} => {parent_tid=[3720210]}, 88) = 3720210
3720071 tgkill(3720070, 3720176, SIGURG) = 0
3720105 tgkill(3720095, 3720114, SIGURG) = 0
3720206 tgkill(3720205, 3720205, SIGURG) = 0
3720206 tgkill(3720205, 3720205, SIGURG) = 0
3720206 tgkill(3720205, 3720205, SIGURG) = 0
3720206 tgkill(3720205, 3720205, SIGURG) = 0
3720081 tgkill(3720076, 3720092, SIGURG) = 0
3720089 tgkill(3720077, 3720116, SIGURG) = 0
3720207 clone3({flags=CLONE_VM|CLONE_FS|CLONE_FILES|CLONE_SIGHAND|CLONE_THREAD|CLONE_SYSVSEM|CLONE_SETTLS|CLONE_PARENT_SETTID|CLONE_CHILD_CLEARTID, child_tid=0x7f4e0ef7d990, parent_tid=0x7f4e0ef7d990, exit_signal=0, stack=0x7f4e0e77d000, stack_size=0x7fff80, tls=0x7f4e0ef7d6c0} => {parent_tid=[3720211]}, 88) = 3720211
3720209 tgkill(3720205, 3720205, SIGURG) = 0
3720209 tgkill(3720205, 3720205, SIGURG) = 0
3720209 tgkill(3720205, 3720205, SIGURG) = 0
3720207 clone3({flags=CLONE_VM|CLONE_FS|CLONE_FILES|CLONE_SIGHAND|CLONE_THREAD|CLONE_SYSVSEM|CLONE_SETTLS|CLONE_PARENT_SETTID|CLONE_CHILD_CLEARTID, child_tid=0x7f4e0e73c990, parent_tid=0x7f4e0e73c990, exit_signal=0, stack=0x7f4e0df3c000, stack_size=0x7fff80, tls=0x7f4e0e73c6c0} => {parent_tid=[3720212]}, 88) = 3720212
3720211 tgkill(3720205, 3720205, SIGURG) = 0
3720211 tgkill(3720205, 3720205, SIGURG) = 0
3720211 tgkill(3720205, 3720205, SIGURG) = 0
3720211 tgkill(3720205, 3720205, SIGURG) = 0
3720206 tgkill(3720205, 3720205, SIGURG) = 0
3720206 tgkill(3720205, 3720205, SIGURG) = 0
3720206 tgkill(3720205, 3720212, SIGURG) = 0
3720206 tgkill(3720205, 3720205, SIGURG) = 0
3720206 tgkill(3720205, 3720205, SIGURG) = 0
3720206 tgkill(3720205, 3720205, SIGURG) = 0
3720206 tgkill(3720205, 3720205, SIGURG) = 0
3720206 tgkill(3720205, 3720205, SIGURG) = 0
3720206 tgkill(3720205, 3720205, SIGURG) = 0
3720206 tgkill(3720205, 3720205, SIGURG) = 0
3720206 tgkill(3720205, 3720205, SIGURG) = 0
3720206 tgkill(3720205, 3720205, SIGURG) = 0
3720081 tgkill(3720076, 3720092, SIGURG) = 0
3720081 tgkill(3720076, 3720092, SIGURG) = 0
3720071 tgkill(3720070, 3720176, SIGURG <unfinished ...>
3720089 tgkill(3720077, 3720116, SIGURG <unfinished ...>
3720071 <... tgkill resumed>)           = 0
3720089 <... tgkill resumed>)           = 0
3720105 tgkill(3720095, 3720114, SIGURG) = 0
3720212 tgkill(3720205, 3720209, SIGURG) = 0
3720081 tgkill(3720076, 3720092, SIGURG) = 0
3720071 tgkill(3720070, 3720176, SIGURG) = 0
3720089 tgkill(3720077, 3720116, SIGURG) = 0
3720105 tgkill(3720095, 3720114, SIGURG) = 0
3720206 tgkill(3720205, 3720205, SIGURG) = 0
3720071 tgkill(3720070, 3720176, SIGURG) = 0
3720089 tgkill(3720077, 3720116, SIGURG) = 0
3720207 tgkill(3720205, 3720209, SIGURG) = 0
3720205 getcwd("/home/judson/dev/h4la/incubator/incubator/shared-resources/multi-db-lambda/.terragrunt-cache/2427359299", 4096) = 104
3720212 getcwd("/home/judson/dev/h4la/incubator/incubator/shared-resources/multi-db-lambda/.terragrunt-cache/2427359299", 4096) = 104
3720211 clone3({flags=CLONE_VM|CLONE_FS|CLONE_FILES|CLONE_SIGHAND|CLONE_THREAD|CLONE_SYSVSEM|CLONE_SETTLS|CLONE_PARENT_SETTID|CLONE_CHILD_CLEARTID, child_tid=0x7f4e0ddfb990, parent_tid=0x7f4e0ddfb990, exit_signal=0, stack=0x7f4e0d5fb000, stack_size=0x7fff80, tls=0x7f4e0ddfb6c0} => {parent_tid=[3720213]}, 88) = 3720213
3720105 tgkill(3720095, 3720114, SIGURG) = 0
3720089 tgkill(3720077, 3720116, SIGURG) = 0
3720206 tgkill(3720205, 3720212, SIGURG) = 0
3720071 tgkill(3720070, 3720176, SIGURG <unfinished ...>
3720081 tgkill(3720076, 3720092, SIGURG) = 0
3720071 <... tgkill resumed>)           = 0
3720105 tgkill(3720095, 3720114, SIGURG) = 0
3720206 tgkill(3720205, 3720212, SIGURG) = 0
3720081 tgkill(3720076, 3720092, SIGURG <unfinished ...>
3720071 tgkill(3720070, 3720176, SIGURG <unfinished ...>
3720206 tgkill(3720205, 3720212, SIGURG <unfinished ...>
3720081 <... tgkill resumed>)           = 0
3720206 <... tgkill resumed>)           = 0
3720071 <... tgkill resumed>)           = 0
3720071 tgkill(3720070, 3720176, SIGURG) = 0
3720206 tgkill(3720205, 3720212, SIGURG) = 0
3720071 tgkill(3720070, 3720176, SIGURG) = 0
3720105 tgkill(3720095, 3720114, SIGURG <unfinished ...>
3720071 tgkill(3720070, 3720176, SIGURG <unfinished ...>
3720105 <... tgkill resumed>)           = 0
3720071 <... tgkill resumed>)           = 0
3720105 tgkill(3720095, 3720114, SIGURG) = 0
3720105 tgkill(3720095, 3720114, SIGURG) = 0
3720105 tgkill(3720095, 3720114, SIGURG) = 0
3720089 tgkill(3720077, 3720116, SIGURG) = 0
3720071 tgkill(3720070, 3720176, SIGURG) = 0
3720081 tgkill(3720076, 3720092, SIGURG) = 0
3720206 tgkill(3720205, 3720212, SIGURG) = 0
3720089 tgkill(3720077, 3720116, SIGURG) = 0
3720105 tgkill(3720095, 3720114, SIGURG) = 0
3720105 tgkill(3720095, 3720114, SIGURG) = 0
3720105 tgkill(3720095, 3720114, SIGURG) = 0
3720105 tgkill(3720095, 3720114, SIGURG) = 0
3720105 tgkill(3720095, 3720114, SIGURG) = 0
3720105 tgkill(3720095, 3720114, SIGURG) = 0
3720089 tgkill(3720077, 3720116, SIGURG) = 0
3720071 tgkill(3720070, 3720176, SIGURG) = 0
3720081 tgkill(3720076, 3720092, SIGURG) = 0
3720089 tgkill(3720077, 3720116, SIGURG) = 0
3720105 tgkill(3720095, 3720114, SIGURG) = 0
3720105 tgkill(3720095, 3720114, SIGURG) = 0
3720071 tgkill(3720070, 3720176, SIGURG) = 0
3720081 tgkill(3720076, 3720092, SIGURG) = 0
3720105 tgkill(3720095, 3720114, SIGURG) = 0
3720089 tgkill(3720077, 3720116, SIGURG) = 0
3720081 tgkill(3720076, 3720092, SIGURG) = 0
3720071 tgkill(3720070, 3720176, SIGURG) = 0
3720071 tgkill(3720070, 3720176, SIGURG) = 0
3720089 tgkill(3720077, 3720116, SIGURG) = 0
3720089 tgkill(3720077, 3720116, SIGURG) = 0
3720206 tgkill(3720205, 3720213, SIGURG) = 0
3720211 tgkill(3720205, 3720213, SIGURG) = 0
3720211 tgkill(3720205, 3720213, SIGURG) = 0
3720208 tgkill(3720205, 3720212, SIGURG) = 0
3720213 tgkill(3720205, 3720208, SIGURG) = 0
3720208 tgkill(3720205, 3720211, SIGURG) = 0
3720208 tgkill(3720205, 3720211, SIGURG) = 0
3720208 tgkill(3720205, 3720211, SIGURG) = 0
3720206 tgkill(3720205, 3720211, SIGURG) = 0
3720089 tgkill(3720077, 3720116, SIGURG) = 0
3720071 tgkill(3720070, 3720176, SIGURG) = 0
3720081 tgkill(3720076, 3720092, SIGURG) = 0
3720105 tgkill(3720095, 3720114, SIGURG) = 0
3720081 tgkill(3720076, 3720092, SIGURG) = 0
3720081 tgkill(3720076, 3720092, SIGURG) = 0
3720071 tgkill(3720070, 3720176, SIGURG) = 0
3720089 tgkill(3720077, 3720116, SIGURG) = 0
3720081 tgkill(3720076, 3720092, SIGURG) = 0
3720089 tgkill(3720077, 3720116, SIGURG) = 0
3720081 tgkill(3720076, 3720092, SIGURG) = 0
3720071 tgkill(3720070, 3720176, SIGURG) = 0
3720071 tgkill(3720070, 3720176, SIGURG) = 0
3720105 tgkill(3720095, 3720114, SIGURG) = 0
3720089 tgkill(3720077, 3720116, SIGURG) = 0
3720081 tgkill(3720076, 3720092, SIGURG) = 0
3720105 tgkill(3720095, 3720114, SIGURG <unfinished ...>
3720071 tgkill(3720070, 3720176, SIGURG <unfinished ...>
3720105 <... tgkill resumed>)           = 0
3720071 <... tgkill resumed>)           = 0
3720105 tgkill(3720095, 3720114, SIGURG) = 0
3720089 tgkill(3720077, 3720116, SIGURG) = 0
3720081 tgkill(3720076, 3720092, SIGURG) = 0
3720089 tgkill(3720077, 3720116, SIGURG) = 0
3720081 tgkill(3720076, 3720092, SIGURG) = 0
3720105 tgkill(3720095, 3720114, SIGURG) = 0
3720071 tgkill(3720070, 3720176, SIGURG) = 0
3720089 tgkill(3720077, 3720116, SIGURG) = 0
3720071 tgkill(3720070, 3720176, SIGURG) = 0
3720081 tgkill(3720076, 3720092, SIGURG) = 0
3720089 tgkill(3720077, 3720116, SIGURG) = 0
3720105 tgkill(3720095, 3720114, SIGURG) = 0
3720071 tgkill(3720070, 3720176, SIGURG) = 0
3720089 tgkill(3720077, 3720116, SIGURG <unfinished ...>
3720081 tgkill(3720076, 3720092, SIGURG <unfinished ...>
3720089 <... tgkill resumed>)           = 0
3720081 <... tgkill resumed>)           = 0
3720081 tgkill(3720076, 3720092, SIGURG) = 0
3720105 tgkill(3720095, 3720114, SIGURG) = 0
3720105 tgkill(3720095, 3720114, SIGURG) = 0
3720071 tgkill(3720070, 3720176, SIGURG) = 0
3720081 tgkill(3720076, 3720092, SIGURG) = 0
3720089 tgkill(3720077, 3720116, SIGURG) = 0
3720206 tgkill(3720205, 3720211, SIGURG) = 0
3720089 tgkill(3720077, 3720116, SIGURG) = 0
3720206 tgkill(3720205, 3720211, SIGURG) = 0
3720206 tgkill(3720205, 3720211, SIGURG) = 0
3720206 tgkill(3720205, 3720211, SIGURG) = 0
3720206 tgkill(3720205, 3720211, SIGURG) = 0
3720206 tgkill(3720205, 3720211, SIGURG) = 0
3720105 tgkill(3720095, 3720114, SIGURG) = 0
3720071 tgkill(3720070, 3720176, SIGURG) = 0
3720206 tgkill(3720205, 3720211, SIGURG) = 0
3720105 tgkill(3720095, 3720114, SIGURG) = 0
3720206 tgkill(3720205, 3720211, SIGURG) = 0
3720105 tgkill(3720095, 3720114, SIGURG) = 0
3720206 tgkill(3720205, 3720211, SIGURG) = 0
3720105 tgkill(3720095, 3720114, SIGURG) = 0
3720105 tgkill(3720095, 3720114, SIGURG) = 0
3720206 tgkill(3720205, 3720211, SIGURG) = 0
3720105 tgkill(3720095, 3720114, SIGURG) = 0
3720089 tgkill(3720077, 3720116, SIGURG) = 0
3720206 tgkill(3720205, 3720211, SIGURG <unfinished ...>
3720081 tgkill(3720076, 3720092, SIGURG <unfinished ...>
3720206 <... tgkill resumed>)           = 0
3720081 <... tgkill resumed>)           = 0
3720081 tgkill(3720076, 3720092, SIGURG) = 0
3720081 tgkill(3720076, 3720092, SIGURG) = 0
3720081 tgkill(3720076, 3720092, SIGURG) = 0
3720105 tgkill(3720095, 3720114, SIGURG) = 0
3720071 tgkill(3720070, 3720176, SIGURG) = 0
3720206 tgkill(3720205, 3720211, SIGURG) = 0
3720081 tgkill(3720076, 3720092, SIGURG) = 0
3720089 tgkill(3720077, 3720116, SIGURG) = 0
3720081 tgkill(3720076, 3720092, SIGURG) = 0
3720105 tgkill(3720095, 3720114, SIGURG <unfinished ...>
3720071 tgkill(3720070, 3720176, SIGURG <unfinished ...>
3720105 <... tgkill resumed>)           = 0
3720071 <... tgkill resumed>)           = 0
3720206 tgkill(3720205, 3720211, SIGURG) = 0
3720071 tgkill(3720070, 3720176, SIGURG) = 0
3720206 tgkill(3720205, 3720211, SIGURG) = 0
3720105 tgkill(3720095, 3720114, SIGURG) = 0
3720081 tgkill(3720076, 3720092, SIGURG) = 0
3720071 tgkill(3720070, 3720176, SIGURG) = 0
3720071 tgkill(3720070, 3720176, SIGURG) = 0
3720071 tgkill(3720070, 3720176, SIGURG) = 0
3720089 tgkill(3720077, 3720116, SIGURG) = 0
3720071 tgkill(3720070, 3720176, SIGURG) = 0
3720089 tgkill(3720077, 3720116, SIGURG) = 0
3720105 tgkill(3720095, 3720114, SIGURG) = 0
3720206 tgkill(3720205, 3720211, SIGURG) = 0
3720071 tgkill(3720070, 3720176, SIGURG) = 0
3720081 tgkill(3720076, 3720092, SIGURG) = 0
3720089 tgkill(3720077, 3720116, SIGURG) = 0
3720081 tgkill(3720076, 3720092, SIGURG) = 0
3720081 tgkill(3720076, 3720092, SIGURG) = 0
3720105 tgkill(3720095, 3720114, SIGURG) = 0
3720206 tgkill(3720205, 3720211, SIGURG) = 0
3720105 tgkill(3720095, 3720114, SIGURG) = 0
3720206 tgkill(3720205, 3720211, SIGURG) = 0
3720206 tgkill(3720205, 3720211, SIGURG) = 0
3720071 tgkill(3720070, 3720176, SIGURG) = 0
3720089 tgkill(3720077, 3720116, SIGURG) = 0
3720081 tgkill(3720076, 3720092, SIGURG) = 0
3720089 tgkill(3720077, 3720116, SIGURG) = 0
3720105 tgkill(3720095, 3720114, SIGURG) = 0
3720081 tgkill(3720076, 3720092, SIGURG) = 0
3720071 tgkill(3720070, 3720176, SIGURG) = 0
3720089 tgkill(3720077, 3720116, SIGURG <unfinished ...>
3720206 tgkill(3720205, 3720211, SIGURG <unfinished ...>
3720089 <... tgkill resumed>)           = 0
3720206 <... tgkill resumed>)           = 0
3720105 tgkill(3720095, 3720114, SIGURG) = 0
3720071 tgkill(3720070, 3720176, SIGURG) = 0
3720206 tgkill(3720205, 3720211, SIGURG) = 0
3720089 tgkill(3720077, 3720116, SIGURG) = 0
3720105 tgkill(3720095, 3720114, SIGURG) = 0
3720081 tgkill(3720076, 3720092, SIGURG) = 0
3720071 tgkill(3720070, 3720176, SIGURG) = 0
3720081 tgkill(3720076, 3720092, SIGURG) = 0
3720071 tgkill(3720070, 3720176, SIGURG) = 0
3720071 tgkill(3720070, 3720176, SIGURG) = 0
3720089 tgkill(3720077, 3720116, SIGURG) = 0
3720081 tgkill(3720076, 3720092, SIGURG) = 0
3720105 tgkill(3720095, 3720114, SIGURG) = 0
3720081 tgkill(3720076, 3720092, SIGURG) = 0
3720089 tgkill(3720077, 3720116, SIGURG) = 0
3720071 tgkill(3720070, 3720176, SIGURG) = 0
3720206 tgkill(3720205, 3720211, SIGURG) = 0
3720206 tgkill(3720205, 3720211, SIGURG) = 0
3720206 tgkill(3720205, 3720211, SIGURG) = 0
3720206 tgkill(3720205, 3720211, SIGURG) = 0
3720206 tgkill(3720205, 3720211, SIGURG) = 0
3720105 tgkill(3720095, 3720114, SIGURG) = 0
3720071 tgkill(3720070, 3720176, SIGURG) = 0
3720071 tgkill(3720070, 3720176, SIGURG) = 0
3720071 tgkill(3720070, 3720176, SIGURG) = 0
3720071 tgkill(3720070, 3720176, SIGURG) = 0
3720071 tgkill(3720070, 3720176, SIGURG) = 0
3720206 tgkill(3720205, 3720211, SIGURG) = 0
3720081 tgkill(3720076, 3720092, SIGURG) = 0
3720081 tgkill(3720076, 3720092, SIGURG) = 0
3720081 tgkill(3720076, 3720092, SIGURG) = 0
3720089 tgkill(3720077, 3720116, SIGURG <unfinished ...>
3720081 tgkill(3720076, 3720092, SIGURG <unfinished ...>
3720089 <... tgkill resumed>)           = 0
3720081 <... tgkill resumed>)           = 0
3720081 tgkill(3720076, 3720092, SIGURG) = 0
3720081 tgkill(3720076, 3720092, SIGURG) = 0
3720081 tgkill(3720076, 3720092, SIGURG) = 0
3720081 tgkill(3720076, 3720092, SIGURG) = 0
3720081 tgkill(3720076, 3720092, SIGURG) = 0
3720105 tgkill(3720095, 3720114, SIGURG) = 0
3720105 tgkill(3720095, 3720114, SIGURG) = 0
3720105 tgkill(3720095, 3720114, SIGURG) = 0
3720089 tgkill(3720077, 3720116, SIGURG) = 0
3720206 tgkill(3720205, 3720211, SIGURG) = 0
3720071 tgkill(3720070, 3720176, SIGURG) = 0
3720081 tgkill(3720076, 3720092, SIGURG) = 0
3720081 tgkill(3720076, 3720092, SIGURG) = 0
3720089 tgkill(3720077, 3720116, SIGURG <unfinished ...>
3720081 tgkill(3720076, 3720092, SIGURG) = 0
3720089 <... tgkill resumed>)           = 0
3720105 tgkill(3720095, 3720114, SIGURG) = 0
3720071 tgkill(3720070, 3720176, SIGURG) = 0
3720089 tgkill(3720077, 3720116, SIGURG) = 0
3720081 tgkill(3720076, 3720092, SIGURG) = 0
3720206 tgkill(3720205, 3720211, SIGURG) = 0
3720206 tgkill(3720205, 3720211, SIGURG) = 0
3720206 tgkill(3720205, 3720211, SIGURG) = 0
3720105 tgkill(3720095, 3720114, SIGURG) = 0
3720105 tgkill(3720095, 3720114, SIGURG) = 0
3720105 tgkill(3720095, 3720114, SIGURG) = 0
3720071 tgkill(3720070, 3720176, SIGURG) = 0
3720071 tgkill(3720070, 3720176, SIGURG) = 0
3720081 tgkill(3720076, 3720092, SIGURG) = 0
3720089 tgkill(3720077, 3720116, SIGURG) = 0
3720081 tgkill(3720076, 3720092, SIGURG) = 0
3720071 tgkill(3720070, 3720176, SIGURG) = 0
3720206 tgkill(3720205, 3720211, SIGURG) = 0
3720206 tgkill(3720205, 3720211, SIGURG) = 0
3720089 tgkill(3720077, 3720116, SIGURG) = 0
3720206 tgkill(3720205, 3720211, SIGURG) = 0
3720105 tgkill(3720095, 3720114, SIGURG) = 0
3720105 tgkill(3720095, 3720114, SIGURG) = 0
3720206 tgkill(3720205, 3720211, SIGURG) = 0
3720206 tgkill(3720205, 3720211, SIGURG) = 0
3720105 tgkill(3720095, 3720114, SIGURG) = 0
3720206 tgkill(3720205, 3720211, SIGURG) = 0
3720089 tgkill(3720077, 3720116, SIGURG) = 0
3720081 tgkill(3720076, 3720092, SIGURG) = 0
3720071 tgkill(3720070, 3720176, SIGURG) = 0
3720105 tgkill(3720095, 3720114, SIGURG) = 0
3720206 tgkill(3720205, 3720211, SIGURG) = 0
3720089 tgkill(3720077, 3720116, SIGURG) = 0
3720071 tgkill(3720070, 3720176, SIGURG) = 0
3720071 tgkill(3720070, 3720176, SIGURG) = 0
3720089 tgkill(3720077, 3720116, SIGURG) = 0
3720071 tgkill(3720070, 3720176, SIGURG) = 0
3720089 tgkill(3720077, 3720116, SIGURG) = 0
3720105 tgkill(3720095, 3720114, SIGURG) = 0
3720071 tgkill(3720070, 3720176, SIGURG) = 0
3720206 tgkill(3720205, 3720211, SIGURG) = 0
3720089 tgkill(3720077, 3720116, SIGURG) = 0
3720081 tgkill(3720076, 3720092, SIGURG) = 0
3720071 tgkill(3720070, 3720176, SIGURG) = 0
3720105 tgkill(3720095, 3720114, SIGURG) = 0
3720071 tgkill(3720070, 3720176, SIGURG) = 0
3720105 tgkill(3720095, 3720114, SIGURG) = 0
3720105 tgkill(3720095, 3720114, SIGURG) = 0
3720071 tgkill(3720070, 3720176, SIGURG) = 0
3720071 tgkill(3720070, 3720176, SIGURG) = 0
3720071 tgkill(3720070, 3720176, SIGURG) = 0
3720071 tgkill(3720070, 3720176, SIGURG) = 0
3720081 tgkill(3720076, 3720092, SIGURG) = 0
3720206 tgkill(3720205, 3720211, SIGURG) = 0
