3720089 tgkill(3720077, 3720116, SIGURG) = 0
3720081 tgkill(3720076, 3720092, SIGURG) = 0
3720089 tgkill(3720077, 3720116, SIGURG) = 0
3720071 tgkill(3720070, 3720176, SIGURG) = 0
3720206 tgkill(3720205, 3720211, SIGURG) = 0
3720089 tgkill(3720077, 3720116, SIGURG) = 0
3720071 tgkill(3720070, 3720176, SIGURG) = 0
3720071 tgkill(3720070, 3720176, SIGURG) = 0
3720071 tgkill(3720070, 3720176, SIGURG) = 0
3720071 tgkill(3720070, 3720176, SIGURG) = 0
3720071 tgkill(3720070, 3720176, SIGURG) = 0
3720105 tgkill(3720095, 3720114, SIGURG) = 0
3720105 tgkill(3720095, 3720114, SIGURG) = 0
3720206 tgkill(3720205, 3720211, SIGURG) = 0
3720206 tgkill(3720205, 3720211, SIGURG) = 0
3720089 tgkill(3720077, 3720116, SIGURG) = 0
3720071 tgkill(3720070, 3720176, SIGURG) = 0
3720081 tgkill(3720076, 3720092, SIGURG) = 0
3720071 tgkill(3720070, 3720176, SIGURG) = 0
3720105 tgkill(3720095, 3720114, SIGURG) = 0
3720206 tgkill(3720205, 3720211, SIGURG) = 0
3720089 tgkill(3720077, 3720116, SIGURG) = 0
3720071 tgkill(3720070, 3720176, SIGURG) = 0
3720105 tgkill(3720095, 3720114, SIGURG) = 0
3720081 tgkill(3720076, 3720092, SIGURG) = 0
3720081 tgkill(3720076, 3720092, SIGURG) = 0
3720081 tgkill(3720076, 3720092, SIGURG) = 0
3720081 tgkill(3720076, 3720092, SIGURG) = 0
3720081 tgkill(3720076, 3720092, SIGURG) = 0
3720081 tgkill(3720076, 3720092, SIGURG) = 0
3720081 tgkill(3720076, 3720092, SIGURG) = 0
3720081 tgkill(3720076, 3720092, SIGURG) = 0
3720081 tgkill(3720076, 3720092, SIGURG) = 0
3720206 tgkill(3720205, 3720211, SIGURG) = 0
3720089 tgkill(3720077, 3720116, SIGURG) = 0
3720081 tgkill(3720076, 3720092, SIGURG) = 0
3720071 tgkill(3720070, 3720176, SIGURG) = 0
3720105 tgkill(3720095, 3720114, SIGURG) = 0
3720089 tgkill(3720077, 3720116, SIGURG) = 0
3720105 tgkill(3720095, 3720114, SIGURG) = 0
3720206 tgkill(3720205, 3720211, SIGURG) = 0
3720081 tgkill(3720076, 3720092, SIGURG) = 0
3720081 tgkill(3720076, 3720092, SIGURG) = 0
3720089 tgkill(3720077, 3720116, SIGURG) = 0
3720081 tgkill(3720076, 3720092, SIGURG) = 0
3720206 tgkill(3720205, 3720211, SIGURG) = 0
3720105 tgkill(3720095, 3720114, SIGURG) = 0
3720071 tgkill(3720070, 3720176, SIGURG) = 0
3720089 tgkill(3720077, 3720116, SIGURG) = 0
3720081 tgkill(3720076, 3720092, SIGURG) = 0
3720206 tgkill(3720205, 3720211, SIGURG) = 0
3720206 tgkill(3720205, 3720211, SIGURG) = 0
3720105 tgkill(3720095, 3720114, SIGURG) = 0
3720105 tgkill(3720095, 3720114, SIGURG) = 0
3720105 tgkill(3720095, 3720114, SIGURG) = 0
3720089 tgkill(3720077, 3720116, SIGURG) = 0
3720105 tgkill(3720095, 3720114, SIGURG) = 0
3720081 tgkill(3720076, 3720092, SIGURG) = 0
3720081 tgkill(3720076, 3720092, SIGURG) = 0
3720071 tgkill(3720070, 3720176, SIGURG) = 0
3720206 tgkill(3720205, 3720211, SIGURG) = 0
3720105 tgkill(3720095, 3720114, SIGURG) = 0
3720081 tgkill(3720076, 3720092, SIGURG) = 0
3720089 tgkill(3720077, 3720116, SIGURG) = 0
3720105 tgkill(3720095, 3720114, SIGURG) = 0
3720206 tgkill(3720205, 3720211, SIGURG) = 0
3720206 tgkill(3720205, 3720211, SIGURG) = 0
3720081 tgkill(3720076, 3720092, SIGURG) = 0
3720081 tgkill(3720076, 3720092, SIGURG) = 0
3720089 tgkill(3720077, 3720116, SIGURG) = 0
3720081 tgkill(3720076, 3720092, SIGURG) = 0
3720071 tgkill(3720070, 3720176, SIGURG) = 0
3720081 tgkill(3720076, 3720092, SIGURG) = 0
3720081 tgkill(3720076, 3720092, SIGURG) = 0
3720081 tgkill(3720076, 3720092, SIGURG) = 0
3720081 tgkill(3720076, 3720092, SIGURG) = 0
3720105 tgkill(3720095, 3720114, SIGURG) = 0
3720089 tgkill(3720077, 3720116, SIGURG) = 0
3720071 tgkill(3720070, 3720176, SIGURG) = 0
3720071 tgkill(3720070, 3720176, SIGURG) = 0
3720081 tgkill(3720076, 3720092, SIGURG) = 0
3720206 tgkill(3720205, 3720211, SIGURG) = 0
3720206 tgkill(3720205, 3720211, SIGURG) = 0
3720105 tgkill(3720095, 3720114, SIGURG) = 0
3720081 tgkill(3720076, 3720092, SIGURG) = 0
3720089 tgkill(3720077, 3720116, SIGURG) = 0
3720206 tgkill(3720205, 3720211, SIGURG) = 0
3720081 tgkill(3720076, 3720092, SIGURG) = 0
3720081 tgkill(3720076, 3720092, SIGURG) = 0
3720105 tgkill(3720095, 3720114, SIGURG) = 0
3720071 tgkill(3720070, 3720176, SIGURG) = 0
3720089 tgkill(3720077, 3720116, SIGURG) = 0
3720206 tgkill(3720205, 3720211, SIGURG) = 0
3720081 tgkill(3720076, 3720092, SIGURG) = 0
3720089 tgkill(3720077, 3720116, SIGURG) = 0
3720071 tgkill(3720070, 3720176, SIGURG) = 0
3720206 tgkill(3720205, 3720211, SIGURG) = 0
3720206 tgkill(3720205, 3720211, SIGURG <unfinished ...>
3720105 tgkill(3720095, 3720114, SIGURG <unfinished ...>
3720206 <... tgkill resumed>)           = 0
3720105 <... tgkill resumed>)           = 0
3720081 tgkill(3720076, 3720092, SIGURG) = 0
3720081 tgkill(3720076, 3720092, SIGURG) = 0
3720089 tgkill(3720077, 3720116, SIGURG) = 0
3720081 tgkill(3720076, 3720092, SIGURG) = 0
3720105 tgkill(3720095, 3720114, SIGURG) = 0
3720105 tgkill(3720095, 3720114, SIGURG) = 0
3720089 tgkill(3720077, 3720116, SIGURG) = 0
3720071 tgkill(3720070, 3720176, SIGURG) = 0
3720071 tgkill(3720070, 3720176, SIGURG) = 0
3720071 tgkill(3720070, 3720176, SIGURG) = 0
3720206 tgkill(3720205, 3720211, SIGURG) = 0
3720206 tgkill(3720205, 3720211, SIGURG) = 0
3720081 tgkill(3720076, 3720092, SIGURG) = 0
3720105 tgkill(3720095, 3720114, SIGURG) = 0
3720206 tgkill(3720205, 3720211, SIGURG) = 0
3720071 tgkill(3720070, 3720176, SIGURG) = 0
3720089 tgkill(3720077, 3720116, SIGURG) = 0
3720081 tgkill(3720076, 3720092, SIGURG) = 0
3720105 tgkill(3720095, 3720114, SIGURG) = 0
3720206 tgkill(3720205, 3720211, SIGURG) = 0
3720089 tgkill(3720077, 3720116, SIGURG) = 0
3720071 tgkill(3720070, 3720176, SIGURG) = 0
3720071 tgkill(3720070, 3720176, SIGURG) = 0
3720071 tgkill(3720070, 3720176, SIGURG) = 0
3720071 tgkill(3720070, 3720176, SIGURG) = 0
3720071 tgkill(3720070, 3720176, SIGURG) = 0
3720071 tgkill(3720070, 3720176, SIGURG) = 0
3720071 tgkill(3720070, 3720176, SIGURG) = 0
3720081 tgkill(3720076, 3720092, SIGURG) = 0
3720206 tgkill(3720205, 3720211, SIGURG <unfinished ...>
3720081 tgkill(3720076, 3720092, SIGURG) = 0
3720206 <... tgkill resumed>)           = 0
3720089 tgkill(3720077, 3720116, SIGURG) = 0
3720071 tgkill(3720070, 3720176, SIGURG) = 0
3720071 tgkill(3720070, 3720176, SIGURG) = 0
3720071 tgkill(3720070, 3720176, SIGURG) = 0
3720105 tgkill(3720095, 3720114, SIGURG) = 0
3720105 tgkill(3720095, 3720114, SIGURG) = 0
3720105 tgkill(3720095, 3720114, SIGURG) = 0
3720081 tgkill(3720076, 3720092, SIGURG) = 0
3720071 tgkill(3720070, 3720176, SIGURG) = 0
3720206 tgkill(3720205, 3720211, SIGURG) = 0
3720105 tgkill(3720095, 3720114, SIGURG) = 0
3720089 tgkill(3720077, 3720116, SIGURG) = 0
3720081 tgkill(3720076, 3720092, SIGURG) = 0
3720071 tgkill(3720070, 3720176, SIGURG) = 0
3720206 tgkill(3720205, 3720211, SIGURG) = 0
3720206 tgkill(3720205, 3720211, SIGURG) = 0
3720089 tgkill(3720077, 3720116, SIGURG) = 0
3720206 tgkill(3720205, 3720211, SIGURG) = 0
3720206 tgkill(3720205, 3720211, SIGURG) = 0
3720206 tgkill(3720205, 3720211, SIGURG) = 0
3720089 tgkill(3720077, 3720116, SIGURG) = 0
3720090 unlinkat(AT_FDCWD, "/tmp/nix-shell.SeBFdG/terraform-provider3420044648", 0) = 0 (INJECTED)
3720089 tgkill(3720077, 3720090, SIGURG) = 0
3720089 tgkill(3720077, 3720090, SIGURG) = 0
3720206 tgkill(3720205, 3720211, SIGURG) = 0
3720071 tgkill(3720070, 3720176, SIGURG) = 0
3720081 tgkill(3720076, 3720092, SIGURG) = 0
3720206 tgkill(3720205, 3720211, SIGURG) = 0
3720071 tgkill(3720070, 3720176, SIGURG) = 0
3720071 tgkill(3720070, 3720176, SIGURG) = 0
3720089 tgkill(3720077, 3720090, SIGURG) = 0
3720105 tgkill(3720095, 3720114, SIGURG) = 0
3720081 tgkill(3720076, 3720092, SIGURG) = 0
3720206 tgkill(3720205, 3720211, SIGURG) = 0
3720206 tgkill(3720205, 3720211, SIGURG) = 0
3720071 tgkill(3720070, 3720176, SIGURG) = 0
3720089 tgkill(3720077, 3720090, SIGURG) = 0
3720206 tgkill(3720205, 3720211, SIGURG) = 0
3720089 tgkill(3720077, 3720090, SIGURG) = 0
3720206 tgkill(3720205, 3720211, SIGURG) = 0
3720105 tgkill(3720095, 3720114, SIGURG) = 0
3720105 tgkill(3720095, 3720114, SIGURG) = 0
3720105 tgkill(3720095, 3720114, SIGURG) = 0
3720089 tgkill(3720077, 3720090, SIGURG) = 0
3720081 tgkill(3720076, 3720092, SIGURG) = 0
3720206 tgkill(3720205, 3720211, SIGURG) = 0
3720081 tgkill(3720076, 3720092, SIGURG) = 0
3720071 tgkill(3720070, 3720176, SIGURG <unfinished ...>
3720105 tgkill(3720095, 3720114, SIGURG <unfinished ...>
3720071 <... tgkill resumed>)           = 0
3720105 <... tgkill resumed>)           = 0
3720089 tgkill(3720077, 3720090, SIGURG) = 0
3720206 tgkill(3720205, 3720211, SIGURG) = 0
3720081 tgkill(3720076, 3720092, SIGURG) = 0
3720105 tgkill(3720095, 3720114, SIGURG) = 0
3720089 tgkill(3720077, 3720090, SIGURG) = 0
3720071 tgkill(3720070, 3720176, SIGURG) = 0
3720206 tgkill(3720205, 3720211, SIGURG) = 0
3720081 tgkill(3720076, 3720092, SIGURG) = 0
3720089 tgkill(3720077, 3720090, SIGURG) = 0
3720071 tgkill(3720070, 3720176, SIGURG) = 0
3720081 tgkill(3720076, 3720092, SIGURG) = 0
3720105 tgkill(3720095, 3720114, SIGURG) = 0
3720089 tgkill(3720077, 3720090, SIGURG <unfinished ...>
3720071 tgkill(3720070, 3720176, SIGURG <unfinished ...>
3720089 <... tgkill resumed>)           = 0
3720071 <... tgkill resumed>)           = 0
3720105 tgkill(3720095, 3720114, SIGURG) = 0
3720089 tgkill(3720077, 3720090, SIGURG) = 0
3720105 tgkill(3720095, 3720114, SIGURG) = 0
3720089 tgkill(3720077, 3720090, SIGURG) = 0
3720105 tgkill(3720095, 3720114, SIGURG) = 0
3720089 tgkill(3720077, 3720090, SIGURG) = 0
3720071 tgkill(3720070, 3720176, SIGURG) = 0
3720081 tgkill(3720076, 3720092, SIGURG) = 0
3720105 tgkill(3720095, 3720114, SIGURG) = 0
3720089 tgkill(3720077, 3720090, SIGURG) = 0
3720206 tgkill(3720205, 3720211, SIGURG) = 0
3720206 tgkill(3720205, 3720211, SIGURG) = 0
3720206 tgkill(3720205, 3720211, SIGURG) = 0
3720206 tgkill(3720205, 3720211, SIGURG) = 0
3720206 tgkill(3720205, 3720211, SIGURG) = 0
3720206 tgkill(3720205, 3720211, SIGURG) = 0
3720071 tgkill(3720070, 3720176, SIGURG) = 0
3720081 tgkill(3720076, 3720092, SIGURG) = 0
3720089 tgkill(3720077, 3720090, SIGURG) = 0
3720206 tgkill(3720205, 3720211, SIGURG) = 0
3720071 tgkill(3720070, 3720176, SIGURG) = 0
3720081 tgkill(3720076, 3720092, SIGURG) = 0
3720081 tgkill(3720076, 3720092, SIGURG) = 0
3720089 tgkill(3720077, 3720090, SIGURG) = 0
3720105 tgkill(3720095, 3720114, SIGURG) = 0
3720105 tgkill(3720095, 3720114, SIGURG) = 0
3720105 tgkill(3720095, 3720114, SIGURG) = 0
3720105 tgkill(3720095, 3720114, SIGURG) = 0
3720105 tgkill(3720095, 3720114, SIGURG) = 0
3720105 tgkill(3720095, 3720114, SIGURG) = 0
3720081 tgkill(3720076, 3720092, SIGURG) = 0
3720105 tgkill(3720095, 3720114, SIGURG) = 0
3720081 tgkill(3720076, 3720092, SIGURG) = 0
3720105 tgkill(3720095, 3720114, SIGURG) = 0
3720071 tgkill(3720070, 3720176, SIGURG) = 0
3720206 tgkill(3720205, 3720211, SIGURG) = 0
3720089 tgkill(3720077, 3720090, SIGURG) = 0
3720089 tgkill(3720077, 3720090, SIGURG) = 0
3720089 tgkill(3720077, 3720090, SIGURG) = 0
3720089 tgkill(3720077, 3720090, SIGURG) = 0
3720089 tgkill(3720077, 3720090, SIGURG) = 0
3720089 tgkill(3720077, 3720090, SIGURG) = 0
3720089 tgkill(3720077, 3720090, SIGURG) = 0
3720071 tgkill(3720070, 3720176, SIGURG) = 0
3720206 tgkill(3720205, 3720211, SIGURG) = 0
3720105 tgkill(3720095, 3720114, SIGURG) = 0
3720081 tgkill(3720076, 3720092, SIGURG) = 0
3720206 tgkill(3720205, 3720211, SIGURG) = 0
3720071 tgkill(3720070, 3720176, SIGURG) = 0
3720089 tgkill(3720077, 3720090, SIGURG) = 0
3720071 tgkill(3720070, 3720176, SIGURG) = 0
3720089 tgkill(3720077, 3720090, SIGURG) = 0
3720071 tgkill(3720070, 3720176, SIGURG) = 0
3720105 tgkill(3720095, 3720114, SIGURG) = 0
3720089 tgkill(3720077, 3720090, SIGURG <unfinished ...>
3720081 tgkill(3720076, 3720092, SIGURG <unfinished ...>
3720105 tgkill(3720095, 3720114, SIGURG <unfinished ...>
3720089 <... tgkill resumed>)           = 0
3720081 <... tgkill resumed>)           = 0
3720105 <... tgkill resumed>)           = 0
3720071 tgkill(3720070, 3720176, SIGURG) = 0
3720206 tgkill(3720205, 3720211, SIGURG <unfinished ...>
3720105 tgkill(3720095, 3720114, SIGURG <unfinished ...>
3720206 <... tgkill resumed>)           = 0
3720105 <... tgkill resumed>)           = 0
3720081 tgkill(3720076, 3720092, SIGURG) = 0
3720089 tgkill(3720077, 3720090, SIGURG) = 0
3720105 tgkill(3720095, 3720114, SIGURG <unfinished ...>
3720089 tgkill(3720077, 3720090, SIGURG <unfinished ...>
3720071 tgkill(3720070, 3720176, SIGURG <unfinished ...>
3720105 <... tgkill resumed>)           = 0
3720089 <... tgkill resumed>)           = 0
3720071 <... tgkill resumed>)           = 0
3720071 tgkill(3720070, 3720176, SIGURG) = 0
3720206 tgkill(3720205, 3720211, SIGURG <unfinished ...>
3720071 tgkill(3720070, 3720176, SIGURG <unfinished ...>
3720206 <... tgkill resumed>)           = 0
3720071 <... tgkill resumed>)           = 0
3720081 tgkill(3720076, 3720092, SIGURG) = 0
3720206 tgkill(3720205, 3720211, SIGURG) = 0
3720071 tgkill(3720070, 3720176, SIGURG) = 0
3720105 tgkill(3720095, 3720114, SIGURG) = 0
3720105 tgkill(3720095, 3720114, SIGURG) = 0
3720206 tgkill(3720205, 3720211, SIGURG) = 0
3720089 tgkill(3720077, 3720090, SIGURG) = 0
3720081 tgkill(3720076, 3720092, SIGURG) = 0
3720071 tgkill(3720070, 3720176, SIGURG) = 0
3720071 tgkill(3720070, 3720176, SIGURG) = 0
3720081 tgkill(3720076, 3720092, SIGURG) = 0
3720081 tgkill(3720076, 3720092, SIGURG) = 0
3720081 tgkill(3720076, 3720092, SIGURG) = 0
3720081 tgkill(3720076, 3720092, SIGURG) = 0
3720081 tgkill(3720076, 3720092, SIGURG) = 0
3720081 tgkill(3720076, 3720092, SIGURG) = 0
3720105 tgkill(3720095, 3720114, SIGURG) = 0
3720206 tgkill(3720205, 3720211, SIGURG) = 0
3720071 tgkill(3720070, 3720176, SIGURG) = 0
3720089 tgkill(3720077, 3720090, SIGURG) = 0
3720081 tgkill(3720076, 3720092, SIGURG) = 0
3720105 tgkill(3720095, 3720114, SIGURG) = 0
3720206 tgkill(3720205, 3720211, SIGURG) = 0
3720071 tgkill(3720070, 3720176, SIGURG) = 0
3720071 tgkill(3720070, 3720176, SIGURG) = 0
3720081 tgkill(3720076, 3720092, SIGURG) = 0
3720206 tgkill(3720205, 3720211, SIGURG) = 0
3720105 tgkill(3720095, 3720114, SIGURG) = 0
3720089 tgkill(3720077, 3720090, SIGURG) = 0
3720105 tgkill(3720095, 3720114, SIGURG) = 0
3720206 tgkill(3720205, 3720211, SIGURG) = 0
3720071 tgkill(3720070, 3720176, SIGURG) = 0
3720081 tgkill(3720076, 3720092, SIGURG) = 0
3720206 tgkill(3720205, 3720211, SIGURG) = 0
3720071 tgkill(3720070, 3720176, SIGURG) = 0
3720071 tgkill(3720070, 3720176, SIGURG) = 0
3720071 tgkill(3720070, 3720176, SIGURG) = 0
3720071 tgkill(3720070, 3720176, SIGURG) = 0
3720071 tgkill(3720070, 3720176, SIGURG) = 0
3720089 tgkill(3720077, 3720090, SIGURG) = 0
3720089 tgkill(3720077, 3720090, SIGURG) = 0
3720105 tgkill(3720095, 3720114, SIGURG) = 0
3720071 tgkill(3720070, 3720176, SIGURG) = 0
3720206 tgkill(3720205, 3720211, SIGURG) = 0
3720081 tgkill(3720076, 3720092, SIGURG <unfinished ...>
3720206 tgkill(3720205, 3720211, SIGURG) = 0
3720081 <... tgkill resumed>)           = 0
3720081 tgkill(3720076, 3720092, SIGURG) = 0
3720089 tgkill(3720077, 3720090, SIGURG) = 0
3720105 tgkill(3720095, 3720114, SIGURG) = 0
3720081 tgkill(3720076, 3720092, SIGURG) = 0
3720206 tgkill(3720205, 3720211, SIGURG <unfinished ...>
3720105 tgkill(3720095, 3720114, SIGURG <unfinished ...>
3720206 <... tgkill resumed>)           = 0
3720105 <... tgkill resumed>)           = 0
3720206 tgkill(3720205, 3720211, SIGURG) = 0
3720105 tgkill(3720095, 3720114, SIGURG) = 0
3720081 tgkill(3720076, 3720092, SIGURG) = 0
3720071 tgkill(3720070, 3720176, SIGURG) = 0
3720081 tgkill(3720076, 3720092, SIGURG) = 0
3720089 tgkill(3720077, 3720090, SIGURG) = 0
3720071 tgkill(3720070, 3720176, SIGURG) = 0
3720081 tgkill(3720076, 3720092, SIGURG) = 0
3720081 tgkill(3720076, 3720092, SIGURG) = 0
3720206 tgkill(3720205, 3720211, SIGURG) = 0
3720206 tgkill(3720205, 3720211, SIGURG <unfinished ...>
3720105 tgkill(3720095, 3720114, SIGURG) = 0
3720206 <... tgkill resumed>)           = 0
3720105 tgkill(3720095, 3720114, SIGURG) = 0
3720089 tgkill(3720077, 3720090, SIGURG <unfinished ...>
3720071 tgkill(3720070, 3720176, SIGURG <unfinished ...>
3720089 <... tgkill resumed>)           = 0
3720071 <... tgkill resumed>)           = 0
3720089 tgkill(3720077, 3720090, SIGURG) = 0
3720089 tgkill(3720077, 3720090, SIGURG) = 0
3720089 tgkill(3720077, 3720090, SIGURG) = 0
3720089 tgkill(3720077, 3720090, SIGURG) = 0
3720089 tgkill(3720077, 3720090, SIGURG) = 0
3720206 tgkill(3720205, 3720211, SIGURG) = 0
3720105 tgkill(3720095, 3720114, SIGURG) = 0
3720081 tgkill(3720076, 3720092, SIGURG) = 0
3720071 tgkill(3720070, 3720176, SIGURG) = 0
3720089 tgkill(3720077, 3720090, SIGURG) = 0
3720206 tgkill(3720205, 3720211, SIGURG) = 0
3720081 tgkill(3720076, 3720092, SIGURG) = 0
3720081 tgkill(3720076, 3720092, SIGURG) = 0
3720105 tgkill(3720095, 3720114, SIGURG) = 0
3720081 tgkill(3720076, 3720092, SIGURG) = 0
3720105 tgkill(3720095, 3720114, SIGURG) = 0
3720071 tgkill(3720070, 3720176, SIGURG) = 0
3720089 tgkill(3720077, 3720090, SIGURG) = 0
3720206 tgkill(3720205, 3720211, SIGURG) = 0
3720071 tgkill(3720070, 3720176, SIGURG) = 0
3720071 tgkill(3720070, 3720176, SIGURG) = 0
3720089 tgkill(3720077, 3720090, SIGURG) = 0
3720105 tgkill(3720095, 3720114, SIGURG) = 0
3720089 tgkill(3720077, 3720090, SIGURG) = 0
3720081 tgkill(3720076, 3720092, SIGURG) = 0
3720089 tgkill(3720077, 3720090, SIGURG <unfinished ...>
3720081 tgkill(3720076, 3720092, SIGURG <unfinished ...>
3720089 <... tgkill resumed>)           = 0
3720081 <... tgkill resumed>)           = 0
3720105 tgkill(3720095, 3720114, SIGURG) = 0
3720089 tgkill(3720077, 3720090, SIGURG) = 0
3720089 tgkill(3720077, 3720090, SIGURG) = 0
3720089 tgkill(3720077, 3720090, SIGURG) = 0
3720089 tgkill(3720077, 3720090, SIGURG) = 0
3720089 tgkill(3720077, 3720090, SIGURG) = 0
3720089 tgkill(3720077, 3720090, SIGURG) = 0
3720206 tgkill(3720205, 3720211, SIGURG) = 0
3720089 tgkill(3720077, 3720090, SIGURG) = 0
3720081 tgkill(3720076, 3720092, SIGURG) = 0
3720206 tgkill(3720205, 3720211, SIGURG) = 0
3720206 tgkill(3720205, 3720211, SIGURG) = 0
3720206 tgkill(3720205, 3720211, SIGURG) = 0
3720071 tgkill(3720070, 3720176, SIGURG) = 0
3720105 tgkill(3720095, 3720114, SIGURG) = 0
3720089 tgkill(3720077, 3720090, SIGURG) = 0
3720206 tgkill(3720205, 3720211, SIGURG) = 0
3720071 tgkill(3720070, 3720176, SIGURG) = 0
3720081 tgkill(3720076, 3720092, SIGURG) = 0
3720105 tgkill(3720095, 3720114, SIGURG) = 0
3720089 tgkill(3720077, 3720090, SIGURG) = 0
3720206 tgkill(3720205, 3720211, SIGURG) = 0
3720105 tgkill(3720095, 3720114, SIGURG) = 0
3720071 tgkill(3720070, 3720176, SIGURG) = 0
3720081 tgkill(3720076, 3720092, SIGURG) = 0
3720081 tgkill(3720076, 3720092, SIGURG) = 0
3720081 tgkill(3720076, 3720092, SIGURG) = 0
3720081 tgkill(3720076, 3720092, SIGURG) = 0
3720081 tgkill(3720076, 3720092, SIGURG) = 0
3720089 tgkill(3720077, 3720090, SIGURG) = 0
3720089 tgkill(3720077, 3720090, SIGURG) = 0
3720089 tgkill(3720077, 3720090, SIGURG) = 0
3720089 tgkill(3720077, 3720090, SIGURG) = 0
3720206 tgkill(3720205, 3720211, SIGURG) = 0
3720071 tgkill(3720070, 3720176, SIGURG) = 0
3720206 tgkill(3720205, 3720211, SIGURG) = 0
3720081 tgkill(3720076, 3720092, SIGURG) = 0
3720071 tgkill(3720070, 3720176, SIGURG) = 0
3720089 tgkill(3720077, 3720090, SIGURG) = 0
3720105 tgkill(3720095, 3720114, SIGURG) = 0
3720089 tgkill(3720077, 3720090, SIGURG) = 0
3720089 tgkill(3720077, 3720090, SIGURG) = 0
3720105 tgkill(3720095, 3720114, SIGURG) = 0
3720089 tgkill(3720077, 3720090, SIGURG) = 0
3720105 tgkill(3720095, 3720114, SIGURG) = 0
3720105 tgkill(3720095, 3720114, SIGURG) = 0
3720105 tgkill(3720095, 3720114, SIGURG) = 0
3720071 tgkill(3720070, 3720176, SIGURG) = 0
3720089 tgkill(3720077, 3720090, SIGURG) = 0
3720206 tgkill(3720205, 3720211, SIGURG) = 0
3720081 tgkill(3720076, 3720092, SIGURG) = 0
3720105 tgkill(3720095, 3720114, SIGURG) = 0
3720071 tgkill(3720070, 3720176, SIGURG) = 0
3720089 tgkill(3720077, 3720090, SIGURG) = 0
3720206 tgkill(3720205, 3720211, SIGURG) = 0
3720206 tgkill(3720205, 3720211, SIGURG) = 0
3720089 tgkill(3720077, 3720090, SIGURG) = 0
3720089 tgkill(3720077, 3720090, SIGURG) = 0
3720071 tgkill(3720070, 3720176, SIGURG) = 0
3720071 tgkill(3720070, 3720176, SIGURG <unfinished ...>
3720081 tgkill(3720076, 3720092, SIGURG) = 0
3720105 tgkill(3720095, 3720114, SIGURG) = 0
3720071 <... tgkill resumed>)           = 0
3720105 tgkill(3720095, 3720114, SIGURG) = 0
3720081 tgkill(3720076, 3720092, SIGURG) = 0
3720105 tgkill(3720095, 3720114, SIGURG) = 0
3720081 tgkill(3720076, 3720092, SIGURG) = 0
3720081 tgkill(3720076, 3720092, SIGURG <unfinished ...>
3720105 tgkill(3720095, 3720114, SIGURG <unfinished ...>
3720081 <... tgkill resumed>)           = 0
3720105 <... tgkill resumed>)           = 0
3720105 tgkill(3720095, 3720114, SIGURG) = 0
3720081 tgkill(3720076, 3720092, SIGURG) = 0
3720105 tgkill(3720095, 3720114, SIGURG) = 0
3720081 tgkill(3720076, 3720092, SIGURG) = 0
3720081 tgkill(3720076, 3720092, SIGURG) = 0
3720105 tgkill(3720095, 3720114, SIGURG) = 0
3720081 tgkill(3720076, 3720092, SIGURG) = 0
3720206 tgkill(3720205, 3720211, SIGURG) = 0
3720071 tgkill(3720070, 3720176, SIGURG) = 0
3720089 tgkill(3720077, 3720090, SIGURG) = 0
3720089 tgkill(3720077, 3720090, SIGURG) = 0
3720089 tgkill(3720077, 3720090, SIGURG) = 0
3720081 tgkill(3720076, 3720092, SIGURG) = 0
3720105 tgkill(3720095, 3720114, SIGURG) = 0
3720071 tgkill(3720070, 3720176, SIGURG) = 0
3720071 tgkill(3720070, 3720176, SIGURG) = 0
3720071 tgkill(3720070, 3720176, SIGURG) = 0
3720071 tgkill(3720070, 3720176, SIGURG <unfinished ...>
3720089 tgkill(3720077, 3720090, SIGURG) = 0
3720081 tgkill(3720076, 3720092, SIGURG <unfinished ...>
3720071 <... tgkill resumed>)           = 0
3720206 tgkill(3720205, 3720211, SIGURG <unfinished ...>
3720081 <... tgkill resumed>)           = 0
3720206 <... tgkill resumed>)           = 0
3720081 tgkill(3720076, 3720092, SIGURG <unfinished ...>
3720089 tgkill(3720077, 3720090, SIGURG <unfinished ...>
3720081 <... tgkill resumed>)           = 0
3720089 <... tgkill resumed>)           = 0
3720206 tgkill(3720205, 3720211, SIGURG) = 0
3720081 tgkill(3720076, 3720092, SIGURG) = 0
3720081 tgkill(3720076, 3720092, SIGURG) = 0
3720105 tgkill(3720095, 3720114, SIGURG) = 0
3720071 tgkill(3720070, 3720176, SIGURG) = 0
3720206 tgkill(3720205, 3720211, SIGURG <unfinished ...>
3720089 tgkill(3720077, 3720090, SIGURG <unfinished ...>
3720206 <... tgkill resumed>)           = 0
3720089 <... tgkill resumed>)           = 0
3720206 tgkill(3720205, 3720211, SIGURG) = 0
3720081 tgkill(3720076, 3720092, SIGURG) = 0
3720081 tgkill(3720076, 3720092, SIGURG) = 0
3720089 tgkill(3720077, 3720090, SIGURG) = 0
3720071 tgkill(3720070, 3720176, SIGURG) = 0
3720105 tgkill(3720095, 3720114, SIGURG) = 0
3720081 tgkill(3720076, 3720092, SIGURG) = 0
3720081 tgkill(3720076, 3720092, SIGURG) = 0
3720071 tgkill(3720070, 3720176, SIGURG) = 0
3720071 tgkill(3720070, 3720176, SIGURG) = 0
3720089 tgkill(3720077, 3720090, SIGURG) = 0
3720089 tgkill(3720077, 3720090, SIGURG) = 0
3720089 tgkill(3720077, 3720090, SIGURG) = 0
3720206 tgkill(3720205, 3720211, SIGURG) = 0
3720206 tgkill(3720205, 3720211, SIGURG) = 0
3720206 tgkill(3720205, 3720211, SIGURG) = 0
3720206 tgkill(3720205, 3720211, SIGURG) = 0
3720105 tgkill(3720095, 3720114, SIGURG) = 0
3720071 tgkill(3720070, 3720176, SIGURG) = 0
3720206 tgkill(3720205, 3720211, SIGURG) = 0
3720089 tgkill(3720077, 3720090, SIGURG) = 0
3720105 tgkill(3720095, 3720114, SIGURG) = 0
3720081 tgkill(3720076, 3720092, SIGURG) = 0
3720081 tgkill(3720076, 3720092, SIGURG) = 0
3720081 tgkill(3720076, 3720092, SIGURG) = 0
3720081 tgkill(3720076, 3720092, SIGURG) = 0
3720081 tgkill(3720076, 3720092, SIGURG) = 0
3720081 tgkill(3720076, 3720092, SIGURG) = 0
3720206 tgkill(3720205, 3720211, SIGURG) = 0
3720071 tgkill(3720070, 3720176, SIGURG) = 0
3720071 tgkill(3720070, 3720176, SIGURG) = 0
3720071 tgkill(3720070, 3720176, SIGURG) = 0
3720071 tgkill(3720070, 3720176, SIGURG) = 0
3720071 tgkill(3720070, 3720176, SIGURG) = 0
3720071 tgkill(3720070, 3720176, SIGURG) = 0
3720071 tgkill(3720070, 3720176, SIGURG) = 0
3720206 tgkill(3720205, 3720211, SIGURG <unfinished ...>
3720081 tgkill(3720076, 3720092, SIGURG <unfinished ...>
3720206 <... tgkill resumed>)           = 0
3720081 <... tgkill resumed>)           = 0
3720081 tgkill(3720076, 3720092, SIGURG) = 0
3720105 tgkill(3720095, 3720114, SIGURG) = 0
3720081 tgkill(3720076, 3720092, SIGURG) = 0
3720081 tgkill(3720076, 3720092, SIGURG) = 0
3720071 tgkill(3720070, 3720176, SIGURG) = 0
3720071 tgkill(3720070, 3720176, SIGURG) = 0
3720071 tgkill(3720070, 3720176, SIGURG) = 0
3720089 tgkill(3720077, 3720090, SIGURG) = 0
3720089 tgkill(3720077, 3720090, SIGURG) = 0
3720089 tgkill(3720077, 3720090, SIGURG) = 0
3720089 tgkill(3720077, 3720090, SIGURG) = 0
3720089 tgkill(3720077, 3720090, SIGURG) = 0
3720089 tgkill(3720077, 3720090, SIGURG) = 0
3720089 tgkill(3720077, 3720090, SIGURG) = 0
3720206 tgkill(3720205, 3720211, SIGURG) = 0
3720089 tgkill(3720077, 3720090, SIGURG <unfinished ...>
3720071 tgkill(3720070, 3720176, SIGURG <unfinished ...>
3720089 <... tgkill resumed>)           = 0
3720071 <... tgkill resumed>)           = 0
3720206 tgkill(3720205, 3720211, SIGURG) = 0
3720105 tgkill(3720095, 3720114, SIGURG) = 0
3720081 tgkill(3720076, 3720092, SIGURG) = 0
3720081 tgkill(3720076, 3720092, SIGURG) = 0
3720081 tgkill(3720076, 3720092, SIGURG) = 0
3720081 tgkill(3720076, 3720092, SIGURG) = 0
3720081 tgkill(3720076, 3720092, SIGURG) = 0
3720081 tgkill(3720076, 3720092, SIGURG) = 0
3720071 tgkill(3720070, 3720176, SIGURG) = 0
3720089 tgkill(3720077, 3720090, SIGURG) = 0
3720089 tgkill(3720077, 3720090, SIGURG) = 0
3720206 tgkill(3720205, 3720211, SIGURG) = 0
3720071 tgkill(3720070, 3720176, SIGURG) = 0
3720105 tgkill(3720095, 3720114, SIGURG) = 0
3720089 tgkill(3720077, 3720090, SIGURG) = 0
3720089 tgkill(3720077, 3720090, SIGURG <unfinished ...>
3720105 tgkill(3720095, 3720114, SIGURG <unfinished ...>
3720089 <... tgkill resumed>)           = 0
3720105 <... tgkill resumed>)           = 0
3720089 tgkill(3720077, 3720090, SIGURG) = 0
3720105 tgkill(3720095, 3720114, SIGURG <unfinished ...>
3720081 tgkill(3720076, 3720092, SIGURG <unfinished ...>
3720105 <... tgkill resumed>)           = 0
3720081 <... tgkill resumed>)           = 0
3720105 tgkill(3720095, 3720114, SIGURG) = 0
3720081 tgkill(3720076, 3720092, SIGURG) = 0
3720105 tgkill(3720095, 3720114, SIGURG <unfinished ...>
3720081 tgkill(3720076, 3720092, SIGURG <unfinished ...>
3720105 <... tgkill resumed>)           = 0
3720081 <... tgkill resumed>)           = 0
3720105 tgkill(3720095, 3720114, SIGURG <unfinished ...>
3720081 tgkill(3720076, 3720092, SIGURG <unfinished ...>
3720105 <... tgkill resumed>)           = 0
3720081 <... tgkill resumed>)           = 0
3720206 tgkill(3720205, 3720211, SIGURG) = 0
3720071 tgkill(3720070, 3720176, SIGURG) = 0
3720089 tgkill(3720077, 3720090, SIGURG) = 0
3720081 tgkill(3720076, 3720092, SIGURG) = 0
3720206 tgkill(3720205, 3720211, SIGURG <unfinished ...>
3720071 tgkill(3720070, 3720176, SIGURG <unfinished ...>
3720206 <... tgkill resumed>)           = 0
3720071 <... tgkill resumed>)           = 0
3720206 tgkill(3720205, 3720211, SIGURG) = 0
3720071 tgkill(3720070, 3720176, SIGURG) = 0
3720206 tgkill(3720205, 3720211, SIGURG) = 0
3720071 tgkill(3720070, 3720176, SIGURG) = 0
3720071 tgkill(3720070, 3720176, SIGURG) = 0
3720206 tgkill(3720205, 3720211, SIGURG) = 0
3720071 tgkill(3720070, 3720176, SIGURG) = 0
3720206 tgkill(3720205, 3720211, SIGURG) = 0
3720071 tgkill(3720070, 3720176, SIGURG) = 0
3720089 tgkill(3720077, 3720090, SIGURG) = 0
3720089 tgkill(3720077, 3720090, SIGURG) = 0
3720089 tgkill(3720077, 3720090, SIGURG) = 0
3720089 tgkill(3720077, 3720090, SIGURG) = 0
3720089 tgkill(3720077, 3720090, SIGURG) = 0
3720089 tgkill(3720077, 3720090, SIGURG) = 0
3720105 tgkill(3720095, 3720114, SIGURG) = 0
3720206 tgkill(3720205, 3720211, SIGURG) = 0
3720081 tgkill(3720076, 3720092, SIGURG) = 0
3720105 tgkill(3720095, 3720114, SIGURG) = 0
3720081 tgkill(3720076, 3720092, SIGURG) = 0
3720105 tgkill(3720095, 3720114, SIGURG) = 0
3720071 tgkill(3720070, 3720176, SIGURG) = 0
3720105 tgkill(3720095, 3720114, SIGURG) = 0
3720105 tgkill(3720095, 3720114, SIGURG) = 0
3720071 tgkill(3720070, 3720176, SIGURG) = 0
3720105 tgkill(3720095, 3720114, SIGURG) = 0
3720105 tgkill(3720095, 3720114, SIGURG) = 0
3720089 tgkill(3720077, 3720090, SIGURG) = 0
3720206 tgkill(3720205, 3720211, SIGURG <unfinished ...>
3720089 tgkill(3720077, 3720090, SIGURG <unfinished ...>
3720206 <... tgkill resumed>)           = 0
3720089 <... tgkill resumed>)           = 0
3720089 tgkill(3720077, 3720090, SIGURG) = 0
3720089 tgkill(3720077, 3720090, SIGURG) = 0
3720081 tgkill(3720076, 3720092, SIGURG) = 0
3720081 tgkill(3720076, 3720092, SIGURG) = 0
3720081 tgkill(3720076, 3720092, SIGURG) = 0
3720081 tgkill(3720076, 3720092, SIGURG) = 0
3720071 tgkill(3720070, 3720176, SIGURG) = 0
3720105 tgkill(3720095, 3720114, SIGURG) = 0
3720206 tgkill(3720205, 3720211, SIGURG) = 0
3720206 tgkill(3720205, 3720211, SIGURG) = 0
3720206 tgkill(3720205, 3720211, SIGURG) = 0
3720206 tgkill(3720205, 3720211, SIGURG) = 0
3720081 tgkill(3720076, 3720092, SIGURG) = 0
3720206 tgkill(3720205, 3720211, SIGURG) = 0
3720206 tgkill(3720205, 3720211, SIGURG) = 0
3720071 tgkill(3720070, 3720176, SIGURG) = 0
3720071 tgkill(3720070, 3720176, SIGURG <unfinished ...>
3720105 tgkill(3720095, 3720114, SIGURG <unfinished ...>
3720071 <... tgkill resumed>)           = 0
3720105 <... tgkill resumed>)           = 0
3720081 tgkill(3720076, 3720092, SIGURG) = 0
3720206 tgkill(3720205, 3720211, SIGURG) = 0
3720089 tgkill(3720077, 3720090, SIGURG) = 0
3720089 tgkill(3720077, 3720090, SIGURG) = 0
3720089 tgkill(3720077, 3720090, SIGURG) = 0
3720071 tgkill(3720070, 3720176, SIGURG) = 0
3720081 tgkill(3720076, 3720092, SIGURG) = 0
3720105 tgkill(3720095, 3720114, SIGURG) = 0
3720206 tgkill(3720205, 3720211, SIGURG) = 0
3720089 tgkill(3720077, 3720090, SIGURG) = 0
3720089 tgkill(3720077, 3720090, SIGURG) = 0
3720089 tgkill(3720077, 3720090, SIGURG) = 0
3720206 tgkill(3720205, 3720211, SIGURG) = 0
3720071 tgkill(3720070, 3720176, SIGURG) = 0
3720105 tgkill(3720095, 3720114, SIGURG) = 0
3720081 tgkill(3720076, 3720092, SIGURG) = 0
3720105 tgkill(3720095, 3720114, SIGURG) = 0
3720105 tgkill(3720095, 3720114, SIGURG) = 0
3720105 tgkill(3720095, 3720114, SIGURG) = 0
3720105 tgkill(3720095, 3720114, SIGURG) = 0
3720105 tgkill(3720095, 3720114, SIGURG) = 0
3720105 tgkill(3720095, 3720114, SIGURG) = 0
3720105 tgkill(3720095, 3720114, SIGURG) = 0
3720105 tgkill(3720095, 3720114, SIGURG) = 0
3720105 tgkill(3720095, 3720114, SIGURG) = 0
3720081 tgkill(3720076, 3720092, SIGURG) = 0
3720105 tgkill(3720095, 3720114, SIGURG) = 0
3720206 tgkill(3720205, 3720211, SIGURG) = 0
3720089 tgkill(3720077, 3720090, SIGURG) = 0
3720089 tgkill(3720077, 3720090, SIGURG) = 0
3720089 tgkill(3720077, 3720090, SIGURG) = 0
3720071 tgkill(3720070, 3720176, SIGURG) = 0
3720071 tgkill(3720070, 3720176, SIGURG) = 0
3720071 tgkill(3720070, 3720176, SIGURG) = 0
3720071 tgkill(3720070, 3720176, SIGURG) = 0
3720081 tgkill(3720076, 3720092, SIGURG) = 0
3720071 tgkill(3720070, 3720176, SIGURG) = 0
3720206 tgkill(3720205, 3720211, SIGURG) = 0
3720105 tgkill(3720095, 3720114, SIGURG) = 0
3720105 tgkill(3720095, 3720114, SIGURG) = 0
3720105 tgkill(3720095, 3720114, SIGURG) = 0
3720081 tgkill(3720076, 3720092, SIGURG <unfinished ...>
3720089 tgkill(3720077, 3720090, SIGURG <unfinished ...>
3720081 <... tgkill resumed>)           = 0
3720089 <... tgkill resumed>)           = 0
3720071 tgkill(3720070, 3720176, SIGURG) = 0
3720071 tgkill(3720070, 3720176, SIGURG) = 0
3720081 tgkill(3720076, 3720092, SIGURG) = 0
3720081 tgkill(3720076, 3720092, SIGURG) = 0
3720081 tgkill(3720076, 3720092, SIGURG) = 0
3720081 tgkill(3720076, 3720092, SIGURG) = 0
3720206 tgkill(3720205, 3720211, SIGURG <unfinished ...>
3720105 tgkill(3720095, 3720114, SIGURG <unfinished ...>
3720206 <... tgkill resumed>)           = 0
3720105 <... tgkill resumed>)           = 0
3720089 tgkill(3720077, 3720090, SIGURG) = 0
3720089 tgkill(3720077, 3720090, SIGURG) = 0
3720071 tgkill(3720070, 3720176, SIGURG) = 0
3720071 tgkill(3720070, 3720176, SIGURG) = 0
3720071 tgkill(3720070, 3720176, SIGURG) = 0
3720071 tgkill(3720070, 3720176, SIGURG) = 0
3720081 tgkill(3720076, 3720092, SIGURG) = 0
3720081 tgkill(3720076, 3720092, SIGURG) = 0
3720081 tgkill(3720076, 3720092, SIGURG) = 0
3720206 tgkill(3720205, 3720211, SIGURG) = 0
3720089 tgkill(3720077, 3720090, SIGURG) = 0
3720105 tgkill(3720095, 3720114, SIGURG) = 0
3720105 tgkill(3720095, 3720114, SIGURG) = 0
3720105 tgkill(3720095, 3720114, SIGURG) = 0
3720105 tgkill(3720095, 3720114, SIGURG) = 0
3720105 tgkill(3720095, 3720114, SIGURG) = 0
3720105 tgkill(3720095, 3720114, SIGURG) = 0
3720105 tgkill(3720095, 3720114, SIGURG) = 0
3720105 tgkill(3720095, 3720114, SIGURG) = 0
3720105 tgkill(3720095, 3720114, SIGURG) = 0
3720071 tgkill(3720070, 3720176, SIGURG) = 0
3720071 tgkill(3720070, 3720176, SIGURG <unfinished ...>
3720089 tgkill(3720077, 3720090, SIGURG <unfinished ...>
3720071 <... tgkill resumed>)           = 0
3720089 <... tgkill resumed>)           = 0
3720206 tgkill(3720205, 3720211, SIGURG) = 0
3720105 tgkill(3720095, 3720114, SIGURG) = 0
3720081 tgkill(3720076, 3720092, SIGURG) = 0
3720105 tgkill(3720095, 3720114, SIGURG) = 0
3720081 tgkill(3720076, 3720092, SIGURG) = 0
3720105 tgkill(3720095, 3720114, SIGURG) = 0
3720081 tgkill(3720076, 3720092, SIGURG) = 0
3720105 tgkill(3720095, 3720114, SIGURG) = 0
3720206 tgkill(3720205, 3720211, SIGURG) = 0
3720089 tgkill(3720077, 3720090, SIGURG) = 0
3720089 tgkill(3720077, 3720090, SIGURG) = 0
3720071 tgkill(3720070, 3720176, SIGURG) = 0
3720105 tgkill(3720095, 3720114, SIGURG) = 0
3720105 tgkill(3720095, 3720114, SIGURG) = 0
3720206 tgkill(3720205, 3720211, SIGURG) = 0
3720206 tgkill(3720205, 3720211, SIGURG) = 0
3720105 tgkill(3720095, 3720114, SIGURG) = 0
3720081 tgkill(3720076, 3720092, SIGURG) = 0
3720089 tgkill(3720077, 3720090, SIGURG) = 0
3720089 tgkill(3720077, 3720090, SIGURG) = 0
3720071 tgkill(3720070, 3720176, SIGURG) = 0
3720206 tgkill(3720205, 3720211, SIGURG) = 0
3720105 tgkill(3720095, 3720114, SIGURG) = 0
3720105 tgkill(3720095, 3720114, SIGURG) = 0
3720105 tgkill(3720095, 3720114, SIGURG) = 0
3720081 tgkill(3720076, 3720092, SIGURG) = 0
3720071 tgkill(3720070, 3720176, SIGURG) = 0
3720071 tgkill(3720070, 3720176, SIGURG) = 0
3720089 tgkill(3720077, 3720090, SIGURG) = 0
3720089 tgkill(3720077, 3720090, SIGURG) = 0
3720089 tgkill(3720077, 3720090, SIGURG) = 0
3720089 tgkill(3720077, 3720090, SIGURG) = 0
3720206 tgkill(3720205, 3720211, SIGURG) = 0
3720071 tgkill(3720070, 3720176, SIGURG) = 0
3720206 tgkill(3720205, 3720211, SIGURG) = 0
3720206 tgkill(3720205, 3720211, SIGURG) = 0
3720206 tgkill(3720205, 3720211, SIGURG) = 0
3720105 tgkill(3720095, 3720114, SIGURG) = 0
3720089 tgkill(3720077, 3720090, SIGURG) = 0
3720089 tgkill(3720077, 3720090, SIGURG) = 0
3720105 tgkill(3720095, 3720114, SIGURG) = 0
3720081 tgkill(3720076, 3720092, SIGURG) = 0
3720081 tgkill(3720076, 3720092, SIGURG) = 0
3720081 tgkill(3720076, 3720092, SIGURG) = 0
3720081 tgkill(3720076, 3720092, SIGURG) = 0
3720081 tgkill(3720076, 3720092, SIGURG) = 0
3720071 tgkill(3720070, 3720176, SIGURG) = 0
3720081 tgkill(3720076, 3720092, SIGURG) = 0
3720081 tgkill(3720076, 3720092, SIGURG) = 0
3720081 tgkill(3720076, 3720092, SIGURG) = 0
3720081 tgkill(3720076, 3720092, SIGURG <unfinished ...>
3720206 tgkill(3720205, 3720211, SIGURG <unfinished ...>
3720081 <... tgkill resumed>)           = 0
3720206 <... tgkill resumed>)           = 0
3720206 tgkill(3720205, 3720211, SIGURG) = 0
3720089 tgkill(3720077, 3720090, SIGURG) = 0
3720081 tgkill(3720076, 3720092, SIGURG) = 0
3720081 tgkill(3720076, 3720092, SIGURG) = 0
3720081 tgkill(3720076, 3720092, SIGURG) = 0
3720081 tgkill(3720076, 3720092, SIGURG) = 0
3720081 tgkill(3720076, 3720092, SIGURG) = 0
3720105 tgkill(3720095, 3720114, SIGURG) = 0
3720089 tgkill(3720077, 3720090, SIGURG) = 0
3720071 tgkill(3720070, 3720176, SIGURG) = 0
3720071 tgkill(3720070, 3720176, SIGURG) = 0
3720071 tgkill(3720070, 3720176, SIGURG) = 0
3720081 tgkill(3720076, 3720092, SIGURG) = 0
3720081 tgkill(3720076, 3720092, SIGURG) = 0
3720081 tgkill(3720076, 3720092, SIGURG) = 0
3720081 tgkill(3720076, 3720092, SIGURG) = 0
3720105 tgkill(3720095, 3720114, SIGURG) = 0
3720206 tgkill(3720205, 3720211, SIGURG <unfinished ...>
3720071 tgkill(3720070, 3720176, SIGURG <unfinished ...>
3720206 <... tgkill resumed>)           = 0
3720071 <... tgkill resumed>)           = 0
3720206 tgkill(3720205, 3720211, SIGURG <unfinished ...>
3720089 tgkill(3720077, 3720090, SIGURG <unfinished ...>
3720206 <... tgkill resumed>)           = 0
3720089 <... tgkill resumed>)           = 0
3720089 tgkill(3720077, 3720090, SIGURG) = 0
3720071 tgkill(3720070, 3720176, SIGURG) = 0
3720081 tgkill(3720076, 3720092, SIGURG) = 0
3720071 tgkill(3720070, 3720176, SIGURG) = 0
3720071 tgkill(3720070, 3720176, SIGURG) = 0
3720071 tgkill(3720070, 3720176, SIGURG) = 0
3720071 tgkill(3720070, 3720176, SIGURG) = 0
3720105 tgkill(3720095, 3720114, SIGURG) = 0
3720089 tgkill(3720077, 3720090, SIGURG) = 0
3720081 tgkill(3720076, 3720092, SIGURG) = 0
3720071 tgkill(3720070, 3720176, SIGURG) = 0
3720206 tgkill(3720205, 3720211, SIGURG) = 0
3720114 exit_group(0)                   = ?
3720174 +++ exited with 0 +++
3720117 +++ exited with 0 +++
3720114 +++ exited with 0 +++
3720113 +++ exited with 0 +++
3720109 +++ exited with 0 +++
3720108 +++ exited with 0 +++
3720107 +++ exited with 0 +++
3720106 +++ exited with 0 +++
3720105 +++ exited with 0 +++
3720095 +++ exited with 0 +++
3720042 <... waitid resumed>{si_signo=SIGCHLD, si_code=CLD_EXITED, si_pid=3720095, si_uid=1000, si_status=0, si_utime=0, si_stime=0}, WEXITED|WNOWAIT, NULL) = 0
3720042 wait4(3720095, [{WIFEXITED(s) && WEXITSTATUS(s) == 0}], 0, {ru_utime={tv_sec=6, tv_usec=521774}, ru_stime={tv_sec=2, tv_usec=852492}, ru_maxrss=59980, ru_ixrss=0, ru_idrss=0, ru_isrss=0, ru_minflt=5970, ru_majflt=2, ru_nswap=0, ru_inblock=439472, ru_oublock=758464, ru_msgsnd=0, ru_msgrcv=0, ru_nsignals=0, ru_nvcsw=392299, ru_nivcsw=50797}) = 3720095
3720089 tgkill(3720077, 3720090, SIGURG) = 0
3720081 tgkill(3720076, 3720092, SIGURG) = 0
3720081 tgkill(3720076, 3720092, SIGURG) = 0
3720080 clone(child_stack=NULL, flags=CLONE_VM|CLONE_VFORK|SIGCHLD <unfinished ...>
3720081 tgkill(3720076, 3720092, SIGURG) = 0
3720071 tgkill(3720070, 3720176, SIGURG) = 0
3720227 chdir("/home/judson/dev/h4la/incubator/incubator/shared-resources/ecs/.terragrunt-cache/3076793245") = 0
3720227 execve("/nix/store/b6ik2xnqnrgz6gbx420gq4p0if3v2w73-terraform-1.4.6/bin/terraform", ["terraform", "output", "-json"], ["phases=buildPhase", "COLORTERM=truecolor", "__structuredAttrs=", "depsBuildBuildPropagated=", "NIX_LDFLAGS=-rpath /home/judson/"..., "ALACRITTY_WINDOW_ID=6291458", "CREATE_TUNNELS=yes", "NIX_CFLAGS_COMPILE= -frandom-see"..., "NIX_CC_WRAPPER_TARGET_HOST_x86_6"..., "depsBuildTargetPropagated=", "SHLVL=2", "XDG_RUNTIME_DIR=/run/user/1000", "DESKTOP_SESSION=/nix/store/2fqxs"..., "LOCALE_ARCHIVE_2_27=/nix/store/j"..., "PYTHONNOUSERSITE=1", "NIX_BUILD_TOP=/tmp/nix-shell.SeB"..., "XDG_SESSION_TYPE=x11", "mesonFlags=", "KREW_ROOT=/home/judson/dev/YM/ti"..., "DIRENV_WATCHES=eJyk0L1urDAQxfF3c"..., "CONFIG_SHELL=/nix/store/rhvbjmcf"..., "SOURCE_DATE_EPOCH=315532800", "MANPATH=/home/judson/.nix-profil"..., "GIT_TEMPLATE_DIR=", "TEMPDIR=/tmp/nix-shell.SeBFdG", "XDG_DATA_DIRS=/nix/store/ywwjpdy"..., "OBJCOPY=objcopy", "BROWSER=google-chrome-stable", "XDG_SESSION_PATH=/org/freedeskto"..., "INFOPATH=/home/judson/.nix-profi"..., "BAT_THEME=ansi", "NIX_ENFORCE_NO_NATIVE=1", "strictDeps=", "PASSWORD_STORE_X_SELECTION=prima"..., "GIT_SSH=ssh", "TASKRC=/home/judson/dev/YM/tierz"..., "NIX_BUILD_CORES=4", "NIX_CC=/nix/store/7wkshj58fcsl1f"..., "origExtraClosure=", "READELF=readelf", "shellHook=", "LANG=en_US.UTF-8", "DIRENV_DIFF=eJzsfFlz3Di25l9R5NyH"..., "LS_COLORS=rs=0:di=01;34:ln=01;36"..., "QT_PLUGIN_PATH=/home/judson/.nix"..., "NIX_STORE=/nix/store", "CXX=g++", "NIX_HARDENING_ENABLE=fortify sta"..., "STRIP=strip", "XDG_SESSION_DESKTOP=none+xmonad", "XDG_VTNR=7", "XDG_SEAT=seat0", "depsBuildBuild=", "GOPATH=/home/judson/golang", "_fish_abbr_ta=task add project:Y"..., "SIZE=size", "out=/home/judson/dev/h4la/incuba"..., "depsHostHostPropagated=", "stdenv=/nix/store/37p8gq9zijbw6p"..., "_PYTHON_SYSCONFIGDATA_NAME=_sysc"..., "nativeBuildInputs=", "TMUX=/tmp/tmux-1000/default,3175"..., "origSystem=x86_64-linux", "XDG_CURRENT_DESKTOP=none+xmonad", "PYTHONHASHSEED=0", "__HM_SESS_VARS_SOURCED=1", "MOZ_PLUGIN_PATH=/home/judson/.ni"..., "TMUX_PANE=%180", "CMD_SECONDS=0.079", "NIX_USER_PROFILE_DIR=/nix/var/ni"..., "depsTargetTarget=", "DIRENV_DIR=-/home/judson/dev/h4l"..., "LESSKEYIN_SYSTEM=/nix/store/v5id"..., "OBJDUMP=objdump", "AWS_PROFILE=hfla", "propagatedBuildInputs=", "EDITOR=/home/judson/.nix-profile"..., "STRINGS=strings", "DIRENV_FILE=/home/judson/dev/h4l"..., "DETERMINISTIC_BUILD=1", "LESSOPEN=|/nix/store/crazpxcz4yq"..., "doCheck=", "NM=nm", "XAUTHORITY=/home/judson/.Xauthor"..., "SSH_AUTH_SOCK=/run/user/1000/gnu"..., "_PYTHON_HOST_PLATFORM=linux-x86_"..., "TERM=screen-256color", "NIXPKGS_CONFIG=/etc/nix/nixpkgs-"..., "name=nix-shell-env", "TEMP=/tmp/nix-shell.SeBFdG", "NIX_BINTOOLS_WRAPPER_TARGET_HOST"..., "QTWEBKIT_PLUGIN_PATH=/home/judso"..., "outputs=out", "CC=gcc", "__ETC_PROFILE_DONE=1", "S3_ACCESS_KEY=2NL6FZ3C7F5172O2OL"..., "__NIXOS_SET_ENVIRONMENT_DONE=1", "fish_color_search_match=normal -"..., "configureFlags=", "OLDPWD=/home/judson", "TERM_PROGRAM=tmux", "_fish_abbr_cfk9=env HTTPS_PROXY="..., "RIPGREP_CONFIG_PATH=/home/judson"..., "NIX_PATH=/home/judson/.nix-defex"..., "FZF_DEFAULT_COMMAND=rg --color n"..., "patches=", "builder=/nix/store/rhvbjmcfnkg8i"..., "SSH_ASKPASS=/nix/store/159sa0fy4"..., "LAST_STATUS=0", "USE_GKE_GCLOUD_AUTH_PLUGIN=True", "preferLocalBuild=1", "preHook=", "TERM_PROGRAM_VERSION=3.3a", "origPATH=", "LD=ld", "NIX_BINTOOLS=/nix/store/rbwalnmk"..., "LOGNAME=judson", "ALACRITTY_SOCKET=/run/user/1000/"..., "IN_NIX_SHELL=impure", "GTK_PATH=/home/judson/.nix-profi"..., "XDG_SEAT_PATH=/org/freedesktop/D"..., "XDG_CONFIG_DIRS=/etc/xdg:/home/j"..., "SLACK_CLI_TOKEN=xoxb-17515591328"..., "TMUX_SESSION_NAME=Incubator", "TERMINFO_DIRS=/home/judson/.nix-"..., "AS=as", "buildPhase={ echo \"-------------"..., "GTK_A11Y=none", "depsTargetTargetPropagated=", "cmakeFlags=", "dontAddDisableDepTrack=1", "GPG_AGENT_INFO=/tmp/gpg-KucIiP/S"..., "PATH=/nix/store/ywwjpdyhar4f3vcq"..., "CUPS_DATADIR=/nix/store/iwg3352q"..., "SHELL=/run/current-system/sw/bin"..., "MANPAGER=bat --style=plain", "propagatedNativeBuildInputs=", "LIBEXEC_PATH=/home/judson/.nix-p"..., "ALACRITTY_LOG=/tmp/Alacritty-217"..., "depsHostHost=", "depsBuildTarget=", "PWD=/home/judson/dev/h4la/incuba"..., "XDG_SESSION_ID=2", "HOST_PATH=/nix/store/g044pvzvs5c"..., "TZDIR=/etc/zoneinfo", "system=x86_64-linux", "XCURSOR_PATH=/home/judson/.icons"..., "origArgs=-e /nix/store/9krlzvny6"..., "doInstallCheck=", "shell=/nix/store/rhvbjmcfnkg8i2d"..., "DISPLAY=:0", "DOCKER_BUILDKIT=1", "NIX_REMOTE=daemon", "WINDOWID=109051906", "GOPRIVATE=github.com/ymeadows", "USER=judson", "XDG_SESSION_CLASS=user", "PYTHONPATH=/nix/store/g044pvzvs5"..., "DBUS_SESSION_BUS_ADDRESS=unix:pa"..., "GPG_TTY=/dev/pts/0", "NIX_PROFILES=/run/current-system"..., "TMPDIR=/tmp/nix-shell.SeBFdG", "AR=ar", "NO_AT_BRIDGE=1", "KDEDIRS=/home/judson/.nix-profil"..., "RANLIB=ranlib", "LOCALE_ARCHIVE=/run/current-syst"..., "PAGER=bat", "CLOUDFLARE_API_TOKEN=aBjBCySoL1u"..., "buildInputs=/nix/store/g044pvzvs"..., "HOME=/home/judson", "TMP=/tmp/nix-shell.SeBFdG"] <unfinished ...>
3720080 <... clone resumed>)            = 3720227
3720227 <... execve resumed>)           = 0
3720080 waitid(P_PID, 3720227,  <unfinished ...>
3720042 clone3({flags=CLONE_VM|CLONE_FS|CLONE_FILES|CLONE_SIGHAND|CLONE_THREAD|CLONE_SYSVSEM|CLONE_SETTLS|CLONE_PARENT_SETTID|CLONE_CHILD_CLEARTID, child_tid=0x7ff9e4e0b990, parent_tid=0x7ff9e4e0b990, exit_signal=0, stack=0x7ff9e460b000, stack_size=0x7fff80, tls=0x7ff9e4e0b6c0} => {parent_tid=[3720228]}, 88) = 3720228
3720227 clone3({flags=CLONE_VM|CLONE_FS|CLONE_FILES|CLONE_SIGHAND|CLONE_THREAD|CLONE_SYSVSEM|CLONE_SETTLS|CLONE_PARENT_SETTID|CLONE_CHILD_CLEARTID, child_tid=0x7f9852fcf990, parent_tid=0x7f9852fcf990, exit_signal=0, stack=0x7f98527cf000, stack_size=0x7fff80, tls=0x7f9852fcf6c0} => {parent_tid=[3720229]}, 88) = 3720229
3720227 clone3({flags=CLONE_VM|CLONE_FS|CLONE_FILES|CLONE_SIGHAND|CLONE_THREAD|CLONE_SYSVSEM|CLONE_SETTLS|CLONE_PARENT_SETTID|CLONE_CHILD_CLEARTID, child_tid=0x7f98527ce990, parent_tid=0x7f98527ce990, exit_signal=0, stack=0x7f9851fce000, stack_size=0x7fff80, tls=0x7f98527ce6c0} => {parent_tid=[3720230]}, 88) = 3720230
3720227 clone3({flags=CLONE_VM|CLONE_FS|CLONE_FILES|CLONE_SIGHAND|CLONE_THREAD|CLONE_SYSVSEM|CLONE_SETTLS|CLONE_PARENT_SETTID|CLONE_CHILD_CLEARTID, child_tid=0x7f9851fcd990, parent_tid=0x7f9851fcd990, exit_signal=0, stack=0x7f98517cd000, stack_size=0x7fff80, tls=0x7f9851fcd6c0} => {parent_tid=[3720231]}, 88) = 3720231
3720230 clone3({flags=CLONE_VM|CLONE_FS|CLONE_FILES|CLONE_SIGHAND|CLONE_THREAD|CLONE_SYSVSEM|CLONE_SETTLS|CLONE_PARENT_SETTID|CLONE_CHILD_CLEARTID, child_tid=0x7f985178c990, parent_tid=0x7f985178c990, exit_signal=0, stack=0x7f9850f8c000, stack_size=0x7fff80, tls=0x7f985178c6c0} => {parent_tid=[3720232]}, 88) = 3720232
3720227 clone3({flags=CLONE_VM|CLONE_FS|CLONE_FILES|CLONE_SIGHAND|CLONE_THREAD|CLONE_SYSVSEM|CLONE_SETTLS|CLONE_PARENT_SETTID|CLONE_CHILD_CLEARTID, child_tid=0x7f9850f8b990, parent_tid=0x7f9850f8b990, exit_signal=0, stack=0x7f985078b000, stack_size=0x7fff80, tls=0x7f9850f8b6c0} => {parent_tid=[3720233]}, 88) = 3720233
3720232 clone3({flags=CLONE_VM|CLONE_FS|CLONE_FILES|CLONE_SIGHAND|CLONE_THREAD|CLONE_SYSVSEM|CLONE_SETTLS|CLONE_PARENT_SETTID|CLONE_CHILD_CLEARTID, child_tid=0x7f983bfff990, parent_tid=0x7f983bfff990, exit_signal=0, stack=0x7f983b7ff000, stack_size=0x7fff80, tls=0x7f983bfff6c0} => {parent_tid=[3720234]}, 88) = 3720234
3720227 tgkill(3720227, 3720232, SIGURG) = 0
3720230 tgkill(3720227, 3720227, SIGURG) = 0
3720227 clone3({flags=CLONE_VM|CLONE_FS|CLONE_FILES|CLONE_SIGHAND|CLONE_THREAD|CLONE_SYSVSEM|CLONE_SETTLS|CLONE_PARENT_SETTID|CLONE_CHILD_CLEARTID, child_tid=0x7f983b7fe990, parent_tid=0x7f983b7fe990, exit_signal=0, stack=0x7f983affe000, stack_size=0x7fff80, tls=0x7f983b7fe6c0} => {parent_tid=[3720235]}, 88) = 3720235
3720229 tgkill(3720227, 3720230, SIGURG) = 0
3720089 tgkill(3720077, 3720090, SIGURG) = 0
3720081 tgkill(3720076, 3720092, SIGURG) = 0
3720081 tgkill(3720076, 3720092, SIGURG) = 0
3720071 tgkill(3720070, 3720176, SIGURG) = 0
3720206 tgkill(3720205, 3720211, SIGURG <unfinished ...>
3720071 tgkill(3720070, 3720176, SIGURG <unfinished ...>
3720206 <... tgkill resumed>)           = 0
3720071 <... tgkill resumed>)           = 0
3720232 tgkill(3720227, 3720227, SIGURG) = 0
3720232 tgkill(3720227, 3720227, SIGURG) = 0
3720232 tgkill(3720227, 3720227, SIGURG) = 0
3720089 tgkill(3720077, 3720090, SIGURG) = 0
3720089 tgkill(3720077, 3720090, SIGURG) = 0
3720081 tgkill(3720076, 3720092, SIGURG) = 0
3720206 tgkill(3720205, 3720211, SIGURG <unfinished ...>
3720081 tgkill(3720076, 3720092, SIGURG <unfinished ...>
3720206 <... tgkill resumed>)           = 0
3720081 <... tgkill resumed>)           = 0
3720089 tgkill(3720077, 3720090, SIGURG) = 0
3720071 tgkill(3720070, 3720176, SIGURG) = 0
3720071 tgkill(3720070, 3720176, SIGURG) = 0
3720071 tgkill(3720070, 3720176, SIGURG) = 0
3720071 tgkill(3720070, 3720176, SIGURG) = 0
3720071 tgkill(3720070, 3720176, SIGURG) = 0
3720229 tgkill(3720227, 3720227, SIGURG) = 0
3720227 getcwd("/home/judson/dev/h4la/incubator/incubator/shared-resources/ecs/.terragrunt-cache/3076793245", 4096) = 92
3720071 tgkill(3720070, 3720176, SIGURG) = 0
3720234 getcwd("/home/judson/dev/h4la/incubator/incubator/shared-resources/ecs/.terragrunt-cache/3076793245", 4096) = 92
3720081 tgkill(3720076, 3720092, SIGURG) = 0
3720206 tgkill(3720205, 3720211, SIGURG) = 0
3720229 tgkill(3720227, 3720234, SIGURG) = 0
3720206 tgkill(3720205, 3720211, SIGURG) = 0
3720081 tgkill(3720076, 3720092, SIGURG) = 0
3720071 tgkill(3720070, 3720176, SIGURG <unfinished ...>
3720232 tgkill(3720227, 3720234, SIGURG <unfinished ...>
3720071 <... tgkill resumed>)           = 0
3720232 <... tgkill resumed>)           = 0
3720234 tgkill(3720227, 3720232, SIGURG <unfinished ...>
3720230 clone3({flags=CLONE_VM|CLONE_FS|CLONE_FILES|CLONE_SIGHAND|CLONE_THREAD|CLONE_SYSVSEM|CLONE_SETTLS|CLONE_PARENT_SETTID|CLONE_CHILD_CLEARTID, child_tid=0x7f983affd990, parent_tid=0x7f983affd990, exit_signal=0, stack=0x7f983a7fd000, stack_size=0x7fff80, tls=0x7f983affd6c0} <unfinished ...>
3720234 <... tgkill resumed>)           = 0
3720089 tgkill(3720077, 3720090, SIGURG <unfinished ...>
3720230 <... clone3 resumed> => {parent_tid=[3720236]}, 88) = 3720236
3720089 <... tgkill resumed>)           = 0
3720234 tgkill(3720227, 3720232, SIGURG) = 0
3720234 tgkill(3720227, 3720232, SIGURG) = 0
3720234 tgkill(3720227, 3720232, SIGURG) = 0
3720234 tgkill(3720227, 3720232, SIGURG) = 0
3720234 tgkill(3720227, 3720232, SIGURG) = 0
3720206 tgkill(3720205, 3720211, SIGURG) = 0
3720081 tgkill(3720076, 3720092, SIGURG) = 0
3720089 tgkill(3720077, 3720090, SIGURG <unfinished ...>
3720071 tgkill(3720070, 3720176, SIGURG <unfinished ...>
3720089 <... tgkill resumed>)           = 0
3720071 <... tgkill resumed>)           = 0
3720089 tgkill(3720077, 3720090, SIGURG) = 0
3720071 tgkill(3720070, 3720176, SIGURG) = 0
3720089 tgkill(3720077, 3720090, SIGURG) = 0
3720071 tgkill(3720070, 3720176, SIGURG) = 0
3720089 tgkill(3720077, 3720090, SIGURG) = 0
3720089 tgkill(3720077, 3720090, SIGURG) = 0
3720071 tgkill(3720070, 3720176, SIGURG) = 0
3720071 tgkill(3720070, 3720176, SIGURG) = 0
3720081 tgkill(3720076, 3720092, SIGURG) = 0
3720206 tgkill(3720205, 3720211, SIGURG) = 0
